../Drivers/CMSIS/Include/core_cm3.h:1762:34:__NVIC_SystemReset	1
../Core/Src/main.c:115:6:LCD_SendInternal	1
../Core/Src/main.c:130:6:LCD_SendCmd	1
../Core/Src/main.c:135:6:LCD_SendData	1
../Core/Src/main.c:140:6:LCD_Init	1
../Core/Src/main.c:165:6:LCD_SetCursor	5
../Core/Src/main.c:191:6:LCD_Print	2
../Core/Src/main.c:199:6:LCD_Clear	1
../Core/Src/main.c:205:6:LCD_PrintStatus	1
../Core/Src/main.c:224:5:main	7
../Core/Src/main.c:315:6:SystemClock_Config	3
../Core/Src/main.c:354:6:LD2Flip	2
../Core/Src/main.c:370:6:SetBootFlag	2
../Core/Src/main.c:383:6:SendFirmwareStartedMessage	3
../Core/Src/main.c:402:6:NVIC_Config	1
../Core/Src/main.c:408:6:ProcessFirmwareSizeMessage	2
../Core/Src/main.c:421:6:HAL_CAN_RxFifo0MsgPendingCallback	9
../Core/Src/main.c:450:6:EraseFlashMemory	1
../Core/Src/main.c:472:6:StartFirmwareUpdate	2
../Core/Src/main.c:490:6:SendInactivePartitionAddress	3
../Core/Src/main.c:514:6:SendUpdateState	4
../Core/Src/main.c:536:9:MessageBufferIsFull	1
../Core/Src/main.c:541:9:MessageBufferIsEmpty	1
../Core/Src/main.c:546:6:MessageBufferPut	2
../Core/Src/main.c:556:6:MessageBufferGet	2
../Core/Src/main.c:566:6:FirmwareUpdateStateMachine	12
../Core/Src/main.c:656:6:Error_Handler	0
