../Drivers/CMSIS/Include/core_cm3.h:1762:34:__NVIC_SystemReset	4	static,ignoring_inline_asm
../Core/Src/main.c:115:6:LCD_SendInternal	32	static
../Core/Src/main.c:130:6:LCD_SendCmd	16	static
../Core/Src/main.c:135:6:LCD_SendData	16	static
../Core/Src/main.c:140:6:LCD_Init	8	static
../Core/Src/main.c:165:6:LCD_SetCursor	24	static
../Core/Src/main.c:191:6:LCD_Print	16	static
../Core/Src/main.c:199:6:LCD_Clear	8	static
../Core/Src/main.c:205:6:LCD_PrintStatus	16	static
../Core/Src/main.c:224:5:main	56	static
../Core/Src/main.c:315:6:SystemClock_Config	80	static
../Core/Src/main.c:354:6:LD2Flip	8	static
../Core/Src/main.c:370:6:SetBootFlag	16	static
../Core/Src/main.c:383:6:SendFirmwareStartedMessage	8	static
../Core/Src/main.c:402:6:NVIC_Config	8	static
../Core/Src/main.c:408:6:ProcessFirmwareSizeMessage	16	static
../Core/Src/main.c:421:6:HAL_CAN_RxFifo0MsgPendingCallback	56	static
../Core/Src/main.c:450:6:EraseFlashMemory	32	static
../Core/Src/main.c:472:6:StartFirmwareUpdate	8	static
../Core/Src/main.c:490:6:SendInactivePartitionAddress	16	static
../Core/Src/main.c:514:6:SendUpdateState	8	static
../Core/Src/main.c:536:9:MessageBufferIsFull	4	static
../Core/Src/main.c:541:9:MessageBufferIsEmpty	4	static
../Core/Src/main.c:546:6:MessageBufferPut	24	static
../Core/Src/main.c:556:6:MessageBufferGet	24	static
../Core/Src/main.c:566:6:FirmwareUpdateStateMachine	64	static
../Core/Src/main.c:656:6:Error_Handler	8	static,ignoring_inline_asm
