Archive member included to satisfy reference by file (symbol)

C:/ST/STM32CubeIDE_1.17.0/STM32CubeIDE/plugins/com.st.stm32cube.ide.mcu.externaltools.gnu-tools-for-stm32.14.3.rel1.win32_1.0.100.202602081740/tools/bin/../lib/gcc/arm-none-eabi/14.3.1/../../../../arm-none-eabi/lib/thumb/v7-m/nofp\libc_nano.a(libc_a-exit.o)
                              C:/ST/STM32CubeIDE_1.17.0/STM32CubeIDE/plugins/com.st.stm32cube.ide.mcu.externaltools.gnu-tools-for-stm32.14.3.rel1.win32_1.0.100.202602081740/tools/bin/../lib/gcc/arm-none-eabi/14.3.1/../../../../arm-none-eabi/lib/thumb/v7-m/nofp/crt0.o (exit)
C:/ST/STM32CubeIDE_1.17.0/STM32CubeIDE/plugins/com.st.stm32cube.ide.mcu.externaltools.gnu-tools-for-stm32.14.3.rel1.win32_1.0.100.202602081740/tools/bin/../lib/gcc/arm-none-eabi/14.3.1/../../../../arm-none-eabi/lib/thumb/v7-m/nofp\libc_nano.a(libc_a-findfp.o)
                              C:/ST/STM32CubeIDE_1.17.0/STM32CubeIDE/plugins/com.st.stm32cube.ide.mcu.externaltools.gnu-tools-for-stm32.14.3.rel1.win32_1.0.100.202602081740/tools/bin/../lib/gcc/arm-none-eabi/14.3.1/../../../../arm-none-eabi/lib/thumb/v7-m/nofp\libc_nano.a(libc_a-exit.o) (__stdio_exit_handler)
C:/ST/STM32CubeIDE_1.17.0/STM32CubeIDE/plugins/com.st.stm32cube.ide.mcu.externaltools.gnu-tools-for-stm32.14.3.rel1.win32_1.0.100.202602081740/tools/bin/../lib/gcc/arm-none-eabi/14.3.1/../../../../arm-none-eabi/lib/thumb/v7-m/nofp\libc_nano.a(libc_a-fwalk.o)
                              C:/ST/STM32CubeIDE_1.17.0/STM32CubeIDE/plugins/com.st.stm32cube.ide.mcu.externaltools.gnu-tools-for-stm32.14.3.rel1.win32_1.0.100.202602081740/tools/bin/../lib/gcc/arm-none-eabi/14.3.1/../../../../arm-none-eabi/lib/thumb/v7-m/nofp\libc_nano.a(libc_a-findfp.o) (_fwalk_sglue)
C:/ST/STM32CubeIDE_1.17.0/STM32CubeIDE/plugins/com.st.stm32cube.ide.mcu.externaltools.gnu-tools-for-stm32.14.3.rel1.win32_1.0.100.202602081740/tools/bin/../lib/gcc/arm-none-eabi/14.3.1/../../../../arm-none-eabi/lib/thumb/v7-m/nofp\libc_nano.a(libc_a-stdio.o)
                              C:/ST/STM32CubeIDE_1.17.0/STM32CubeIDE/plugins/com.st.stm32cube.ide.mcu.externaltools.gnu-tools-for-stm32.14.3.rel1.win32_1.0.100.202602081740/tools/bin/../lib/gcc/arm-none-eabi/14.3.1/../../../../arm-none-eabi/lib/thumb/v7-m/nofp\libc_nano.a(libc_a-findfp.o) (__sread)
C:/ST/STM32CubeIDE_1.17.0/STM32CubeIDE/plugins/com.st.stm32cube.ide.mcu.externaltools.gnu-tools-for-stm32.14.3.rel1.win32_1.0.100.202602081740/tools/bin/../lib/gcc/arm-none-eabi/14.3.1/../../../../arm-none-eabi/lib/thumb/v7-m/nofp\libc_nano.a(libc_a-memcmp.o)
                              ./Core/Src/main.o (memcmp)
C:/ST/STM32CubeIDE_1.17.0/STM32CubeIDE/plugins/com.st.stm32cube.ide.mcu.externaltools.gnu-tools-for-stm32.14.3.rel1.win32_1.0.100.202602081740/tools/bin/../lib/gcc/arm-none-eabi/14.3.1/../../../../arm-none-eabi/lib/thumb/v7-m/nofp\libc_nano.a(libc_a-memset.o)
                              C:/ST/STM32CubeIDE_1.17.0/STM32CubeIDE/plugins/com.st.stm32cube.ide.mcu.externaltools.gnu-tools-for-stm32.14.3.rel1.win32_1.0.100.202602081740/tools/bin/../lib/gcc/arm-none-eabi/14.3.1/../../../../arm-none-eabi/lib/thumb/v7-m/nofp/crt0.o (memset)
C:/ST/STM32CubeIDE_1.17.0/STM32CubeIDE/plugins/com.st.stm32cube.ide.mcu.externaltools.gnu-tools-for-stm32.14.3.rel1.win32_1.0.100.202602081740/tools/bin/../lib/gcc/arm-none-eabi/14.3.1/../../../../arm-none-eabi/lib/thumb/v7-m/nofp\libc_nano.a(libc_a-closer.o)
                              C:/ST/STM32CubeIDE_1.17.0/STM32CubeIDE/plugins/com.st.stm32cube.ide.mcu.externaltools.gnu-tools-for-stm32.14.3.rel1.win32_1.0.100.202602081740/tools/bin/../lib/gcc/arm-none-eabi/14.3.1/../../../../arm-none-eabi/lib/thumb/v7-m/nofp\libc_nano.a(libc_a-stdio.o) (_close_r)
C:/ST/STM32CubeIDE_1.17.0/STM32CubeIDE/plugins/com.st.stm32cube.ide.mcu.externaltools.gnu-tools-for-stm32.14.3.rel1.win32_1.0.100.202602081740/tools/bin/../lib/gcc/arm-none-eabi/14.3.1/../../../../arm-none-eabi/lib/thumb/v7-m/nofp\libc_nano.a(libc_a-reent.o)
                              C:/ST/STM32CubeIDE_1.17.0/STM32CubeIDE/plugins/com.st.stm32cube.ide.mcu.externaltools.gnu-tools-for-stm32.14.3.rel1.win32_1.0.100.202602081740/tools/bin/../lib/gcc/arm-none-eabi/14.3.1/../../../../arm-none-eabi/lib/thumb/v7-m/nofp\libc_nano.a(libc_a-closer.o) (errno)
C:/ST/STM32CubeIDE_1.17.0/STM32CubeIDE/plugins/com.st.stm32cube.ide.mcu.externaltools.gnu-tools-for-stm32.14.3.rel1.win32_1.0.100.202602081740/tools/bin/../lib/gcc/arm-none-eabi/14.3.1/../../../../arm-none-eabi/lib/thumb/v7-m/nofp\libc_nano.a(libc_a-impure.o)
                              C:/ST/STM32CubeIDE_1.17.0/STM32CubeIDE/plugins/com.st.stm32cube.ide.mcu.externaltools.gnu-tools-for-stm32.14.3.rel1.win32_1.0.100.202602081740/tools/bin/../lib/gcc/arm-none-eabi/14.3.1/../../../../arm-none-eabi/lib/thumb/v7-m/nofp\libc_nano.a(libc_a-reent.o) (_impure_ptr)
[...]
Memory Configuration

Name             Origin             Length             Attributes
RAM              0x20000000         0x00005000         xrw
FLASH            0x08014000         0x0000c000         xrw
*default*        0x00000000         0xffffffff

Linker script and memory map

LOAD C:/ST/STM32CubeIDE_1.17.0/STM32CubeIDE/plugins/com.st.stm32cube.ide.mcu.externaltools.gnu-tools-for-stm32.14.3.rel1.win32_1.0.100.202602081740/tools/bin/../lib/gcc/arm-none-eabi/14.3.1/thumb/v7-m/nofp/crti.o
LOAD C:/ST/STM32CubeIDE_1.17.0/STM32CubeIDE/plugins/com.st.stm32cube.ide.mcu.externaltools.gnu-tools-for-stm32.14.3.rel1.win32_1.0.100.202602081740/tools/bin/../lib/gcc/arm-none-eabi/14.3.1/thumb/v7-m/nofp/crtbegin.o
LOAD C:/ST/STM32CubeIDE_1.17.0/STM32CubeIDE/plugins/com.st.stm32cube.ide.mcu.externaltools.gnu-tools-for-stm32.14.3.rel1.win32_1.0.100.202602081740/tools/bin/../lib/gcc/arm-none-eabi/14.3.1/../../../../arm-none-eabi/lib/thumb/v7-m/nofp/crt0.o
LOAD ./Core/Src/can.o
LOAD ./Core/Src/gpio.o
LOAD ./Core/Src/i2c.o
LOAD ./Core/Src/main.o
LOAD ./Core/Src/stm32f1xx_hal_msp.o
LOAD ./Core/Src/stm32f1xx_it.o
LOAD ./Core/Src/syscalls.o
LOAD ./Core/Src/sysmem.o
LOAD ./Core/Src/system_stm32f1xx.o
LOAD ./Core/Src/usart.o
LOAD ./Core/Startup/startup_stm32f103rbtx.o
LOAD ./Drivers/STM32F1xx_HAL_Driver/Src/stm32f1xx_hal.o
LOAD ./Drivers/STM32F1xx_HAL_Driver/Src/stm32f1xx_hal_can.o
LOAD ./Drivers/STM32F1xx_HAL_Driver/Src/stm32f1xx_hal_cortex.o
LOAD ./Drivers/STM32F1xx_HAL_Driver/Src/stm32f1xx_hal_dma.o
LOAD ./Drivers/STM32F1xx_HAL_Driver/Src/stm32f1xx_hal_exti.o
LOAD ./Drivers/STM32F1xx_HAL_Driver/Src/stm32f1xx_hal_flash.o
LOAD ./Drivers/STM32F1xx_HAL_Driver/Src/stm32f1xx_hal_flash_ex.o
LOAD ./Drivers/STM32F1xx_HAL_Driver/Src/stm32f1xx_hal_gpio.o
LOAD ./Drivers/STM32F1xx_HAL_Driver/Src/stm32f1xx_hal_gpio_ex.o
LOAD ./Drivers/STM32F1xx_HAL_Driver/Src/stm32f1xx_hal_i2c.o
LOAD ./Drivers/STM32F1xx_HAL_Driver/Src/stm32f1xx_hal_pwr.o
LOAD ./Drivers/STM32F1xx_HAL_Driver/Src/stm32f1xx_hal_rcc.o
LOAD ./Drivers/STM32F1xx_HAL_Driver/Src/stm32f1xx_hal_rcc_ex.o
LOAD ./Drivers/STM32F1xx_HAL_Driver/Src/stm32f1xx_hal_uart.o
START GROUP
LOAD C:/ST/STM32CubeIDE_1.17.0/STM32CubeIDE/plugins/com.st.stm32cube.ide.mcu.externaltools.gnu-tools-for-stm32.14.3.rel1.win32_1.0.100.202602081740/tools/bin/../lib/gcc/arm-none-eabi/14.3.1/../../../../arm-none-eabi/lib/thumb/v7-m/nofp\libc_nano.a
LOAD C:/ST/STM32CubeIDE_1.17.0/STM32CubeIDE/plugins/com.st.stm32cube.ide.mcu.externaltools.gnu-tools-for-stm32.14.3.rel1.win32_1.0.100.202602081740/tools/bin/../lib/gcc/arm-none-eabi/14.3.1/../../../../arm-none-eabi/lib/thumb/v7-m/nofp\libm.a
END GROUP
START GROUP
LOAD C:/ST/STM32CubeIDE_1.17.0/STM32CubeIDE/plugins/com.st.stm32cube.ide.mcu.externaltools.gnu-tools-for-stm32.14.3.rel1.win32_1.0.100.202602081740/tools/bin/../lib/gcc/arm-none-eabi/14.3.1/thumb/v7-m/nofp\libgcc.a
LOAD C:/ST/STM32CubeIDE_1.17.0/STM32CubeIDE/plugins/com.st.stm32cube.ide.mcu.externaltools.gnu-tools-for-stm32.14.3.rel1.win32_1.0.100.202602081740/tools/bin/../lib/gcc/arm-none-eabi/14.3.1/../../../../arm-none-eabi/lib/thumb/v7-m/nofp\libc_nano.a
END GROUP
START GROUP
LOAD C:/ST/STM32CubeIDE_1.17.0/STM32CubeIDE/plugins/com.st.stm32cube.ide.mcu.externaltools.gnu-tools-for-stm32.14.3.rel1.win32_1.0.100.202602081740/tools/bin/../lib/gcc/arm-none-eabi/14.3.1/thumb/v7-m/nofp\libgcc.a
LOAD C:/ST/STM32CubeIDE_1.17.0/STM32CubeIDE/plugins/com.st.stm32cube.ide.mcu.externaltools.gnu-tools-for-stm32.14.3.rel1.win32_1.0.100.202602081740/tools/bin/../lib/gcc/arm-none-eabi/14.3.1/../../../../arm-none-eabi/lib/thumb/v7-m/nofp\libc_nano.a
LOAD C:/ST/STM32CubeIDE_1.17.0/STM32CubeIDE/plugins/com.st.stm32cube.ide.mcu.externaltools.gnu-tools-for-stm32.14.3.rel1.win32_1.0.100.202602081740/tools/bin/../lib/gcc/arm-none-eabi/14.3.1/../../../../arm-none-eabi/lib/thumb/v7-m/nofp\libnosys.a
END GROUP
START GROUP
LOAD C:/ST/STM32CubeIDE_1.17.0/STM32CubeIDE/plugins/com.st.stm32cube.ide.mcu.externaltools.gnu-tools-for-stm32.14.3.rel1.win32_1.0.100.202602081740/tools/bin/../lib/gcc/arm-none-eabi/14.3.1/thumb/v7-m/nofp\libgcc.a
LOAD C:/ST/STM32CubeIDE_1.17.0/STM32CubeIDE/plugins/com.st.stm32cube.ide.mcu.externaltools.gnu-tools-for-stm32.14.3.rel1.win32_1.0.100.202602081740/tools/bin/../lib/gcc/arm-none-eabi/14.3.1/../../../../arm-none-eabi/lib/thumb/v7-m/nofp\libc_nano.a
LOAD C:/ST/STM32CubeIDE_1.17.0/STM32CubeIDE/plugins/com.st.stm32cube.ide.mcu.externaltools.gnu-tools-for-stm32.14.3.rel1.win32_1.0.100.202602081740/tools/bin/../lib/gcc/arm-none-eabi/14.3.1/../../../../arm-none-eabi/lib/thumb/v7-m/nofp\libnosys.a
END GROUP
LOAD C:/ST/STM32CubeIDE_1.17.0/STM32CubeIDE/plugins/com.st.stm32cube.ide.mcu.externaltools.gnu-tools-for-stm32.14.3.rel1.win32_1.0.100.202602081740/tools/bin/../lib/gcc/arm-none-eabi/14.3.1/thumb/v7-m/nofp/crtend.o
LOAD C:/ST/STM32CubeIDE_1.17.0/STM32CubeIDE/plugins/com.st.stm32cube.ide.mcu.externaltools.gnu-tools-for-stm32.14.3.rel1.win32_1.0.100.202602081740/tools/bin/../lib/gcc/arm-none-eabi/14.3.1/thumb/v7-m/nofp/crtn.o
                0x20005000                        _estack = (ORIGIN (RAM) + LENGTH (RAM))
                0x00000200                        _Min_Heap_Size = 0x200
                0x00000400                        _Min_Stack_Size = 0x400

.isr_vector     0x08014000      0x10c
                0x08014000                        . = ALIGN (0x4)
 *(.isr_vector)
 .isr_vector    0x08014000      0x10c ./Core/Startup/startup_stm32f103rbtx.o
                0x08014000                g_pfnVectors
                0x0801410c                        . = ALIGN (0x4)

.text           0x0801410c     0x3368
                0x0801410c                        . = ALIGN (0x4)
 *(.text)
 .text          0x0801410c       0x40 C:/ST/STM32CubeIDE_1.17.0/STM32CubeIDE/plugins/com.st.stm32cube.ide.mcu.externaltools.gnu-tools-for-stm32.14.3.rel1.win32_1.0.100.202602081740/tools/bin/../lib/gcc/arm-none-eabi/14.3.1/thumb/v7-m/nofp/crtbegin.o
 *(.text*)
 .text.MX_CAN_Init
                0x0801414c       0x6c ./Core/Src/can.o
                0x0801414c                MX_CAN_Init
 .text.HAL_CAN_MspInit
                0x080141b8       0x98 ./Core/Src/can.o
                0x080141b8                HAL_CAN_MspInit
 .text.MX_GPIO_Init
                0x08014250       0xdc ./Core/Src/gpio.o
                0x08014250                MX_GPIO_Init
 .text.MX_I2C1_Init
                0x0801432c       0x5c ./Core/Src/i2c.o
                0x0801432c                MX_I2C1_Init
 .text.HAL_I2C_MspInit
                0x08014388       0x7c ./Core/Src/i2c.o
                0x08014388                HAL_I2C_MspInit
 .text.__NVIC_SystemReset
                0x08014404       0x2c ./Core/Src/main.o
 .text.LCD_SendInternal
                0x08014430       0x80 ./Core/Src/main.o
                0x08014430                LCD_SendInternal
 .text.LCD_SendCmd
                0x080144b0       0x1c ./Core/Src/main.o
                0x080144b0                LCD_SendCmd
 .text.LCD_SendData
                0x080144cc       0x1c ./Core/Src/main.o
                0x080144cc                LCD_SendData
 .text.LCD_Init
                0x080144e8       0x74 ./Core/Src/main.o
                0x080144e8                LCD_Init
 .text.LCD_SetCursor
                0x0801455c       0x64 ./Core/Src/main.o
                0x0801455c                LCD_SetCursor
 .text.LCD_Print
                0x080145c0       0x2a ./Core/Src/main.o
                0x080145c0                LCD_Print
 .text.LCD_Clear
                0x080145ea       0x14 ./Core/Src/main.o
                0x080145ea                LCD_Clear
 *fill*         0x080145fe        0x2 
 .text.LCD_PrintStatus
                0x08014600       0x58 ./Core/Src/main.o
                0x08014600                LCD_PrintStatus
 .text.main     0x08014658      0x184 ./Core/Src/main.o
                0x08014658                main
 .text.SystemClock_Config
                0x080147dc       0xcc ./Core/Src/main.o
                0x080147dc                SystemClock_Config
 .text.SetBootFlag
                0x080148a8       0x4c ./Core/Src/main.o
                0x080148a8                SetBootFlag
 .text.SendFirmwareStartedMessage
                0x080148f4       0x64 ./Core/Src/main.o
                0x080148f4                SendFirmwareStartedMessage
 .text.NVIC_Config
                0x08014958       0x18 ./Core/Src/main.o
                0x08014958                NVIC_Config
 .text.EraseFlashMemory
                0x08014970       0x64 ./Core/Src/main.o
                0x08014970                EraseFlashMemory
 .text.StartFirmwareUpdate
                0x080149d4       0x60 ./Core/Src/main.o
                0x080149d4                StartFirmwareUpdate
 .text.SendInactivePartitionAddress
                0x08014a34       0x94 ./Core/Src/main.o
                0x08014a34                SendInactivePartitionAddress
 .text.SendUpdateState
                0x08014ac8       0x78 ./Core/Src/main.o
                0x08014ac8                SendUpdateState
 .text.MessageBufferIsEmpty
                0x08014b40       0x2c ./Core/Src/main.o
                0x08014b40                MessageBufferIsEmpty
 .text.MessageBufferGet
                0x08014b6c       0x88 ./Core/Src/main.o
                0x08014b6c                MessageBufferGet
 .text.FirmwareUpdateStateMachine
                0x08014bf4      0x1d0 ./Core/Src/main.o
                0x08014bf4                FirmwareUpdateStateMachine
 .text.Error_Handler
                0x08014dc4       0x20 ./Core/Src/main.o
                0x08014dc4                Error_Handler
 .text.HAL_MspInit
                0x08014de4       0x64 ./Core/Src/stm32f1xx_hal_msp.o
                0x08014de4                HAL_MspInit
 .text.NMI_Handler
                0x08014e48        0x8 ./Core/Src/stm32f1xx_it.o
                0x08014e48                NMI_Handler
 .text.HardFault_Handler
                0x08014e50        0x8 ./Core/Src/stm32f1xx_it.o
                0x08014e50                HardFault_Handler
 .text.MemManage_Handler
                0x08014e58        0x8 ./Core/Src/stm32f1xx_it.o
                0x08014e58                MemManage_Handler
 .text.BusFault_Handler
                0x08014e60        0x8 ./Core/Src/stm32f1xx_it.o
                0x08014e60                BusFault_Handler
 .text.UsageFault_Handler
                0x08014e68        0x8 ./Core/Src/stm32f1xx_it.o
                0x08014e68                UsageFault_Handler
 .text.SVC_Handler
                0x08014e70        0xc ./Core/Src/stm32f1xx_it.o
                0x08014e70                SVC_Handler
 .text.DebugMon_Handler
                0x08014e7c        0xc ./Core/Src/stm32f1xx_it.o
                0x08014e7c                DebugMon_Handler
 .text.PendSV_Handler
                0x08014e88        0xc ./Core/Src/stm32f1xx_it.o
                0x08014e88                PendSV_Handler
 .text.SysTick_Handler
                0x08014e94        0xc ./Core/Src/stm32f1xx_it.o
                0x08014e94                SysTick_Handler
 .text.EXTI15_10_IRQHandler
                0x08014ea0       0x10 ./Core/Src/stm32f1xx_it.o
                0x08014ea0                EXTI15_10_IRQHandler
 .text.SystemInit
                0x08014eb0        0xc ./Core/Src/system_stm32f1xx.o
                0x08014eb0                SystemInit
 .text.MX_USART2_UART_Init
                0x08014ebc       0x54 ./Core/Src/usart.o
                0x08014ebc                MX_USART2_UART_Init
 .text.HAL_UART_MspInit
                0x08014f10       0x7c ./Core/Src/usart.o
                0x08014f10                HAL_UART_MspInit
 .text.Reset_Handler
                0x08014f8c       0x48 ./Core/Startup/startup_stm32f103rbtx.o
                0x08014f8c                Reset_Handler
 .text.Default_Handler
                0x08014fd4        0x2 ./Core/Startup/startup_stm32f103rbtx.o
                0x08014fd4                RTC_Alarm_IRQHandler
                0x08014fd4                EXTI2_IRQHandler
                0x08014fd4                TIM1_CC_IRQHandler
                0x08014fd4                PVD_IRQHandler
                0x08014fd4                EXTI3_IRQHandler
                0x08014fd4                EXTI0_IRQHandler
                0x08014fd4                I2C2_EV_IRQHandler
                0x08014fd4                ADC1_2_IRQHandler
                0x08014fd4                SPI1_IRQHandler
                0x08014fd4                TAMPER_IRQHandler
                0x08014fd4                DMA1_Channel4_IRQHandler
                0x08014fd4                USART3_IRQHandler
                0x08014fd4                RTC_IRQHandler
                0x08014fd4                DMA1_Channel7_IRQHandler
                0x08014fd4                CAN1_RX1_IRQHandler
                0x08014fd4                TIM4_IRQHandler
                0x08014fd4                I2C1_EV_IRQHandler
                0x08014fd4                DMA1_Channel6_IRQHandler
                0x08014fd4                TIM3_IRQHandler
                0x08014fd4                RCC_IRQHandler
                0x08014fd4                TIM1_TRG_COM_IRQHandler
                0x08014fd4                DMA1_Channel1_IRQHandler
                0x08014fd4                Default_Handler
                0x08014fd4                EXTI9_5_IRQHandler
                0x08014fd4                SPI2_IRQHandler
                0x08014fd4                DMA1_Channel5_IRQHandler
                0x08014fd4                EXTI4_IRQHandler
                0x08014fd4                USB_LP_CAN1_RX0_IRQHandler
                0x08014fd4                USB_HP_CAN1_TX_IRQHandler
                0x08014fd4                DMA1_Channel3_IRQHandler
                0x08014fd4                TIM1_UP_IRQHandler
                0x08014fd4                WWDG_IRQHandler
                0x08014fd4                TIM2_IRQHandler
                0x08014fd4                TIM1_BRK_IRQHandler
                0x08014fd4                EXTI1_IRQHandler
                0x08014fd4                USART2_IRQHandler
                0x08014fd4                I2C2_ER_IRQHandler
                0x08014fd4                DMA1_Channel2_IRQHandler
                0x08014fd4                CAN1_SCE_IRQHandler
                0x08014fd4                FLASH_IRQHandler
                0x08014fd4                USART1_IRQHandler
                0x08014fd4                I2C1_ER_IRQHandler
                0x08014fd4                USBWakeUp_IRQHandler
 *fill*         0x08014fd6        0x2 
 .text.HAL_Init
                0x08014fd8       0x2c ./Drivers/STM32F1xx_HAL_Driver/Src/stm32f1xx_hal.o
                0x08014fd8                HAL_Init
 .text.HAL_InitTick
                0x08015004       0x60 ./Drivers/STM32F1xx_HAL_Driver/Src/stm32f1xx_hal.o
                0x08015004                HAL_InitTick
 .text.HAL_IncTick
                0x08015064       0x24 ./Drivers/STM32F1xx_HAL_Driver/Src/stm32f1xx_hal.o
                0x08015064                HAL_IncTick
 .text.HAL_GetTick
                0x08015088       0x14 ./Drivers/STM32F1xx_HAL_Driver/Src/stm32f1xx_hal.o
                0x08015088                HAL_GetTick
 .text.HAL_Delay
                0x0801509c       0x48 ./Drivers/STM32F1xx_HAL_Driver/Src/stm32f1xx_hal.o
                0x0801509c                HAL_Delay
 .text.HAL_CAN_Init
                0x080150e4      0x1f6 ./Drivers/STM32F1xx_HAL_Driver/Src/stm32f1xx_hal_can.o
                0x080150e4                HAL_CAN_Init
 .text.HAL_CAN_ConfigFilter
                0x080152da      0x192 ./Drivers/STM32F1xx_HAL_Driver/Src/stm32f1xx_hal_can.o
                0x080152da                HAL_CAN_ConfigFilter
 .text.HAL_CAN_Start
                0x0801546c       0x88 ./Drivers/STM32F1xx_HAL_Driver/Src/stm32f1xx_hal_can.o
                0x0801546c                HAL_CAN_Start
 .text.HAL_CAN_AddTxMessage
                0x080154f4      0x19e ./Drivers/STM32F1xx_HAL_Driver/Src/stm32f1xx_hal_can.o
                0x080154f4                HAL_CAN_AddTxMessage
 .text.HAL_CAN_IsTxMessagePending
                0x08015692       0x46 ./Drivers/STM32F1xx_HAL_Driver/Src/stm32f1xx_hal_can.o
                0x08015692                HAL_CAN_IsTxMessagePending
 .text.HAL_CAN_ActivateNotification
                0x080156d8       0x4a ./Drivers/STM32F1xx_HAL_Driver/Src/stm32f1xx_hal_can.o
                0x080156d8                HAL_CAN_ActivateNotification
 *fill*         0x08015722        0x2 
 .text.__NVIC_SetPriorityGrouping
                0x08015724       0x48 ./Drivers/STM32F1xx_HAL_Driver/Src/stm32f1xx_hal_cortex.o
 .text.__NVIC_GetPriorityGrouping
                0x0801576c       0x1c ./Drivers/STM32F1xx_HAL_Driver/Src/stm32f1xx_hal_cortex.o
 .text.__NVIC_EnableIRQ
                0x08015788       0x38 ./Drivers/STM32F1xx_HAL_Driver/Src/stm32f1xx_hal_cortex.o
 .text.__NVIC_SetPriority
                0x080157c0       0x54 ./Drivers/STM32F1xx_HAL_Driver/Src/stm32f1xx_hal_cortex.o
 .text.NVIC_EncodePriority
                0x08015814       0x64 ./Drivers/STM32F1xx_HAL_Driver/Src/stm32f1xx_hal_cortex.o
 .text.SysTick_Config
                0x08015878       0x44 ./Drivers/STM32F1xx_HAL_Driver/Src/stm32f1xx_hal_cortex.o
 .text.HAL_NVIC_SetPriorityGrouping
                0x080158bc       0x16 ./Drivers/STM32F1xx_HAL_Driver/Src/stm32f1xx_hal_cortex.o
                0x080158bc                HAL_NVIC_SetPriorityGrouping
 .text.HAL_NVIC_SetPriority
                0x080158d2       0x38 ./Drivers/STM32F1xx_HAL_Driver/Src/stm32f1xx_hal_cortex.o
                0x080158d2                HAL_NVIC_SetPriority
 .text.HAL_NVIC_EnableIRQ
                0x0801590a       0x1c ./Drivers/STM32F1xx_HAL_Driver/Src/stm32f1xx_hal_cortex.o
                0x0801590a                HAL_NVIC_EnableIRQ
 .text.HAL_SYSTICK_Config
                0x08015926       0x18 ./Drivers/STM32F1xx_HAL_Driver/Src/stm32f1xx_hal_cortex.o
                0x08015926                HAL_SYSTICK_Config
 *fill*         0x0801593e        0x2 
 .text.HAL_FLASH_Program
                0x08015940       0xe0 ./Drivers/STM32F1xx_HAL_Driver/Src/stm32f1xx_hal_flash.o
                0x08015940                HAL_FLASH_Program
 .text.HAL_FLASH_Unlock
                0x08015a20       0x4c ./Drivers/STM32F1xx_HAL_Driver/Src/stm32f1xx_hal_flash.o
                0x08015a20                HAL_FLASH_Unlock
 .text.HAL_FLASH_Lock
                0x08015a6c       0x20 ./Drivers/STM32F1xx_HAL_Driver/Src/stm32f1xx_hal_flash.o
                0x08015a6c                HAL_FLASH_Lock
 .text.FLASH_Program_HalfWord
                0x08015a8c       0x38 ./Drivers/STM32F1xx_HAL_Driver/Src/stm32f1xx_hal_flash.o
 .text.FLASH_WaitForLastOperation
                0x08015ac4       0x8c ./Drivers/STM32F1xx_HAL_Driver/Src/stm32f1xx_hal_flash.o
                0x08015ac4                FLASH_WaitForLastOperation
 .text.FLASH_SetErrorCode
                0x08015b50       0xa0 ./Drivers/STM32F1xx_HAL_Driver/Src/stm32f1xx_hal_flash.o
 .text.HAL_FLASHEx_Erase
                0x08015bf0       0xd8 ./Drivers/STM32F1xx_HAL_Driver/Src/stm32f1xx_hal_flash_ex.o
                0x08015bf0                HAL_FLASHEx_Erase
 .text.FLASH_MassErase
                0x08015cc8       0x38 ./Drivers/STM32F1xx_HAL_Driver/Src/stm32f1xx_hal_flash_ex.o
 .text.FLASH_PageErase
                0x08015d00       0x40 ./Drivers/STM32F1xx_HAL_Driver/Src/stm32f1xx_hal_flash_ex.o
                0x08015d00                FLASH_PageErase
 .text.HAL_GPIO_Init
                0x08015d40      0x308 ./Drivers/STM32F1xx_HAL_Driver/Src/stm32f1xx_hal_gpio.o
                0x08015d40                HAL_GPIO_Init
 .text.HAL_GPIO_WritePin
                0x08016048       0x30 ./Drivers/STM32F1xx_HAL_Driver/Src/stm32f1xx_hal_gpio.o
                0x08016048                HAL_GPIO_WritePin
 .text.HAL_GPIO_EXTI_IRQHandler
                0x08016078       0x30 ./Drivers/STM32F1xx_HAL_Driver/Src/stm32f1xx_hal_gpio.o
                0x08016078                HAL_GPIO_EXTI_IRQHandler
 .text.HAL_GPIO_EXTI_Callback
                0x080160a8       0x14 ./Drivers/STM32F1xx_HAL_Driver/Src/stm32f1xx_hal_gpio.o
                0x080160a8                HAL_GPIO_EXTI_Callback
 .text.HAL_I2C_Init
                0x080160bc      0x288 ./Drivers/STM32F1xx_HAL_Driver/Src/stm32f1xx_hal_i2c.o
                0x080160bc                HAL_I2C_Init
 .text.HAL_I2C_Master_Transmit
                0x08016344      0x1fc ./Drivers/STM32F1xx_HAL_Driver/Src/stm32f1xx_hal_i2c.o
                0x08016344                HAL_I2C_Master_Transmit
 .text.I2C_MasterRequestWrite
                0x08016540      0x104 ./Drivers/STM32F1xx_HAL_Driver/Src/stm32f1xx_hal_i2c.o
 .text.I2C_WaitOnFlagUntilTimeout
                0x08016644       0xf4 ./Drivers/STM32F1xx_HAL_Driver/Src/stm32f1xx_hal_i2c.o
 .text.I2C_WaitOnMasterAddressFlagUntilTimeout
                0x08016738      0x140 ./Drivers/STM32F1xx_HAL_Driver/Src/stm32f1xx_hal_i2c.o
 .text.I2C_WaitOnTXEFlagUntilTimeout
                0x08016878       0x90 ./Drivers/STM32F1xx_HAL_Driver/Src/stm32f1xx_hal_i2c.o
 .text.I2C_WaitOnBTFFlagUntilTimeout
                0x08016908       0x90 ./Drivers/STM32F1xx_HAL_Driver/Src/stm32f1xx_hal_i2c.o
 .text.I2C_IsAcknowledgeFailed
                0x08016998       0x5c ./Drivers/STM32F1xx_HAL_Driver/Src/stm32f1xx_hal_i2c.o
 .text.HAL_PWR_EnableBkUpAccess
                0x080169f4       0x18 ./Drivers/STM32F1xx_HAL_Driver/Src/stm32f1xx_hal_pwr.o
                0x080169f4                HAL_PWR_EnableBkUpAccess
 .text.HAL_RCC_OscConfig
                0x08016a0c      0x504 ./Drivers/STM32F1xx_HAL_Driver/Src/stm32f1xx_hal_rcc.o
                0x08016a0c                HAL_RCC_OscConfig
 .text.HAL_RCC_ClockConfig
                0x08016f10      0x1d4 ./Drivers/STM32F1xx_HAL_Driver/Src/stm32f1xx_hal_rcc.o
                0x08016f10                HAL_RCC_ClockConfig
 .text.HAL_RCC_GetSysClockFreq
                0x080170e4       0xa8 ./Drivers/STM32F1xx_HAL_Driver/Src/stm32f1xx_hal_rcc.o
                0x080170e4                HAL_RCC_GetSysClockFreq
 .text.HAL_RCC_GetHCLKFreq
                0x0801718c       0x14 ./Drivers/STM32F1xx_HAL_Driver/Src/stm32f1xx_hal_rcc.o
                0x0801718c                HAL_RCC_GetHCLKFreq
 .text.HAL_RCC_GetPCLK1Freq
                0x080171a0       0x28 ./Drivers/STM32F1xx_HAL_Driver/Src/stm32f1xx_hal_rcc.o
                0x080171a0                HAL_RCC_GetPCLK1Freq
 .text.HAL_RCC_GetPCLK2Freq
                0x080171c8       0x28 ./Drivers/STM32F1xx_HAL_Driver/Src/stm32f1xx_hal_rcc.o
                0x080171c8                HAL_RCC_GetPCLK2Freq
 .text.RCC_Delay
                0x080171f0       0x3c ./Drivers/STM32F1xx_HAL_Driver/Src/stm32f1xx_hal_rcc.o
 .text.HAL_UART_Init
                0x0801722c       0xa0 ./Drivers/STM32F1xx_HAL_Driver/Src/stm32f1xx_hal_uart.o
                0x0801722c                HAL_UART_Init
 .text.UART_SetConfig
                0x080172cc      0x11c ./Drivers/STM32F1xx_HAL_Driver/Src/stm32f1xx_hal_uart.o
 .text.memset   0x080173e8       0x10 C:/ST/STM32CubeIDE_1.17.0/STM32CubeIDE/plugins/com.st.stm32cube.ide.mcu.externaltools.gnu-tools-for-stm32.14.3.rel1.win32_1.0.100.202602081740/tools/bin/../lib/gcc/arm-none-eabi/14.3.1/../../../../arm-none-eabi/lib/thumb/v7-m/nofp\libc_nano.a(libc_a-memset.o)
                0x080173e8                memset
 .text.__libc_init_array
                0x080173f8       0x48 C:/ST/STM32CubeIDE_1.17.0/STM32CubeIDE/plugins/com.st.stm32cube.ide.mcu.externaltools.gnu-tools-for-stm32.14.3.rel1.win32_1.0.100.202602081740/tools/bin/../lib/gcc/arm-none-eabi/14.3.1/../../../../arm-none-eabi/lib/thumb/v7-m/nofp\libc_nano.a(libc_a-init.o)
                0x080173f8                __libc_init_array
 .text.memcpy   0x08017440       0x1c C:/ST/STM32CubeIDE_1.17.0/STM32CubeIDE/plugins/com.st.stm32cube.ide.mcu.externaltools.gnu-tools-for-stm32.14.3.rel1.win32_1.0.100.202602081740/tools/bin/../lib/gcc/arm-none-eabi/14.3.1/../../../../arm-none-eabi/lib/thumb/v7-m/nofp\libc_nano.a(libc_a-memcpy-stub.o)
                0x08017440                memcpy
 *(.glue_7)
 .glue_7        0x0801745c        0x0 linker stubs
 *(.glue_7t)
 .glue_7t       0x0801745c        0x0 linker stubs
 *(.eh_frame)
 .eh_frame      0x0801745c        0x0 C:/ST/STM32CubeIDE_1.17.0/STM32CubeIDE/plugins/com.st.stm32cube.ide.mcu.externaltools.gnu-tools-for-stm32.14.3.rel1.win32_1.0.100.202602081740/tools/bin/../lib/gcc/arm-none-eabi/14.3.1/thumb/v7-m/nofp/crtbegin.o
 *(.init)
 .init          0x0801745c        0x4 C:/ST/STM32CubeIDE_1.17.0/STM32CubeIDE/plugins/com.st.stm32cube.ide.mcu.externaltools.gnu-tools-for-stm32.14.3.rel1.win32_1.0.100.202602081740/tools/bin/../lib/gcc/arm-none-eabi/14.3.1/thumb/v7-m/nofp/crti.o
                0x0801745c                _init
 .init          0x08017460        0x8 C:/ST/STM32CubeIDE_1.17.0/STM32CubeIDE/plugins/com.st.stm32cube.ide.mcu.externaltools.gnu-tools-for-stm32.14.3.rel1.win32_1.0.100.202602081740/tools/bin/../lib/gcc/arm-none-eabi/14.3.1/thumb/v7-m/nofp/crtn.o
 *(.fini)
 .fini          0x08017468        0x4 C:/ST/STM32CubeIDE_1.17.0/STM32CubeIDE/plugins/com.st.stm32cube.ide.mcu.externaltools.gnu-tools-for-stm32.14.3.rel1.win32_1.0.100.202602081740/tools/bin/../lib/gcc/arm-none-eabi/14.3.1/thumb/v7-m/nofp/crti.o
                0x08017468                _fini
 .fini          0x0801746c        0x8 C:/ST/STM32CubeIDE_1.17.0/STM32CubeIDE/plugins/com.st.stm32cube.ide.mcu.externaltools.gnu-tools-for-stm32.14.3.rel1.win32_1.0.100.202602081740/tools/bin/../lib/gcc/arm-none-eabi/14.3.1/thumb/v7-m/nofp/crtn.o
                0x08017474                        . = ALIGN (0x4)
                0x08017474                        _etext = .

.vfp11_veneer   0x08017474        0x0
 .vfp11_veneer  0x08017474        0x0 linker stubs

.v4_bx          0x08017474        0x0
 .v4_bx         0x08017474        0x0 linker stubs

.iplt           0x08017474        0x0
 .iplt          0x08017474        0x0 C:/ST/STM32CubeIDE_1.17.0/STM32CubeIDE/plugins/com.st.stm32cube.ide.mcu.externaltools.gnu-tools-for-stm32.14.3.rel1.win32_1.0.100.202602081740/tools/bin/../lib/gcc/arm-none-eabi/14.3.1/thumb/v7-m/nofp/crtbegin.o

.rodata         0x08017474      0x1ec
                0x08017474                        . = ALIGN (0x4)
 *(.rodata)
 .rodata        0x08017474      0x1c0 ./Core/Src/main.o
 *(.rodata*)
 .rodata.AHBPrescTable
                0x08017634       0x10 ./Core/Src/system_stm32f1xx.o
                0x08017634                AHBPrescTable
 .rodata.APBPrescTable
                0x08017644        0x8 ./Core/Src/system_stm32f1xx.o
                0x08017644                APBPrescTable
 .rodata.aPLLMULFactorTable.1
                0x0801764c       0x10 ./Drivers/STM32F1xx_HAL_Driver/Src/stm32f1xx_hal_rcc.o
 .rodata.aPredivFactorTable.0
                0x0801765c        0x2 ./Drivers/STM32F1xx_HAL_Driver/Src/stm32f1xx_hal_rcc.o
                0x08017660                        . = ALIGN (0x4)
 *fill*         0x0801765e        0x2 

.ARM.extab      0x08017660        0x0
                0x08017660                        . = ALIGN (0x4)
 *(.ARM.extab* .gnu.linkonce.armextab.*)
                0x08017660                        . = ALIGN (0x4)

.ARM            0x08017660        0x0
                0x08017660                        . = ALIGN (0x4)
                0x08017660                        __exidx_start = .
 *(.ARM.exidx*)
                0x08017660                        __exidx_end = .
                0x08017660                        . = ALIGN (0x4)

.preinit_array  0x08017660        0x0
                0x08017660                        . = ALIGN (0x4)
                0x08017660                        PROVIDE (__preinit_array_start = .)
 *(.preinit_array*)
                0x08017660                        PROVIDE (__preinit_array_end = .)
                0x08017660                        . = ALIGN (0x4)

.init_array     0x08017660        0x4
                0x08017660                        . = ALIGN (0x4)
                0x08017660                        PROVIDE (__init_array_start = .)
 *(SORT_BY_NAME(.init_array.*))
 *(.init_array*)
 .init_array    0x08017660        0x4 C:/ST/STM32CubeIDE_1.17.0/STM32CubeIDE/plugins/com.st.stm32cube.ide.mcu.externaltools.gnu-tools-for-stm32.14.3.rel1.win32_1.0.100.202602081740/tools/bin/../lib/gcc/arm-none-eabi/14.3.1/thumb/v7-m/nofp/crtbegin.o
                0x08017664                        PROVIDE (__init_array_end = .)
                0x08017664                        . = ALIGN (0x4)

.fini_array     0x08017664        0x4
                0x08017664                        . = ALIGN (0x4)
                [!provide]                        PROVIDE (__fini_array_start = .)
 *(SORT_BY_NAME(.fini_array.*))
 *(.fini_array*)
 .fini_array    0x08017664        0x4 C:/ST/STM32CubeIDE_1.17.0/STM32CubeIDE/plugins/com.st.stm32cube.ide.mcu.externaltools.gnu-tools-for-stm32.14.3.rel1.win32_1.0.100.202602081740/tools/bin/../lib/gcc/arm-none-eabi/14.3.1/thumb/v7-m/nofp/crtbegin.o
                [!provide]                        PROVIDE (__fini_array_end = .)
                0x08017668                        . = ALIGN (0x4)
                0x08017668                        _sidata = LOADADDR (.data)

.rel.dyn        0x08017668        0x0
 .rel.iplt      0x08017668        0x0 C:/ST/STM32CubeIDE_1.17.0/STM32CubeIDE/plugins/com.st.stm32cube.ide.mcu.externaltools.gnu-tools-for-stm32.14.3.rel1.win32_1.0.100.202602081740/tools/bin/../lib/gcc/arm-none-eabi/14.3.1/thumb/v7-m/nofp/crtbegin.o

.data           0x20000000        0xc load address 0x08017668
                0x20000000                        . = ALIGN (0x4)
                0x20000000                        _sdata = .
 *(.data)
 *(.data*)
 .data.SystemCoreClock
                0x20000000        0x4 ./Core/Src/system_stm32f1xx.o
                0x20000000                SystemCoreClock
 .data.uwTickPrio
                0x20000004        0x4 ./Drivers/STM32F1xx_HAL_Driver/Src/stm32f1xx_hal.o
                0x20000004                uwTickPrio
 .data.uwTickFreq
                0x20000008        0x1 ./Drivers/STM32F1xx_HAL_Driver/Src/stm32f1xx_hal.o
                0x20000008                uwTickFreq
 *(.RamFunc)
 *(.RamFunc*)
                0x2000000c                        . = ALIGN (0x4)
 *fill*         0x20000009        0x3 
                0x2000000c                        _edata = .

.igot.plt       0x2000000c        0x0 load address 0x08017674
 .igot.plt      0x2000000c        0x0 C:/ST/STM32CubeIDE_1.17.0/STM32CubeIDE/plugins/com.st.stm32cube.ide.mcu.externaltools.gnu-tools-for-stm32.14.3.rel1.win32_1.0.100.202602081740/tools/bin/../lib/gcc/arm-none-eabi/14.3.1/thumb/v7-m/nofp/crtbegin.o
                0x2000000c                        . = ALIGN (0x4)

.bss            0x20000010     0x4968 load address 0x08017674
                0x20000010                        _sbss = .
                0x20000010                        __bss_start__ = _sbss
 *(.bss)
 .bss           0x20000010       0x1c C:/ST/STM32CubeIDE_1.17.0/STM32CubeIDE/plugins/com.st.stm32cube.ide.mcu.externaltools.gnu-tools-for-stm32.14.3.rel1.win32_1.0.100.202602081740/tools/bin/../lib/gcc/arm-none-eabi/14.3.1/thumb/v7-m/nofp/crtbegin.o
 *(.bss*)
 .bss.hcan      0x2000002c       0x28 ./Core/Src/can.o
                0x2000002c                hcan
 .bss.hi2c1     0x20000054       0x54 ./Core/Src/i2c.o
                0x20000054                hi2c1
 .bss.TxHeader  0x200000a8       0x18 ./Core/Src/main.o
                0x200000a8                TxHeader
 .bss.TxData    0x200000c0        0x8 ./Core/Src/main.o
                0x200000c0                TxData
 .bss.TxMailbox
                0x200000c8        0x4 ./Core/Src/main.o
                0x200000c8                TxMailbox
 .bss.fwUpdateState
                0x200000cc        0x1 ./Core/Src/main.o
                0x200000cc                fwUpdateState
 .bss.fwUpdateRequested
                0x200000cd        0x1 ./Core/Src/main.o
                0x200000cd                fwUpdateRequested
 .bss.fwUpdateComplete
                0x200000ce        0x1 ./Core/Src/main.o
                0x200000ce                fwUpdateComplete
 *fill*         0x200000cf        0x1 
 .bss.fwUpdateAddress
                0x200000d0        0x4 ./Core/Src/main.o
                0x200000d0                fwUpdateAddress
 .bss.fwUpdateSize
                0x200000d4        0x4 ./Core/Src/main.o
                0x200000d4                fwUpdateSize
 .bss.fwUpdateReceivedBytes
                0x200000d8        0x4 ./Core/Src/main.o
                0x200000d8                fwUpdateReceivedBytes
 .bss.LD2Counter
                0x200000dc        0x1 ./Core/Src/main.o
                0x200000dc                LD2Counter
 *fill*         0x200000dd        0x3 
 .bss.messageBuffer
                0x200000e0     0x4800 ./Core/Src/main.o
                0x200000e0                messageBuffer
 .bss.messageBufferHead
                0x200048e0        0x2 ./Core/Src/main.o
                0x200048e0                messageBufferHead
 .bss.messageBufferTail
                0x200048e2        0x2 ./Core/Src/main.o
                0x200048e2                messageBufferTail
 .bss.txHeader  0x200048e4       0x18 ./Core/Src/main.o
                0x200048e4                txHeader
 .bss.txData    0x200048fc        0x8 ./Core/Src/main.o
                0x200048fc                txData
 .bss.txMailbox
                0x20004904        0x4 ./Core/Src/main.o
                0x20004904                txMailbox
 .bss.huart2    0x20004908       0x48 ./Core/Src/usart.o
                0x20004908                huart2
 .bss.uwTick    0x20004950        0x4 ./Drivers/STM32F1xx_HAL_Driver/Src/stm32f1xx_hal.o
                0x20004950                uwTick
 *fill*         0x20004954        0x4 
 .bss.pFlash    0x20004958       0x20 ./Drivers/STM32F1xx_HAL_Driver/Src/stm32f1xx_hal_flash.o
                0x20004958                pFlash
 *(COMMON)
                0x20004978                        . = ALIGN (0x4)
                0x20004978                        _ebss = .
                0x20004978                        __bss_end__ = _ebss

._user_heap_stack
                0x20004978      0x600 load address 0x08017674
                0x20004978                        . = ALIGN (0x8)
                [!provide]                        PROVIDE (end = .)
                0x20004978                        PROVIDE (_end = .)
                0x20004b78                        . = (. + _Min_Heap_Size)
 *fill*         0x20004978      0x200 
                0x20004f78                        . = (. + _Min_Stack_Size)
 *fill*         0x20004b78      0x400 
                0x20004f78                        . = ALIGN (0x8)

/DISCARD/
 libc.a(*)
 libm.a(*)
 libgcc.a(*)

.ARM.attributes
                0x00000000       0x29
 *(.ARM.attributes)
 .ARM.attributes
                0x00000000       0x1d C:/ST/STM32CubeIDE_1.17.0/STM32CubeIDE/plugins/com.st.stm32cube.ide.mcu.externaltools.gnu-tools-for-stm32.14.3.rel1.win32_1.0.100.202602081740/tools/bin/../lib/gcc/arm-none-eabi/14.3.1/thumb/v7-m/nofp/crti.o
 .ARM.attributes
                0x0000001d       0x2d C:/ST/STM32CubeIDE_1.17.0/STM32CubeIDE/plugins/com.st.stm32cube.ide.mcu.externaltools.gnu-tools-for-stm32.14.3.rel1.win32_1.0.100.202602081740/tools/bin/../lib/gcc/arm-none-eabi/14.3.1/thumb/v7-m/nofp/crtbegin.o
 .ARM.attributes
                0x0000004a       0x2d ./Core/Src/can.o
 .ARM.attributes
                0x00000077       0x2d ./Core/Src/gpio.o
 .ARM.attributes
                0x000000a4       0x2d ./Core/Src/i2c.o
 .ARM.attributes
                0x000000d1       0x2d ./Core/Src/main.o
 .ARM.attributes
                0x000000fe       0x2d ./Core/Src/stm32f1xx_hal_msp.o
 .ARM.attributes
                0x0000012b       0x2d ./Core/Src/stm32f1xx_it.o
 .ARM.attributes
                0x00000158       0x2d ./Core/Src/system_stm32f1xx.o
 .ARM.attributes
                0x00000185       0x2d ./Core/Src/usart.o
 .ARM.attributes
                0x000001b2       0x21 ./Core/Startup/startup_stm32f103rbtx.o
 .ARM.attributes
                0x000001d3       0x2d ./Drivers/STM32F1xx_HAL_Driver/Src/stm32f1xx_hal.o
 .ARM.attributes
                0x00000200       0x2d ./Drivers/STM32F1xx_HAL_Driver/Src/stm32f1xx_hal_can.o
 .ARM.attributes
                0x0000022d       0x2d ./Drivers/STM32F1xx_HAL_Driver/Src/stm32f1xx_hal_cortex.o
 .ARM.attributes
                0x0000025a       0x2d ./Drivers/STM32F1xx_HAL_Driver/Src/stm32f1xx_hal_flash.o
 .ARM.attributes
                0x00000287       0x2d ./Drivers/STM32F1xx_HAL_Driver/Src/stm32f1xx_hal_flash_ex.o
 .ARM.attributes
                0x000002b4       0x2d ./Drivers/STM32F1xx_HAL_Driver/Src/stm32f1xx_hal_gpio.o
 .ARM.attributes
                0x000002e1       0x2d ./Drivers/STM32F1xx_HAL_Driver/Src/stm32f1xx_hal_i2c.o
 .ARM.attributes
                0x0000030e       0x2d ./Drivers/STM32F1xx_HAL_Driver/Src/stm32f1xx_hal_pwr.o
 .ARM.attributes
                0x0000033b       0x2d ./Drivers/STM32F1xx_HAL_Driver/Src/stm32f1xx_hal_rcc.o
 .ARM.attributes
                0x00000368       0x2d ./Drivers/STM32F1xx_HAL_Driver/Src/stm32f1xx_hal_uart.o
 .ARM.attributes
                0x00000395       0x2d C:/ST/STM32CubeIDE_1.17.0/STM32CubeIDE/plugins/com.st.stm32cube.ide.mcu.externaltools.gnu-tools-for-stm32.14.3.rel1.win32_1.0.100.202602081740/tools/bin/../lib/gcc/arm-none-eabi/14.3.1/../../../../arm-none-eabi/lib/thumb/v7-m/nofp\libc_nano.a(libc_a-memset.o)
 .ARM.attributes
                0x000003c2       0x2d C:/ST/STM32CubeIDE_1.17.0/STM32CubeIDE/plugins/com.st.stm32cube.ide.mcu.externaltools.gnu-tools-for-stm32.14.3.rel1.win32_1.0.100.202602081740/tools/bin/../lib/gcc/arm-none-eabi/14.3.1/../../../../arm-none-eabi/lib/thumb/v7-m/nofp\libc_nano.a(libc_a-init.o)
 .ARM.attributes
                0x000003ef       0x2d C:/ST/STM32CubeIDE_1.17.0/STM32CubeIDE/plugins/com.st.stm32cube.ide.mcu.externaltools.gnu-tools-for-stm32.14.3.rel1.win32_1.0.100.202602081740/tools/bin/../lib/gcc/arm-none-eabi/14.3.1/../../../../arm-none-eabi/lib/thumb/v7-m/nofp\libc_nano.a(libc_a-memcpy-stub.o)
 .ARM.attributes
                0x0000041c       0x1d C:/ST/STM32CubeIDE_1.17.0/STM32CubeIDE/plugins/com.st.stm32cube.ide.mcu.externaltools.gnu-tools-for-stm32.14.3.rel1.win32_1.0.100.202602081740/tools/bin/../lib/gcc/arm-none-eabi/14.3.1/thumb/v7-m/nofp/crtn.o
OUTPUT(PartitionB.elf elf32-littlearm)
LOAD linker stubs
LOAD C:/ST/STM32CubeIDE_1.17.0/STM32CubeIDE/plugins/com.st.stm32cube.ide.mcu.externaltools.gnu-tools-for-stm32.14.3.rel1.win32_1.0.100.202602081740/tools/bin/../lib/gcc/arm-none-eabi/14.3.1/../../../../arm-none-eabi/lib/thumb/v7-m/nofp\libc.a
LOAD C:/ST/STM32CubeIDE_1.17.0/STM32CubeIDE/plugins/com.st.stm32cube.ide.mcu.externaltools.gnu-tools-for-stm32.14.3.rel1.win32_1.0.100.202602081740/tools/bin/../lib/gcc/arm-none-eabi/14.3.1/../../../../arm-none-eabi/lib/thumb/v7-m/nofp\libm.a
LOAD C:/ST/STM32CubeIDE_1.17.0/STM32CubeIDE/plugins/com.st.stm32cube.ide.mcu.externaltools.gnu-tools-for-stm32.14.3.rel1.win32_1.0.100.202602081740/tools/bin/../lib/gcc/arm-none-eabi/14.3.1/thumb/v7-m/nofp\libgcc.a

.debug_info     0x00000000     0xd03a
 .debug_info    0x00000000      0x6d6 ./Core/Src/can.o
 .debug_info    0x000006d6      0x44e ./Core/Src/gpio.o
 .debug_info    0x00000b24      0x7e3 ./Core/Src/i2c.o
 .debug_info    0x00001307     0x1b47 ./Core/Src/main.o
 .debug_info    0x00002e4e      0x1f1 ./Core/Src/stm32f1xx_hal_msp.o
 .debug_info    0x0000303f      0x14b ./Core/Src/stm32f1xx_it.o
 .debug_info    0x0000318a      0x222 ./Core/Src/system_stm32f1xx.o
 .debug_info    0x000033ac      0x798 ./Core/Src/usart.o
 .debug_info    0x00003b44       0x30 ./Core/Startup/startup_stm32f103rbtx.o
 .debug_info    0x00003b74      0x704 ./Drivers/STM32F1xx_HAL_Driver/Src/stm32f1xx_hal.o
 .debug_info    0x00004278      0xf13 ./Drivers/STM32F1xx_HAL_Driver/Src/stm32f1xx_hal_can.o
 .debug_info    0x0000518b      0xa87 ./Drivers/STM32F1xx_HAL_Driver/Src/stm32f1xx_hal_cortex.o
 .debug_info    0x00005c12      0x4f8 ./Drivers/STM32F1xx_HAL_Driver/Src/stm32f1xx_hal_flash.o
 .debug_info    0x0000610a      0x777 ./Drivers/STM32F1xx_HAL_Driver/Src/stm32f1xx_hal_flash_ex.o
 .debug_info    0x00006881      0x5ab ./Drivers/STM32F1xx_HAL_Driver/Src/stm32f1xx_hal_gpio.o
 .debug_info    0x00006e2c     0x2524 ./Drivers/STM32F1xx_HAL_Driver/Src/stm32f1xx_hal_i2c.o
 .debug_info    0x00009350      0x628 ./Drivers/STM32F1xx_HAL_Driver/Src/stm32f1xx_hal_pwr.o
 .debug_info    0x00009978      0x7d5 ./Drivers/STM32F1xx_HAL_Driver/Src/stm32f1xx_hal_rcc.o
 .debug_info    0x0000a14d     0x2eed ./Drivers/STM32F1xx_HAL_Driver/Src/stm32f1xx_hal_uart.o

.debug_abbrev   0x00000000     0x2595
 .debug_abbrev  0x00000000      0x213 ./Core/Src/can.o
 .debug_abbrev  0x00000213      0x161 ./Core/Src/gpio.o
 .debug_abbrev  0x00000374      0x1de ./Core/Src/i2c.o
 .debug_abbrev  0x00000552      0x3c5 ./Core/Src/main.o
 .debug_abbrev  0x00000917       0xdb ./Core/Src/stm32f1xx_hal_msp.o
 .debug_abbrev  0x000009f2       0xa0 ./Core/Src/stm32f1xx_it.o
 .debug_abbrev  0x00000a92      0x13f ./Core/Src/system_stm32f1xx.o
 .debug_abbrev  0x00000bd1      0x1e6 ./Core/Src/usart.o
 .debug_abbrev  0x00000db7       0x24 ./Core/Startup/startup_stm32f103rbtx.o
 .debug_abbrev  0x00000ddb      0x201 ./Drivers/STM32F1xx_HAL_Driver/Src/stm32f1xx_hal.o
 .debug_abbrev  0x00000fdc      0x21c ./Drivers/STM32F1xx_HAL_Driver/Src/stm32f1xx_hal_can.o
 .debug_abbrev  0x000011f8      0x2f8 ./Drivers/STM32F1xx_HAL_Driver/Src/stm32f1xx_hal_cortex.o
 .debug_abbrev  0x000014f0      0x250 ./Drivers/STM32F1xx_HAL_Driver/Src/stm32f1xx_hal_flash.o
 .debug_abbrev  0x00001740      0x247 ./Drivers/STM32F1xx_HAL_Driver/Src/stm32f1xx_hal_flash_ex.o
 .debug_abbrev  0x00001987      0x1ca ./Drivers/STM32F1xx_HAL_Driver/Src/stm32f1xx_hal_gpio.o
 .debug_abbrev  0x00001b51      0x2a3 ./Drivers/STM32F1xx_HAL_Driver/Src/stm32f1xx_hal_i2c.o
 .debug_abbrev  0x00001df4      0x1f6 ./Drivers/STM32F1xx_HAL_Driver/Src/stm32f1xx_hal_pwr.o
 .debug_abbrev  0x00001fea      0x2b3 ./Drivers/STM32F1xx_HAL_Driver/Src/stm32f1xx_hal_rcc.o
 .debug_abbrev  0x0000229d      0x2f8 ./Drivers/STM32F1xx_HAL_Driver/Src/stm32f1xx_hal_uart.o

.debug_aranges  0x00000000      0xcf0
 .debug_aranges
                0x00000000       0x30 ./Core/Src/can.o
 .debug_aranges
                0x00000030       0x20 ./Core/Src/gpio.o
 .debug_aranges
                0x00000050       0x30 ./Core/Src/i2c.o
 .debug_aranges
                0x00000080       0xf0 ./Core/Src/main.o
 .debug_aranges
                0x00000170       0x20 ./Core/Src/stm32f1xx_hal_msp.o
 .debug_aranges
                0x00000190       0x68 ./Core/Src/stm32f1xx_it.o
 .debug_aranges
                0x000001f8       0x28 ./Core/Src/system_stm32f1xx.o
 .debug_aranges
                0x00000220       0x30 ./Core/Src/usart.o
 .debug_aranges
                0x00000250       0x28 ./Core/Startup/startup_stm32f103rbtx.o
 .debug_aranges
                0x00000278       0xe0 ./Drivers/STM32F1xx_HAL_Driver/Src/stm32f1xx_hal.o
 .debug_aranges
                0x00000358      0x138 ./Drivers/STM32F1xx_HAL_Driver/Src/stm32f1xx_hal_can.o
 .debug_aranges
                0x00000490      0x100 ./Drivers/STM32F1xx_HAL_Driver/Src/stm32f1xx_hal_cortex.o
 .debug_aranges
                0x00000590       0x88 ./Drivers/STM32F1xx_HAL_Driver/Src/stm32f1xx_hal_flash.o
 .debug_aranges
                0x00000618       0x98 ./Drivers/STM32F1xx_HAL_Driver/Src/stm32f1xx_hal_flash_ex.o
 .debug_aranges
                0x000006b0       0x58 ./Drivers/STM32F1xx_HAL_Driver/Src/stm32f1xx_hal_gpio.o
 .debug_aranges
                0x00000708      0x2a8 ./Drivers/STM32F1xx_HAL_Driver/Src/stm32f1xx_hal_i2c.o
 .debug_aranges
                0x000009b0       0xa8 ./Drivers/STM32F1xx_HAL_Driver/Src/stm32f1xx_hal_pwr.o
 .debug_aranges
                0x00000a58       0x90 ./Drivers/STM32F1xx_HAL_Driver/Src/stm32f1xx_hal_rcc.o
 .debug_aranges
                0x00000ae8      0x208 ./Drivers/STM32F1xx_HAL_Driver/Src/stm32f1xx_hal_uart.o

.debug_rnglists
                0x00000000      0x9f9
 .debug_rnglists
                0x00000000       0x20 ./Core/Src/can.o
 .debug_rnglists
                0x00000020       0x14 ./Core/Src/gpio.o
 .debug_rnglists
                0x00000034       0x1f ./Core/Src/i2c.o
 .debug_rnglists
                0x00000053       0xb7 ./Core/Src/main.o
 .debug_rnglists
                0x0000010a       0x13 ./Core/Src/stm32f1xx_hal_msp.o
 .debug_rnglists
                0x0000011d       0x49 ./Core/Src/stm32f1xx_it.o
 .debug_rnglists
                0x00000166       0x1a ./Core/Src/system_stm32f1xx.o
 .debug_rnglists
                0x00000180       0x1f ./Core/Src/usart.o
 .debug_rnglists
                0x0000019f       0x19 ./Core/Startup/startup_stm32f103rbtx.o
 .debug_rnglists
                0x000001b8       0xa3 ./Drivers/STM32F1xx_HAL_Driver/Src/stm32f1xx_hal.o
 .debug_rnglists
                0x0000025b       0xed ./Drivers/STM32F1xx_HAL_Driver/Src/stm32f1xx_hal_can.o
 .debug_rnglists
                0x00000348       0xbb ./Drivers/STM32F1xx_HAL_Driver/Src/stm32f1xx_hal_cortex.o
 .debug_rnglists
                0x00000403       0x66 ./Drivers/STM32F1xx_HAL_Driver/Src/stm32f1xx_hal_flash.o
 .debug_rnglists
                0x00000469       0x73 ./Drivers/STM32F1xx_HAL_Driver/Src/stm32f1xx_hal_flash_ex.o
 .debug_rnglists
                0x000004dc       0x3f ./Drivers/STM32F1xx_HAL_Driver/Src/stm32f1xx_hal_gpio.o
 .debug_rnglists
                0x0000051b      0x23c ./Drivers/STM32F1xx_HAL_Driver/Src/stm32f1xx_hal_i2c.o
 .debug_rnglists
                0x00000757       0x7a ./Drivers/STM32F1xx_HAL_Driver/Src/stm32f1xx_hal_pwr.o
 .debug_rnglists
                0x000007d1       0x6c ./Drivers/STM32F1xx_HAL_Driver/Src/stm32f1xx_hal_rcc.o
 .debug_rnglists
                0x0000083d      0x1bc ./Drivers/STM32F1xx_HAL_Driver/Src/stm32f1xx_hal_uart.o

.debug_macro    0x00000000    0x17e9e
 .debug_macro   0x00000000      0x1bb ./Core/Src/can.o
 .debug_macro   0x000001bb      0xacc ./Core/Src/can.o
 .debug_macro   0x00000c87      0x221 ./Core/Src/can.o
 .debug_macro   0x00000ea8       0x2e ./Core/Src/can.o
 .debug_macro   0x00000ed6       0x22 ./Core/Src/can.o
 .debug_macro   0x00000ef8       0x22 ./Core/Src/can.o
 .debug_macro   0x00000f1a       0x8e ./Core/Src/can.o
 .debug_macro   0x00000fa8       0x51 ./Core/Src/can.o
 .debug_macro   0x00000ff9      0x103 ./Core/Src/can.o
 .debug_macro   0x000010fc       0x6a ./Core/Src/can.o
 .debug_macro   0x00001166      0x1df ./Core/Src/can.o
 .debug_macro   0x00001345       0x1c ./Core/Src/can.o
 .debug_macro   0x00001361       0x22 ./Core/Src/can.o
 .debug_macro   0x00001383       0xbd ./Core/Src/can.o
 .debug_macro   0x00001440      0xd23 ./Core/Src/can.o
 .debug_macro   0x00002163     0xe09e ./Core/Src/can.o
 .debug_macro   0x00010201       0x6d ./Core/Src/can.o
 .debug_macro   0x0001026e     0x34a2 ./Core/Src/can.o
 .debug_macro   0x00013710      0x190 ./Core/Src/can.o
 .debug_macro   0x000138a0       0x5c ./Core/Src/can.o
 .debug_macro   0x000138fc      0x5bc ./Core/Src/can.o
 .debug_macro   0x00013eb8      0x289 ./Core/Src/can.o
 .debug_macro   0x00014141      0x1cb ./Core/Src/can.o
 .debug_macro   0x0001430c      0x114 ./Core/Src/can.o
 .debug_macro   0x00014420      0x1b2 ./Core/Src/can.o
 .debug_macro   0x000145d2       0x27 ./Core/Src/can.o
 .debug_macro   0x000145f9      0x136 ./Core/Src/can.o
 .debug_macro   0x0001472f      0x1bc ./Core/Src/can.o
 .debug_macro   0x000148eb       0x34 ./Core/Src/can.o
 .debug_macro   0x0001491f       0x3c ./Core/Src/can.o
 .debug_macro   0x0001495b      0x408 ./Core/Src/can.o
 .debug_macro   0x00014d63       0x57 ./Core/Src/can.o
 .debug_macro   0x00014dba       0x87 ./Core/Src/can.o
 .debug_macro   0x00014e41      0x240 ./Core/Src/can.o
 .debug_macro   0x00015081      0x287 ./Core/Src/can.o
 .debug_macro   0x00015308      0x140 ./Core/Src/can.o
 .debug_macro   0x00015448      0x28e ./Core/Src/can.o
 .debug_macro   0x000156d6       0x83 ./Core/Src/can.o
 .debug_macro   0x00015759       0x5e ./Core/Src/can.o
 .debug_macro   0x000157b7      0x1bb ./Core/Src/gpio.o
 .debug_macro   0x00015972      0x1bb ./Core/Src/i2c.o
 .debug_macro   0x00015b2d      0x2f3 ./Core/Src/main.o
 .debug_macro   0x00015e20       0x61 ./Core/Src/main.o
 .debug_macro   0x00015e81       0x24 ./Core/Src/main.o
 .debug_macro   0x00015ea5       0x43 ./Core/Src/main.o
 .debug_macro   0x00015ee8       0x34 ./Core/Src/main.o
 .debug_macro   0x00015f1c      0x364 ./Core/Src/main.o
 .debug_macro   0x00016280       0x16 ./Core/Src/main.o
 .debug_macro   0x00016296       0x4a ./Core/Src/main.o
 .debug_macro   0x000162e0       0x34 ./Core/Src/main.o
 .debug_macro   0x00016314       0x10 ./Core/Src/main.o
 .debug_macro   0x00016324       0x58 ./Core/Src/main.o
 .debug_macro   0x0001637c       0x8e ./Core/Src/main.o
 .debug_macro   0x0001640a       0x1c ./Core/Src/main.o
 .debug_macro   0x00016426      0x17e ./Core/Src/main.o
 .debug_macro   0x000165a4       0x10 ./Core/Src/main.o
 .debug_macro   0x000165b4       0x3c ./Core/Src/main.o
 .debug_macro   0x000165f0       0x20 ./Core/Src/main.o
 .debug_macro   0x00016610      0x1b1 ./Core/Src/stm32f1xx_hal_msp.o
 .debug_macro   0x000167c1      0x1bb ./Core/Src/stm32f1xx_it.o
 .debug_macro   0x0001697c      0x1a2 ./Core/Src/system_stm32f1xx.o
 .debug_macro   0x00016b1e      0x1bb ./Core/Src/usart.o
 .debug_macro   0x00016cd9      0x1c6 ./Drivers/STM32F1xx_HAL_Driver/Src/stm32f1xx_hal.o
 .debug_macro   0x00016e9f      0x1b1 ./Drivers/STM32F1xx_HAL_Driver/Src/stm32f1xx_hal_can.o
 .debug_macro   0x00017050      0x1a2 ./Drivers/STM32F1xx_HAL_Driver/Src/stm32f1xx_hal_cortex.o
 .debug_macro   0x000171f2      0x1a2 ./Drivers/STM32F1xx_HAL_Driver/Src/stm32f1xx_hal_flash.o
 .debug_macro   0x00017394      0x1b4 ./Drivers/STM32F1xx_HAL_Driver/Src/stm32f1xx_hal_flash_ex.o
 .debug_macro   0x00017548      0x20d ./Drivers/STM32F1xx_HAL_Driver/Src/stm32f1xx_hal_gpio.o
 .debug_macro   0x00017755      0x1f0 ./Drivers/STM32F1xx_HAL_Driver/Src/stm32f1xx_hal_i2c.o
 .debug_macro   0x00017945      0x202 ./Drivers/STM32F1xx_HAL_Driver/Src/stm32f1xx_hal_pwr.o
 .debug_macro   0x00017b47      0x1b4 ./Drivers/STM32F1xx_HAL_Driver/Src/stm32f1xx_hal_rcc.o
 .debug_macro   0x00017cfb      0x1a3 ./Drivers/STM32F1xx_HAL_Driver/Src/stm32f1xx_hal_uart.o

.debug_line     0x00000000    0x101e8
 .debug_line    0x00000000      0x779 ./Core/Src/can.o
 .debug_line    0x00000779      0x71d ./Core/Src/gpio.o
 .debug_line    0x00000e96      0x76b ./Core/Src/i2c.o
 .debug_line    0x00001601      0xeb9 ./Core/Src/main.o
 .debug_line    0x000024ba      0x702 ./Core/Src/stm32f1xx_hal_msp.o
 .debug_line    0x00002bbc      0x7c8 ./Core/Src/stm32f1xx_it.o
 .debug_line    0x00003384      0x780 ./Core/Src/system_stm32f1xx.o
 .debug_line    0x00003b04      0x76b ./Core/Src/usart.o
 .debug_line    0x0000426f       0x78 ./Core/Startup/startup_stm32f103rbtx.o
 .debug_line    0x000042e7      0x9b4 ./Drivers/STM32F1xx_HAL_Driver/Src/stm32f1xx_hal.o
 .debug_line    0x00004c9b     0x11aa ./Drivers/STM32F1xx_HAL_Driver/Src/stm32f1xx_hal_can.o
 .debug_line    0x00005e45      0xb7b ./Drivers/STM32F1xx_HAL_Driver/Src/stm32f1xx_hal_cortex.o
 .debug_line    0x000069c0      0xa6b ./Drivers/STM32F1xx_HAL_Driver/Src/stm32f1xx_hal_flash.o
 .debug_line    0x0000742b      0xb78 ./Drivers/STM32F1xx_HAL_Driver/Src/stm32f1xx_hal_flash_ex.o
 .debug_line    0x00007fa3      0xa0b ./Drivers/STM32F1xx_HAL_Driver/Src/stm32f1xx_hal_gpio.o
 .debug_line    0x000089ae     0x3bae ./Drivers/STM32F1xx_HAL_Driver/Src/stm32f1xx_hal_i2c.o
 .debug_line    0x0000c55c      0x955 ./Drivers/STM32F1xx_HAL_Driver/Src/stm32f1xx_hal_pwr.o
 .debug_line    0x0000ceb1      0xe6a ./Drivers/STM32F1xx_HAL_Driver/Src/stm32f1xx_hal_rcc.o
 .debug_line    0x0000dd1b     0x24cd ./Drivers/STM32F1xx_HAL_Driver/Src/stm32f1xx_hal_uart.o

.debug_str      0x00000000    0x875de
 .debug_str     0x00000000    0x875de ./Core/Src/can.o
                              0x80921 (size before relaxing)
 .debug_str     0x000875de    0x80952 ./Core/Src/gpio.o
 .debug_str     0x000875de    0x80b05 ./Core/Src/i2c.o
 .debug_str     0x000875de    0x84afb ./Core/Src/main.o
 .debug_str     0x000875de    0x805d3 ./Core/Src/stm32f1xx_hal_msp.o
 .debug_str     0x000875de    0x8062a ./Core/Src/stm32f1xx_it.o
 .debug_str     0x000875de    0x804bc ./Core/Src/system_stm32f1xx.o
 .debug_str     0x000875de    0x80a93 ./Core/Src/usart.o
 .debug_str     0x000875de       0x6f ./Core/Startup/startup_stm32f103rbtx.o
 .debug_str     0x000875de    0x80bef ./Drivers/STM32F1xx_HAL_Driver/Src/stm32f1xx_hal.o
 .debug_str     0x000875de    0x80cc4 ./Drivers/STM32F1xx_HAL_Driver/Src/stm32f1xx_hal_can.o
 .debug_str     0x000875de    0x80b3b ./Drivers/STM32F1xx_HAL_Driver/Src/stm32f1xx_hal_cortex.o
 .debug_str     0x000875de    0x80797 ./Drivers/STM32F1xx_HAL_Driver/Src/stm32f1xx_hal_flash.o
 .debug_str     0x000875de    0x80945 ./Drivers/STM32F1xx_HAL_Driver/Src/stm32f1xx_hal_flash_ex.o
 .debug_str     0x000875de    0x80842 ./Drivers/STM32F1xx_HAL_Driver/Src/stm32f1xx_hal_gpio.o
 .debug_str     0x000875de    0x81583 ./Drivers/STM32F1xx_HAL_Driver/Src/stm32f1xx_hal_i2c.o
 .debug_str     0x000875de    0x809f3 ./Drivers/STM32F1xx_HAL_Driver/Src/stm32f1xx_hal_pwr.o
 .debug_str     0x000875de    0x808eb ./Drivers/STM32F1xx_HAL_Driver/Src/stm32f1xx_hal_rcc.o
 .debug_str     0x000875de    0x80f5c ./Drivers/STM32F1xx_HAL_Driver/Src/stm32f1xx_hal_uart.o

.comment        0x00000000       0x43
 .comment       0x00000000       0x43 ./Core/Src/can.o
                                 0x44 (size before relaxing)
 .comment       0x00000043       0x44 ./Core/Src/gpio.o
 .comment       0x00000043       0x44 ./Core/Src/i2c.o
 .comment       0x00000043       0x44 ./Core/Src/main.o
 .comment       0x00000043       0x44 ./Core/Src/stm32f1xx_hal_msp.o
 .comment       0x00000043       0x44 ./Core/Src/stm32f1xx_it.o
 .comment       0x00000043       0x44 ./Core/Src/system_stm32f1xx.o
 .comment       0x00000043       0x44 ./Core/Src/usart.o
 .comment       0x00000043       0x44 ./Drivers/STM32F1xx_HAL_Driver/Src/stm32f1xx_hal.o
 .comment       0x00000043       0x44 ./Drivers/STM32F1xx_HAL_Driver/Src/stm32f1xx_hal_can.o
 .comment       0x00000043       0x44 ./Drivers/STM32F1xx_HAL_Driver/Src/stm32f1xx_hal_cortex.o
 .comment       0x00000043       0x44 ./Drivers/STM32F1xx_HAL_Driver/Src/stm32f1xx_hal_flash.o
 .comment       0x00000043       0x44 ./Drivers/STM32F1xx_HAL_Driver/Src/stm32f1xx_hal_flash_ex.o
 .comment       0x00000043       0x44 ./Drivers/STM32F1xx_HAL_Driver/Src/stm32f1xx_hal_gpio.o
 .comment       0x00000043       0x44 ./Drivers/STM32F1xx_HAL_Driver/Src/stm32f1xx_hal_i2c.o
 .comment       0x00000043       0x44 ./Drivers/STM32F1xx_HAL_Driver/Src/stm32f1xx_hal_pwr.o
 .comment       0x00000043       0x44 ./Drivers/STM32F1xx_HAL_Driver/Src/stm32f1xx_hal_rcc.o
 .comment       0x00000043       0x44 ./Drivers/STM32F1xx_HAL_Driver/Src/stm32f1xx_hal_uart.o

.debug_frame    0x00000000     0x316c
 .debug_frame   0x00000000       0x74 ./Core/Src/can.o
 .debug_frame   0x00000074       0x34 ./Core/Src/gpio.o
 .debug_frame   0x000000a8       0x74 ./Core/Src/i2c.o
 .debug_frame   0x0000011c      0x388 ./Core/Src/main.o
 .debug_frame   0x000004a4       0x34 ./Core/Src/stm32f1xx_hal_msp.o
 .debug_frame   0x000004d8      0x114 ./Core/Src/stm32f1xx_it.o
 .debug_frame   0x000005ec       0x50 ./Core/Src/system_stm32f1xx.o
 .debug_frame   0x0000063c       0x74 ./Core/Src/usart.o
 .debug_frame   0x000006b0      0x2e4 ./Drivers/STM32F1xx_HAL_Driver/Src/stm32f1xx_hal.o
 .debug_frame   0x00000994      0x524 ./Drivers/STM32F1xx_HAL_Driver/Src/stm32f1xx_hal_can.o
 .debug_frame   0x00000eb8      0x3f0 ./Drivers/STM32F1xx_HAL_Driver/Src/stm32f1xx_hal_cortex.o
 .debug_frame   0x000012a8      0x1e8 ./Drivers/STM32F1xx_HAL_Driver/Src/stm32f1xx_hal_flash.o
 .debug_frame   0x00001490      0x240 ./Drivers/STM32F1xx_HAL_Driver/Src/stm32f1xx_hal_flash_ex.o
 .debug_frame   0x000016d0      0x130 ./Drivers/STM32F1xx_HAL_Driver/Src/stm32f1xx_hal_gpio.o
 .debug_frame   0x00001800      0xbf4 ./Drivers/STM32F1xx_HAL_Driver/Src/stm32f1xx_hal_i2c.o
 .debug_frame   0x000023f4      0x230 ./Drivers/STM32F1xx_HAL_Driver/Src/stm32f1xx_hal_pwr.o
 .debug_frame   0x00002624      0x1f8 ./Drivers/STM32F1xx_HAL_Driver/Src/stm32f1xx_hal_rcc.o
 .debug_frame   0x0000281c      0x8dc ./Drivers/STM32F1xx_HAL_Driver/Src/stm32f1xx_hal_uart.o
 .debug_frame   0x000030f8       0x20 C:/ST/STM32CubeIDE_1.17.0/STM32CubeIDE/plugins/com.st.stm32cube.ide.mcu.externaltools.gnu-tools-for-stm32.14.3.rel1.win32_1.0.100.202602081740/tools/bin/../lib/gcc/arm-none-eabi/14.3.1/../../../../arm-none-eabi/lib/thumb/v7-m/nofp\libc_nano.a(libc_a-memset.o)
 .debug_frame   0x00003118       0x2c C:/ST/STM32CubeIDE_1.17.0/STM32CubeIDE/plugins/com.st.stm32cube.ide.mcu.externaltools.gnu-tools-for-stm32.14.3.rel1.win32_1.0.100.202602081740/tools/bin/../lib/gcc/arm-none-eabi/14.3.1/../../../../arm-none-eabi/lib/thumb/v7-m/nofp\libc_nano.a(libc_a-init.o)
 .debug_frame   0x00003144       0x28 C:/ST/STM32CubeIDE_1.17.0/STM32CubeIDE/plugins/com.st.stm32cube.ide.mcu.externaltools.gnu-tools-for-stm32.14.3.rel1.win32_1.0.100.202602081740/tools/bin/../lib/gcc/arm-none-eabi/14.3.1/../../../../arm-none-eabi/lib/thumb/v7-m/nofp\libc_nano.a(libc_a-memcpy-stub.o)

.debug_line_str
                0x00000000       0x53
 .debug_line_str
                0x00000000       0x53 ./Core/Startup/startup_stm32f103rbtx.o
