Component: Arm Compiler for Embedded 6.24 Tool: armlink [5f371500]

==============================================================================

Section Cross References

    startup_stm32l073xx.o(STACK) refers (Special) to heapauxi.o(.text) for __use_two_region_memory
    startup_stm32l073xx.o(HEAP) refers (Special) to heapauxi.o(.text) for __use_two_region_memory
    startup_stm32l073xx.o(RESET) refers (Special) to heapauxi.o(.text) for __use_two_region_memory
    startup_stm32l073xx.o(RESET) refers to startup_stm32l073xx.o(STACK) for __initial_sp
    startup_stm32l073xx.o(RESET) refers to startup_stm32l073xx.o(.text) for Reset_Handler
    startup_stm32l073xx.o(RESET) refers to stm32l0xx_it.o(.text.NMI_Handler) for NMI_Handler
    startup_stm32l073xx.o(RESET) refers to stm32l0xx_it.o(.text.HardFault_Handler) for HardFault_Handler
    startup_stm32l073xx.o(RESET) refers to stm32l0xx_it.o(.text.SVC_Handler) for SVC_Handler
    startup_stm32l073xx.o(RESET) refers to stm32l0xx_it.o(.text.PendSV_Handler) for PendSV_Handler
    startup_stm32l073xx.o(RESET) refers to stm32l0xx_it.o(.text.SysTick_Handler) for SysTick_Handler
    startup_stm32l073xx.o(RESET) refers to stm32l0xx_it.o(.text.EXTI4_15_IRQHandler) for EXTI4_15_IRQHandler
    startup_stm32l073xx.o(RESET) refers to stm32l0xx_it.o(.text.USART2_IRQHandler) for USART2_IRQHandler
    startup_stm32l073xx.o(.text) refers (Special) to heapauxi.o(.text) for __use_two_region_memory
    startup_stm32l073xx.o(.text) refers to system_stm32l0xx.o(.text.SystemInit) for SystemInit
    startup_stm32l073xx.o(.text) refers to __main.o(!!!main) for __main
    startup_stm32l073xx.o(.text) refers to startup_stm32l073xx.o(HEAP) for Heap_Mem
    startup_stm32l073xx.o(.text) refers to startup_stm32l073xx.o(STACK) for Stack_Mem
    hw_vcom.o(.text.HW_VCOM_Init) refers to stm32l0xx_hal_uart.o(.text.HAL_UART_Init) for HAL_UART_Init
    hw_vcom.o(.text.HW_VCOM_Init) refers to main.o(.text.Error_Handler) for Error_Handler
    hw_vcom.o(.text.HW_VCOM_Init) refers to stm32l0xx_hal_uart.o(.text.HAL_UART_Receive_IT) for HAL_UART_Receive_IT
    hw_vcom.o(.text.HW_VCOM_Init) refers to hw_vcom.o(.bss.huart) for huart
    hw_vcom.o(.text.HW_VCOM_Init) refers to hw_vcom.o(.bss.uart2_rcvbuf) for uart2_rcvbuf
    hw_vcom.o(.ARM.exidx.text.HW_VCOM_Init) refers to hw_vcom.o(.text.HW_VCOM_Init) for [Anonymous Symbol]
    hw_vcom.o(.ARM.exidx.text.DBGPrintf) refers to hw_vcom.o(.text.DBGPrintf) for [Anonymous Symbol]
    hw_vcom.o(.text.Printf) refers to vsprintf.o(.text) for vsprintf
    hw_vcom.o(.text.Printf) refers to rt_memcpy.o(.text) for __aeabi_memcpy
    hw_vcom.o(.text.Printf) refers to hw_vcom.o(.text.HW_VCOM_TxData) for HW_VCOM_TxData
    hw_vcom.o(.text.Printf) refers to hw_vcom.o(.bss.iw) for iw
    hw_vcom.o(.text.Printf) refers to hw_vcom.o(.bss.buff) for [Anonymous Symbol]
    hw_vcom.o(.ARM.exidx.text.Printf) refers to hw_vcom.o(.text.Printf) for [Anonymous Symbol]
    hw_vcom.o(.text.HW_VCOM_TxData) refers to stm32l0xx_hal_uart.o(.text.HAL_UART_Transmit) for HAL_UART_Transmit
    hw_vcom.o(.text.HW_VCOM_TxData) refers to hw_vcom.o(.bss.iw) for iw
    hw_vcom.o(.text.HW_VCOM_TxData) refers to hw_vcom.o(.bss.ir) for [Anonymous Symbol]
    hw_vcom.o(.text.HW_VCOM_TxData) refers to hw_vcom.o(.bss.buff) for [Anonymous Symbol]
    hw_vcom.o(.text.HW_VCOM_TxData) refers to hw_vcom.o(.bss.huart) for huart
    hw_vcom.o(.ARM.exidx.text.HW_VCOM_TxData) refers to hw_vcom.o(.text.HW_VCOM_TxData) for [Anonymous Symbol]
    hw_vcom.o(.text.HW_VCOM_RxCpltCallback) refers to hw_vcom.o(.text.receive) for receive
    hw_vcom.o(.text.HW_VCOM_RxCpltCallback) refers to stm32l0xx_hal_uart.o(.text.HAL_UART_Receive_IT) for HAL_UART_Receive_IT
    hw_vcom.o(.text.HW_VCOM_RxCpltCallback) refers to hw_vcom.o(.bss.uart2_rcvbuf) for uart2_rcvbuf
    hw_vcom.o(.ARM.exidx.text.HW_VCOM_RxCpltCallback) refers to hw_vcom.o(.text.HW_VCOM_RxCpltCallback) for [Anonymous Symbol]
    hw_vcom.o(.text.receive) refers to hw_vcom.o(.text.Printf) for Printf
    hw_vcom.o(.text.receive) refers to hw_vcom.o(.bss.uart_context) for [Anonymous Symbol]
    hw_vcom.o(.text.receive) refers to hw_vcom.o(.rodata.str1.1) for [Anonymous Symbol]
    hw_vcom.o(.ARM.exidx.text.receive) refers to hw_vcom.o(.text.receive) for [Anonymous Symbol]
    hw_vcom.o(.text.HAL_UART_ErrorCallback) refers to main.o(.text.Error_Handler) for Error_Handler
    hw_vcom.o(.ARM.exidx.text.HAL_UART_ErrorCallback) refers to hw_vcom.o(.text.HAL_UART_ErrorCallback) for [Anonymous Symbol]
    hw_vcom.o(.text.IsNewCharReceived) refers to hw_vcom.o(.bss.uart_context) for [Anonymous Symbol]
    hw_vcom.o(.ARM.exidx.text.IsNewCharReceived) refers to hw_vcom.o(.text.IsNewCharReceived) for [Anonymous Symbol]
    hw_vcom.o(.text.GetNewChar) refers to hw_vcom.o(.bss.uart_context) for [Anonymous Symbol]
    hw_vcom.o(.ARM.exidx.text.GetNewChar) refers to hw_vcom.o(.text.GetNewChar) for [Anonymous Symbol]
[...]
    [Anonymous Symbol]                       0x08005420   Section        0  adc_if.o(.text.SYS_GetBatteryLevel)
    __arm_cp.4_0                             0x08005470   Number         4  adc_if.o(.text.SYS_GetBatteryLevel)
    __arm_cp.4_1                             0x08005474   Number         4  adc_if.o(.text.SYS_GetBatteryLevel)
    __arm_cp.4_2                             0x08005478   Number         4  adc_if.o(.text.SYS_GetBatteryLevel)
    __arm_cp.4_3                             0x0800547c   Number         4  adc_if.o(.text.SYS_GetBatteryLevel)
    [Anonymous Symbol]                       0x08005480   Section        0  adc_if.o(.text.SYS_InitMeasurement)
    __arm_cp.0_0                             0x080054a0   Number         4  adc_if.o(.text.SYS_InitMeasurement)
    __arm_cp.0_1                             0x080054a4   Number         4  adc_if.o(.text.SYS_InitMeasurement)
    SysTick_Config                           0x080054a9   Thumb Code    68  stm32l0xx_hal_cortex.o(.text.SysTick_Config)
    [Anonymous Symbol]                       0x080054a8   Section        0  stm32l0xx_hal_cortex.o(.text.SysTick_Config)
    __arm_cp.9_0                             0x080054ec   Number         4  stm32l0xx_hal_cortex.o(.text.SysTick_Config)
    __arm_cp.9_1                             0x080054f0   Number         4  stm32l0xx_hal_cortex.o(.text.SysTick_Config)
    __arm_cp.9_2                             0x080054f4   Number         4  stm32l0xx_hal_cortex.o(.text.SysTick_Config)
    [Anonymous Symbol]                       0x080054f8   Section        0  stm32l0xx_it.o(.text.SysTick_Handler)
    [Anonymous Symbol]                       0x08005500   Section        0  main.o(.text.SystemClock_Config)
    __arm_cp.5_0                             0x08005598   Number         4  main.o(.text.SystemClock_Config)
    [Anonymous Symbol]                       0x0800559c   Section        0  system_stm32l0xx.o(.text.SystemInit)
    [Anonymous Symbol]                       0x0800559e   Section        0  stm32l0xx_hal_uart.o(.text.UART_AdvFeatureConfig)
    [Anonymous Symbol]                       0x080056f8   Section        0  stm32l0xx_hal_uart.o(.text.UART_CheckIdleState)
    __arm_cp.4_0                             0x08005850   Number         4  stm32l0xx_hal_uart.o(.text.UART_CheckIdleState)
    UART_DMAAbortOnError                     0x08005855   Thumb Code    36  stm32l0xx_hal_uart.o(.text.UART_DMAAbortOnError)
    [Anonymous Symbol]                       0x08005854   Section        0  stm32l0xx_hal_uart.o(.text.UART_DMAAbortOnError)
    UART_EndRxTransfer                       0x08005879   Thumb Code   176  stm32l0xx_hal_uart.o(.text.UART_EndRxTransfer)
    [Anonymous Symbol]                       0x08005878   Section        0  stm32l0xx_hal_uart.o(.text.UART_EndRxTransfer)
    UART_EndTransmit_IT                      0x08005929   Thumb Code    74  stm32l0xx_hal_uart.o(.text.UART_EndTransmit_IT)
    [Anonymous Symbol]                       0x08005928   Section        0  stm32l0xx_hal_uart.o(.text.UART_EndTransmit_IT)
    UART_RxISR_16BIT                         0x08005975   Thumb Code   400  stm32l0xx_hal_uart.o(.text.UART_RxISR_16BIT)
    [Anonymous Symbol]                       0x08005974   Section        0  stm32l0xx_hal_uart.o(.text.UART_RxISR_16BIT)
    UART_RxISR_8BIT                          0x08005b05   Thumb Code   396  stm32l0xx_hal_uart.o(.text.UART_RxISR_8BIT)
    [Anonymous Symbol]                       0x08005b04   Section        0  stm32l0xx_hal_uart.o(.text.UART_RxISR_8BIT)
    __arm_cp.63_0                            0x08005c90   Number         4  stm32l0xx_hal_uart.o(.text.UART_RxISR_8BIT)
    [Anonymous Symbol]                       0x08005c94   Section        0  stm32l0xx_hal_uart.o(.text.UART_SetConfig)
    __arm_cp.2_16                            0x080060a8   Number         4  stm32l0xx_hal_uart.o(.text.UART_SetConfig)
    __arm_cp.2_17                            0x080060e0   Number         4  stm32l0xx_hal_uart.o(.text.UART_SetConfig)
    __arm_cp.2_0                             0x08006178   Number         4  stm32l0xx_hal_uart.o(.text.UART_SetConfig)
    __arm_cp.2_3                             0x0800617c   Number         4  stm32l0xx_hal_uart.o(.text.UART_SetConfig)
    __arm_cp.2_4                             0x08006180   Number         4  stm32l0xx_hal_uart.o(.text.UART_SetConfig)
    __arm_cp.2_5                             0x08006184   Number         4  stm32l0xx_hal_uart.o(.text.UART_SetConfig)
    __arm_cp.2_6                             0x08006188   Number         4  stm32l0xx_hal_uart.o(.text.UART_SetConfig)
    __arm_cp.2_7                             0x0800618c   Number         4  stm32l0xx_hal_uart.o(.text.UART_SetConfig)
    __arm_cp.2_8                             0x08006190   Number         4  stm32l0xx_hal_uart.o(.text.UART_SetConfig)
    __arm_cp.2_9                             0x08006194   Number         4  stm32l0xx_hal_uart.o(.text.UART_SetConfig)
    [Anonymous Symbol]                       0x08006198   Section        0  stm32l0xx_hal_uart.o(.text.UART_Start_Receive_IT)
    __arm_cp.17_0                            0x0800632c   Number         4  stm32l0xx_hal_uart.o(.text.UART_Start_Receive_IT)
    __arm_cp.17_1                            0x08006330   Number         4  stm32l0xx_hal_uart.o(.text.UART_Start_Receive_IT)
    __arm_cp.17_2                            0x08006334   Number         4  stm32l0xx_hal_uart.o(.text.UART_Start_Receive_IT)
    [Anonymous Symbol]                       0x08006338   Section        0  stm32l0xx_hal_uart.o(.text.UART_WaitOnFlagUntilTimeout)
    [Anonymous Symbol]                       0x08006430   Section        0  stm32l0xx_it.o(.text.USART2_IRQHandler)
    __arm_cp.6_0                             0x0800643c   Number         4  stm32l0xx_it.o(.text.USART2_IRQHandler)
    __NVIC_EnableIRQ                         0x08006441   Thumb Code    40  stm32l0xx_hal_cortex.o(.text.__NVIC_EnableIRQ)
    [Anonymous Symbol]                       0x08006440   Section        0  stm32l0xx_hal_cortex.o(.text.__NVIC_EnableIRQ)
    __arm_cp.3_0                             0x08006468   Number         4  stm32l0xx_hal_cortex.o(.text.__NVIC_EnableIRQ)
    __NVIC_SetPriority                       0x0800646d   Thumb Code   124  stm32l0xx_hal_cortex.o(.text.__NVIC_SetPriority)
    [Anonymous Symbol]                       0x0800646c   Section        0  stm32l0xx_hal_cortex.o(.text.__NVIC_SetPriority)
    __arm_cp.1_0                             0x080064e8   Number         4  stm32l0xx_hal_cortex.o(.text.__NVIC_SetPriority)
    __arm_cp.1_1                             0x080064ec   Number         4  stm32l0xx_hal_cortex.o(.text.__NVIC_SetPriority)
    [Anonymous Symbol]                       0x080064f0   Section        0  at.o(.text.at_read_LM35)
    __arm_cp.5_0                             0x08006514   Number         4  at.o(.text.at_read_LM35)
    [Anonymous Symbol]                       0x08006518   Section        0  at.o(.text.at_return_error)
    [Anonymous Symbol]                       0x08006522   Section        0  at.o(.text.at_set_led)
    com_error                                0x0800656d   Thumb Code    44  command.o(.text.com_error)
    [Anonymous Symbol]                       0x0800656c   Section        0  command.o(.text.com_error)
    __arm_cp.2_0                             0x08006598   Number         4  command.o(.text.com_error)
    [Anonymous Symbol]                       0x0800659c   Section        0  main.o(.text.delay)
    [Anonymous Symbol]                       0x080065bc   Section        0  main.o(.text.main)
    __arm_cp.4_0                             0x08006628   Number         4  main.o(.text.main)
    __arm_cp.4_1                             0x0800662c   Number         4  main.o(.text.main)
    __arm_cp.4_2                             0x08006630   Number         4  main.o(.text.main)
    parse_cmd                                0x08006635   Thumb Code   328  command.o(.text.parse_cmd)
    [Anonymous Symbol]                       0x08006634   Section        0  command.o(.text.parse_cmd)
    __arm_cp.3_0                             0x0800677c   Number         4  command.o(.text.parse_cmd)
    __arm_cp.3_1                             0x08006780   Number         4  command.o(.text.parse_cmd)
    receive                                  0x08006785   Thumb Code    88  hw_vcom.o(.text.receive)
    [Anonymous Symbol]                       0x08006784   Section        0  hw_vcom.o(.text.receive)
    __arm_cp.5_0                             0x080067dc   Number         4  hw_vcom.o(.text.receive)
    __arm_cp.5_1                             0x080067e0   Number         4  hw_vcom.o(.text.receive)
    i.__ARM_common_ll_muluu                  0x080067e4   Section        0  btod.o(i.__ARM_common_ll_muluu)
    i.__ARM_fpclassify                       0x08006814   Section        0  fpclassify.o(i.__ARM_fpclassify)
    i._is_digit                              0x08006840   Section        0  __printf_wp.o(i._is_digit)
    locale$$code                             0x08006850   Section       44  lc_numeric_c.o(locale$$code)
    locale$$code                             0x0800687c   Section       44  lc_ctype_c.o(locale$$code)
    x$fpl$printf1                            0x080068a8   Section       16  printf1.o(x$fpl$printf1)
    x$fpl$printf2                            0x080068b8   Section       16  printf2.o(x$fpl$printf2)
    ddiv_reciptbl                            0x080068c8   Data         128  ddiv.o(.constdata)
    .constdata                               0x080068c8   Section      128  ddiv.o(.constdata)
    x$fpl$usenofp                            0x080068c8   Section        0  usenofp.o(x$fpl$usenofp)
    initial_mbstate                          0x08006948   Data           8  _printf_wctomb.o(.constdata)
    .constdata                               0x08006948   Section        8  _printf_wctomb.o(.constdata)
    uc_hextab                                0x08006950   Data          20  _printf_hex_int_ll_ptr.o(.constdata)
    .constdata                               0x08006950   Section       40  _printf_hex_int_ll_ptr.o(.constdata)
    lc_hextab                                0x08006964   Data          20  _printf_hex_int_ll_ptr.o(.constdata)
    maptable                                 0x08006978   Data          17  __printf_flags_ss_wp.o(.constdata)
    .constdata                               0x08006978   Section       17  __printf_flags_ss_wp.o(.constdata)
    lc_hextab                                0x08006989   Data          19  _printf_fp_hex.o(.constdata)
    .constdata                               0x08006989   Section       38  _printf_fp_hex.o(.constdata)
    uc_hextab                                0x0800699c   Data          19  _printf_fp_hex.o(.constdata)
    tenpwrs_x                                0x080069b0   Data          60  bigflt0.o(.constdata)
    .constdata                               0x080069b0   Section      148  bigflt0.o(.constdata)
    tenpwrs_i                                0x080069ec   Data          64  bigflt0.o(.constdata)
    ATCommand                                0x08006a5c   Data          72  command.o(.rodata.ATCommand)
    [Anonymous Symbol]                       0x08006a5c   Section        0  command.o(.rodata.ATCommand)
    ATError_description                      0x08006aa4   Data          32  command.o(.rodata.ATError_description)
    [Anonymous Symbol]                       0x08006aa4   Section        0  command.o(.rodata.ATError_description)
    [Anonymous Symbol]                       0x08006ad5   Section        0  hw_vcom.o(.rodata.str1.1)
    [Anonymous Symbol]                       0x08006afe   Section        0  at.o(.rodata.str1.1)
    [Anonymous Symbol]                       0x08006b10   Section        0  command.o(.rodata.str1.1)
    [Anonymous Symbol]                       0x08006c76   Section        0  main.o(.rodata.str1.1)
    [Anonymous Symbol]                       0x08006ccf   Section        0  adc_if.o(.rodata.str1.1)
    locale$$data                             0x08006d28   Section       28  lc_numeric_c.o(locale$$data)
    __lcnum_c_name                           0x08006d2c   Data           2  lc_numeric_c.o(locale$$data)
    __lcnum_c_start                          0x08006d34   Data           0  lc_numeric_c.o(locale$$data)
    __lcnum_c_point                          0x08006d40   Data           0  lc_numeric_c.o(locale$$data)
    __lcnum_c_thousands                      0x08006d42   Data           0  lc_numeric_c.o(locale$$data)
    __lcnum_c_grouping                       0x08006d43   Data           0  lc_numeric_c.o(locale$$data)
    __lcnum_c_end                            0x08006d44   Data           0  lc_numeric_c.o(locale$$data)
    locale$$data                             0x08006d44   Section      272  lc_ctype_c.o(locale$$data)
    __lcctype_c_name                         0x08006d48   Data           2  lc_ctype_c.o(locale$$data)
    __lcctype_c_start                        0x08006d50   Data           0  lc_ctype_c.o(locale$$data)
    __lcctype_c_end                          0x08006e54   Data           0  lc_ctype_c.o(locale$$data)
    .bss                                     0x20000018   Section       96  libspace.o(.bss)
    CMD_Process.command                      0x20000078   Data         128  command.o(.bss.CMD_Process.command)
    [Anonymous Symbol]                       0x20000078   Section        0  command.o(.bss.CMD_Process.command)
    CMD_Process.i                            0x200000f8   Data           4  command.o(.bss.CMD_Process.i)
    [Anonymous Symbol]                       0x200000f8   Section        0  command.o(.bss.CMD_Process.i)
    buff                                     0x200000fd   Data         256  hw_vcom.o(.bss.buff)
    [Anonymous Symbol]                       0x200000fd   Section        0  hw_vcom.o(.bss.buff)
    ir                                       0x200002ec   Data           2  hw_vcom.o(.bss.ir)
    [Anonymous Symbol]                       0x200002ec   Section        0  hw_vcom.o(.bss.ir)
    uart_context                             0x200002f8   Data         268  hw_vcom.o(.bss.uart_context)
    [Anonymous Symbol]                       0x200002f8   Section        0  hw_vcom.o(.bss.uart_context)
    Heap_Mem                                 0x20000408   Data         512  startup_stm32l073xx.o(HEAP)
    HEAP                                     0x20000408   Section      512  startup_stm32l073xx.o(HEAP)
    Stack_Mem                                0x20000608   Data        1024  startup_stm32l073xx.o(STACK)
    STACK                                    0x20000608   Section     1024  startup_stm32l073xx.o(STACK)
    __initial_sp                             0x20000a08   Data           0  startup_stm32l073xx.o(STACK)

    Global Symbols

    Symbol Name                              Value     Ov Type        Size  Object(Section)

    BuildAttributes$$THM_ISAv3M$S$PE$A:L22$X:L11$S22$IEEE1$IW$~IW$USESV6$~STKCKD$USESV7$~SHL$OTIME$ROPI$IEEEJ$EBA8$UX$STANDARDLIB$REQ8$PRES8$EABIv2 0x00000000   Number         0  anon$$obj.o ABSOLUTE
    _printf_flags                            0x00000000   Number         0  printf_stubs.o ABSOLUTE
    _printf_return_value                     0x00000000   Number         0  printf_stubs.o ABSOLUTE
    _printf_sizespec                         0x00000000   Number         0  printf_stubs.o ABSOLUTE
    _printf_widthprec                        0x00000000   Number         0  printf_stubs.o ABSOLUTE
    __ARM_exceptions_init                     - Undefined Weak Reference
    __alloca_initialize                       - Undefined Weak Reference
    __arm_preinit_                            - Undefined Weak Reference
    __arm_relocate_pie_                       - Undefined Weak Reference
    __cpp_initialize__aeabi_                  - Undefined Weak Reference
    __cxa_finalize                            - Undefined Weak Reference
    __sigvec_lookup                           - Undefined Weak Reference
    _atexit_init                              - Undefined Weak Reference
    _call_atexit_fns                          - Undefined Weak Reference
    _clock_init                               - Undefined Weak Reference
    _fp_trap_init                             - Undefined Weak Reference
    _fp_trap_shutdown                         - Undefined Weak Reference
    _get_lc_collate                           - Undefined Weak Reference
    _get_lc_monetary                          - Undefined Weak Reference
    _get_lc_time                              - Undefined Weak Reference
    _getenv_init                              - Undefined Weak Reference
    _handle_redirection                       - Undefined Weak Reference
    _init_alloc                               - Undefined Weak Reference
    _init_user_alloc                          - Undefined Weak Reference
    _initio                                   - Undefined Weak Reference
    _printf_mbtowc                            - Undefined Weak Reference
    _printf_wc                                - Undefined Weak Reference
    _rand_init                                - Undefined Weak Reference
    _signal_finish                            - Undefined Weak Reference
    _signal_init                              - Undefined Weak Reference
    _terminate_alloc                          - Undefined Weak Reference
    _terminate_user_alloc                     - Undefined Weak Reference
    _terminateio                              - Undefined Weak Reference
    __Vectors_Size                           0x000000c0   Number         0  startup_stm32l073xx.o ABSOLUTE
    __Vectors                                0x08000000   Data           4  startup_stm32l073xx.o(RESET)
    __Vectors_End                            0x080000c0   Data           0  startup_stm32l073xx.o(RESET)
    __main                                   0x080000c1   Thumb Code     8  __main.o(!!!main)
    __scatterload                            0x080000c9   Thumb Code     0  __scatter.o(!!!scatter)
    __scatterload_rt2                        0x080000c9   Thumb Code    74  __scatter.o(!!!scatter)
    __scatterload_rt2_thumb_only             0x080000c9   Thumb Code     0  __scatter.o(!!!scatter)
    __scatterload_loop                       0x080000d3   Thumb Code     0  __scatter.o(!!!scatter)
    __scatterload_copy                       0x0800011d   Thumb Code    26  __scatter_copy.o(!!handler_copy)
    __scatterload_null                       0x08000139   Thumb Code     2  __scatter.o(!!handler_null)
    __scatterload_zeroinit                   0x0800013d   Thumb Code    28  __scatter_zi.o(!!handler_zi)
    _printf_percent                          0x08000159   Thumb Code     0  _printf_percent.o(.ARM.Collect$$_printf_percent$$00000000)
    _printf_n                                0x0800015b   Thumb Code     0  _printf_n.o(.ARM.Collect$$_printf_percent$$00000001)
    _printf_p                                0x08000165   Thumb Code     0  _printf_p.o(.ARM.Collect$$_printf_percent$$00000002)
    _printf_f                                0x0800016f   Thumb Code     0  _printf_f.o(.ARM.Collect$$_printf_percent$$00000003)
    _printf_e                                0x08000179   Thumb Code     0  _printf_e.o(.ARM.Collect$$_printf_percent$$00000004)
    _printf_g                                0x08000183   Thumb Code     0  _printf_g.o(.ARM.Collect$$_printf_percent$$00000005)
    _printf_a                                0x0800018d   Thumb Code     0  _printf_a.o(.ARM.Collect$$_printf_percent$$00000006)
    _printf_ll                               0x08000197   Thumb Code     0  _printf_ll.o(.ARM.Collect$$_printf_percent$$00000007)
    _printf_i                                0x080001a1   Thumb Code     0  _printf_i.o(.ARM.Collect$$_printf_percent$$00000008)
    _printf_d                                0x080001ab   Thumb Code     0  _printf_d.o(.ARM.Collect$$_printf_percent$$00000009)
    _printf_u                                0x080001b5   Thumb Code     0  _printf_u.o(.ARM.Collect$$_printf_percent$$0000000A)
    _printf_o                                0x080001bf   Thumb Code     0  _printf_o.o(.ARM.Collect$$_printf_percent$$0000000B)
    _printf_x                                0x080001c9   Thumb Code     0  _printf_x.o(.ARM.Collect$$_printf_percent$$0000000C)
    _printf_lli                              0x080001d3   Thumb Code     0  _printf_lli.o(.ARM.Collect$$_printf_percent$$0000000D)
    _printf_lld                              0x080001dd   Thumb Code     0  _printf_lld.o(.ARM.Collect$$_printf_percent$$0000000E)
    _printf_llu                              0x080001e7   Thumb Code     0  _printf_llu.o(.ARM.Collect$$_printf_percent$$0000000F)
    _printf_llo                              0x080001f1   Thumb Code     0  _printf_llo.o(.ARM.Collect$$_printf_percent$$00000010)
    _printf_llx                              0x080001fb   Thumb Code     0  _printf_llx.o(.ARM.Collect$$_printf_percent$$00000011)
    _printf_l                                0x08000205   Thumb Code     0  _printf_l.o(.ARM.Collect$$_printf_percent$$00000012)
    _printf_c                                0x0800020f   Thumb Code     0  _printf_c.o(.ARM.Collect$$_printf_percent$$00000013)
    _printf_s                                0x08000219   Thumb Code     0  _printf_s.o(.ARM.Collect$$_printf_percent$$00000014)
    _printf_lc                               0x08000223   Thumb Code     0  _printf_lc.o(.ARM.Collect$$_printf_percent$$00000015)
    _printf_ls                               0x0800022d   Thumb Code     0  _printf_ls.o(.ARM.Collect$$_printf_percent$$00000016)
    _printf_percent_end                      0x08000237   Thumb Code     0  _printf_percent_end.o(.ARM.Collect$$_printf_percent$$00000017)
    __rt_lib_init                            0x0800023b   Thumb Code     0  libinit.o(.ARM.Collect$$libinit$$00000000)
    __rt_lib_init_fp_1                       0x0800023d   Thumb Code     0  libinit2.o(.ARM.Collect$$libinit$$00000002)
    __rt_lib_init_heap_1                     0x0800023d   Thumb Code     0  libinit2.o(.ARM.Collect$$libinit$$0000000C)
    __rt_lib_init_lc_common                  0x0800023d   Thumb Code     0  libinit2.o(.ARM.Collect$$libinit$$00000011)
    __rt_lib_init_preinit_1                  0x0800023d   Thumb Code     0  libinit2.o(.ARM.Collect$$libinit$$00000006)
    __rt_lib_init_rand_1                     0x0800023d   Thumb Code     0  libinit2.o(.ARM.Collect$$libinit$$00000010)
    __rt_lib_init_relocate_pie_1             0x0800023d   Thumb Code     0  libinit2.o(.ARM.Collect$$libinit$$00000004)
    __rt_lib_init_user_alloc_1               0x0800023d   Thumb Code     0  libinit2.o(.ARM.Collect$$libinit$$0000000E)
    __rt_lib_init_lc_collate_1               0x08000243   Thumb Code     0  libinit2.o(.ARM.Collect$$libinit$$00000013)
    __rt_lib_init_lc_ctype_2                 0x08000243   Thumb Code     0  libinit2.o(.ARM.Collect$$libinit$$00000014)
    __rt_lib_init_lc_ctype_1                 0x0800024f   Thumb Code     0  libinit2.o(.ARM.Collect$$libinit$$00000015)
    __rt_lib_init_lc_monetary_1              0x0800024f   Thumb Code     0  libinit2.o(.ARM.Collect$$libinit$$00000017)
    __rt_lib_init_lc_numeric_2               0x0800024f   Thumb Code     0  libinit2.o(.ARM.Collect$$libinit$$00000018)
    __rt_lib_init_alloca_1                   0x08000259   Thumb Code     0  libinit2.o(.ARM.Collect$$libinit$$00000030)
    __rt_lib_init_argv_1                     0x08000259   Thumb Code     0  libinit2.o(.ARM.Collect$$libinit$$0000002E)
    __rt_lib_init_atexit_1                   0x08000259   Thumb Code     0  libinit2.o(.ARM.Collect$$libinit$$0000001D)
    __rt_lib_init_clock_1                    0x08000259   Thumb Code     0  libinit2.o(.ARM.Collect$$libinit$$00000023)
    __rt_lib_init_cpp_1                      0x08000259   Thumb Code     0  libinit2.o(.ARM.Collect$$libinit$$00000034)
    __rt_lib_init_exceptions_1               0x08000259   Thumb Code     0  libinit2.o(.ARM.Collect$$libinit$$00000032)
    __rt_lib_init_fp_trap_1                  0x08000259   Thumb Code     0  libinit2.o(.ARM.Collect$$libinit$$00000021)
    __rt_lib_init_getenv_1                   0x08000259   Thumb Code     0  libinit2.o(.ARM.Collect$$libinit$$00000025)
    __rt_lib_init_lc_numeric_1               0x08000259   Thumb Code     0  libinit2.o(.ARM.Collect$$libinit$$00000019)
    __rt_lib_init_lc_time_1                  0x08000259   Thumb Code     0  libinit2.o(.ARM.Collect$$libinit$$0000001B)
    __rt_lib_init_return                     0x08000259   Thumb Code     0  libinit2.o(.ARM.Collect$$libinit$$00000035)
    __rt_lib_init_signal_1                   0x08000259   Thumb Code     0  libinit2.o(.ARM.Collect$$libinit$$0000001F)
    __rt_lib_init_stdio_1                    0x08000259   Thumb Code     0  libinit2.o(.ARM.Collect$$libinit$$00000027)
    __rt_lib_shutdown                        0x0800025b   Thumb Code     0  libshutdown.o(.ARM.Collect$$libshutdown$$00000000)
    __rt_lib_shutdown_cpp_1                  0x0800025d   Thumb Code     0  libshutdown2.o(.ARM.Collect$$libshutdown$$00000002)
    __rt_lib_shutdown_fp_trap_1              0x0800025d   Thumb Code     0  libshutdown2.o(.ARM.Collect$$libshutdown$$00000007)
    __rt_lib_shutdown_heap_1                 0x0800025d   Thumb Code     0  libshutdown2.o(.ARM.Collect$$libshutdown$$0000000F)
    __rt_lib_shutdown_return                 0x0800025d   Thumb Code     0  libshutdown2.o(.ARM.Collect$$libshutdown$$00000010)
    __rt_lib_shutdown_signal_1               0x0800025d   Thumb Code     0  libshutdown2.o(.ARM.Collect$$libshutdown$$0000000A)
    __rt_lib_shutdown_stdio_1                0x0800025d   Thumb Code     0  libshutdown2.o(.ARM.Collect$$libshutdown$$00000004)
    __rt_lib_shutdown_user_alloc_1           0x0800025d   Thumb Code     0  libshutdown2.o(.ARM.Collect$$libshutdown$$0000000C)
    __rt_entry                               0x0800025f   Thumb Code     0  __rtentry.o(.ARM.Collect$$rtentry$$00000000)
    __rt_entry_presh_1                       0x0800025f   Thumb Code     0  __rtentry2.o(.ARM.Collect$$rtentry$$00000002)
    __rt_entry_sh                            0x0800025f   Thumb Code     0  __rtentry4.o(.ARM.Collect$$rtentry$$00000004)
    __rt_entry_li                            0x08000265   Thumb Code     0  __rtentry2.o(.ARM.Collect$$rtentry$$0000000A)
    __rt_entry_postsh_1                      0x08000265   Thumb Code     0  __rtentry2.o(.ARM.Collect$$rtentry$$00000009)
    __rt_entry_main                          0x08000269   Thumb Code     0  __rtentry2.o(.ARM.Collect$$rtentry$$0000000D)
    __rt_entry_postli_1                      0x08000269   Thumb Code     0  __rtentry2.o(.ARM.Collect$$rtentry$$0000000C)
    __rt_exit                                0x08000271   Thumb Code     0  rtexit.o(.ARM.Collect$$rtexit$$00000000)
    __rt_exit_ls                             0x08000273   Thumb Code     0  rtexit2.o(.ARM.Collect$$rtexit$$00000003)
    __rt_exit_prels_1                        0x08000273   Thumb Code     0  rtexit2.o(.ARM.Collect$$rtexit$$00000002)
    __rt_exit_exit                           0x08000277   Thumb Code     0  rtexit2.o(.ARM.Collect$$rtexit$$00000004)
    __aeabi_memcpy4                          0x0800027d   Thumb Code    56  rt_memcpy.o(.emb_text)
    __aeabi_memcpy8                          0x0800027d   Thumb Code     0  rt_memcpy.o(.emb_text)
    Reset_Handler                            0x080002b5   Thumb Code     8  startup_stm32l073xx.o(.text)
    ADC1_COMP_IRQHandler                     0x080002c7   Thumb Code     0  startup_stm32l073xx.o(.text)
    DMA1_Channel1_IRQHandler                 0x080002c7   Thumb Code     0  startup_stm32l073xx.o(.text)
    DMA1_Channel2_3_IRQHandler               0x080002c7   Thumb Code     0  startup_stm32l073xx.o(.text)
    DMA1_Channel4_5_6_7_IRQHandler           0x080002c7   Thumb Code     0  startup_stm32l073xx.o(.text)
    EXTI0_1_IRQHandler                       0x080002c7   Thumb Code     0  startup_stm32l073xx.o(.text)
    EXTI2_3_IRQHandler                       0x080002c7   Thumb Code     0  startup_stm32l073xx.o(.text)
    FLASH_IRQHandler                         0x080002c7   Thumb Code     0  startup_stm32l073xx.o(.text)
    I2C1_IRQHandler                          0x080002c7   Thumb Code     0  startup_stm32l073xx.o(.text)
    I2C2_IRQHandler                          0x080002c7   Thumb Code     0  startup_stm32l073xx.o(.text)
    I2C3_IRQHandler                          0x080002c7   Thumb Code     0  startup_stm32l073xx.o(.text)
    LCD_IRQHandler                           0x080002c7   Thumb Code     0  startup_stm32l073xx.o(.text)
    LPTIM1_IRQHandler                        0x080002c7   Thumb Code     0  startup_stm32l073xx.o(.text)
    PVD_IRQHandler                           0x080002c7   Thumb Code     0  startup_stm32l073xx.o(.text)
    RCC_CRS_IRQHandler                       0x080002c7   Thumb Code     0  startup_stm32l073xx.o(.text)
    RNG_LPUART1_IRQHandler                   0x080002c7   Thumb Code     0  startup_stm32l073xx.o(.text)
    RTC_IRQHandler                           0x080002c7   Thumb Code     0  startup_stm32l073xx.o(.text)
    SPI1_IRQHandler                          0x080002c7   Thumb Code     0  startup_stm32l073xx.o(.text)
    SPI2_IRQHandler                          0x080002c7   Thumb Code     0  startup_stm32l073xx.o(.text)
    TIM21_IRQHandler                         0x080002c7   Thumb Code     0  startup_stm32l073xx.o(.text)
    TIM22_IRQHandler                         0x080002c7   Thumb Code     0  startup_stm32l073xx.o(.text)
    TIM2_IRQHandler                          0x080002c7   Thumb Code     0  startup_stm32l073xx.o(.text)
    TIM3_IRQHandler                          0x080002c7   Thumb Code     0  startup_stm32l073xx.o(.text)
    TIM6_DAC_IRQHandler                      0x080002c7   Thumb Code     0  startup_stm32l073xx.o(.text)
    TIM7_IRQHandler                          0x080002c7   Thumb Code     0  startup_stm32l073xx.o(.text)
    TSC_IRQHandler                           0x080002c7   Thumb Code     0  startup_stm32l073xx.o(.text)
    USART1_IRQHandler                        0x080002c7   Thumb Code     0  startup_stm32l073xx.o(.text)
    USART4_5_IRQHandler                      0x080002c7   Thumb Code     0  startup_stm32l073xx.o(.text)
    USB_IRQHandler                           0x080002c7   Thumb Code     0  startup_stm32l073xx.o(.text)
    WWDG_IRQHandler                          0x080002c7   Thumb Code     0  startup_stm32l073xx.o(.text)
    __user_initial_stackheap                 0x080002c9   Thumb Code     0  startup_stm32l073xx.o(.text)
    __aeabi_lmul                             0x080002ed   Thumb Code    48  llmul.o(.text)
    _ll_mul                                  0x080002ed   Thumb Code     0  llmul.o(.text)
    __aeabi_uldivmod                         0x0800031d   Thumb Code   272  lludiv.o(.text)
    _ll_udiv                                 0x0800031d   Thumb Code     0  lludiv.o(.text)
    vsprintf                                 0x0800042d   Thumb Code    32  vsprintf.o(.text)
    strncmp                                  0x08000451   Thumb Code   154  strncmp.o(.text)
    __aeabi_memcpy                           0x080004f1   Thumb Code   130  rt_memcpy.o(.text)
    __rt_memcpy                              0x080004f1   Thumb Code     0  rt_memcpy.o(.text)
    _memset_w                                0x08000573   Thumb Code    26  rt_memclr.o(.text)
    _memset                                  0x0800058d   Thumb Code    30  rt_memclr.o(.text)
    __aeabi_memclr                           0x080005ab   Thumb Code     4  rt_memclr.o(.text)
    __rt_memclr                              0x080005ab   Thumb Code     0  rt_memclr.o(.text)
    __aeabi_memclr4                          0x080005af   Thumb Code     0  rt_memclr.o(.text)
    __aeabi_memclr8                          0x080005af   Thumb Code     0  rt_memclr.o(.text)
    __rt_memclr_w                            0x080005af   Thumb Code     4  rt_memclr.o(.text)
    __aeabi_uidiv                            0x080005b5   Thumb Code     0  aeabi_sdiv.o(.text)
    __aeabi_uidivmod                         0x080005b5   Thumb Code    20  aeabi_sdiv.o(.text)
    __aeabi_idiv                             0x080005c9   Thumb Code     0  aeabi_sdiv.o(.text)
    __aeabi_idivmod                          0x080005c9   Thumb Code   338  aeabi_sdiv.o(.text)
    __use_two_region_memory                  0x08000721   Thumb Code     2  heapauxi.o(.text)
    __rt_heap_escrow$2region                 0x08000723   Thumb Code     2  heapauxi.o(.text)
    __rt_heap_expand$2region                 0x08000725   Thumb Code     2  heapauxi.o(.text)
    __aeabi_d2f                              0x08000729   Thumb Code     0  d2f.o(.text)
    __truncdfsf2                             0x08000729   Thumb Code     0  d2f.o(.text)
    _d2f                                     0x08000729   Thumb Code   120  d2f.o(.text)
    __aeabi_ddiv                             0x080007a5   Thumb Code     0  ddiv.o(.text)
    __divdf3                                 0x080007a5   Thumb Code     0  ddiv.o(.text)
    _ddiv                                    0x080007a5   Thumb Code  1072  ddiv.o(.text)
    _drdiv                                   0x08000bd5   Thumb Code    20  ddiv.o(.text)
    __aeabi_i2d_normalise                    0x08000bed   Thumb Code    66  dflti.o(.text)
    __aeabi_i2d                              0x08000c2f   Thumb Code    16  dflti.o(.text)
    _dflt                                    0x08000c2f   Thumb Code     0  dflti.o(.text)
    __aeabi_ui2d                             0x08000c3f   Thumb Code     6  dflti.o(.text)
    _dfltu                                   0x08000c3f   Thumb Code     0  dflti.o(.text)
    __aeabi_f2d                              0x08000c45   Thumb Code     0  f2d.o(.text)
    __extendsfdf2                            0x08000c45   Thumb Code     0  f2d.o(.text)
    _f2d                                     0x08000c45   Thumb Code    80  f2d.o(.text)
    _printf_pre_padding                      0x08000c99   Thumb Code    44  _printf_pad.o(.text)
    _printf_post_padding                     0x08000cc5   Thumb Code    34  _printf_pad.o(.text)
    _printf_truncate_signed                  0x08000ce7   Thumb Code    18  _printf_truncate.o(.text)
    _printf_truncate_unsigned                0x08000cf9   Thumb Code    18  _printf_truncate.o(.text)
    _printf_str                              0x08000d0b   Thumb Code    82  _printf_str.o(.text)
    _printf_int_dec                          0x08000d5d   Thumb Code    90  _printf_dec.o(.text)
    _printf_charcount                        0x08000dc9   Thumb Code    38  _printf_charcount.o(.text)
    _printf_char_common                      0x08000dfb   Thumb Code    32  _printf_char_common.o(.text)
    _sputc                                   0x08000e21   Thumb Code    10  _sputc.o(.text)
    _printf_wctomb                           0x08000e2d   Thumb Code   182  _printf_wctomb.o(.text)
    _printf_longlong_dec                     0x08000ee9   Thumb Code    94  _printf_longlong_dec.o(.text)
    _printf_longlong_oct                     0x08000f59   Thumb Code    68  _printf_oct_int_ll.o(.text)
    _printf_int_oct                          0x08000f9d   Thumb Code    24  _printf_oct_int_ll.o(.text)
    _printf_ll_oct                           0x08000fb5   Thumb Code    10  _printf_oct_int_ll.o(.text)
    _printf_longlong_hex                     0x08000fc9   Thumb Code    88  _printf_hex_int_ll_ptr.o(.text)
    _printf_int_hex                          0x08001021   Thumb Code    28  _printf_hex_int_ll_ptr.o(.text)
    _printf_ll_hex                           0x0800103d   Thumb Code    10  _printf_hex_int_ll_ptr.o(.text)
    _printf_hex_ptr                          0x08001047   Thumb Code    22  _printf_hex_int_ll_ptr.o(.text)
    __printf                                 0x08001061   Thumb Code   386  __printf_flags_ss_wp.o(.text)
    _ll_udiv10                               0x080011e9   Thumb Code   122  lludiv10.o(.text)
    _printf_int_common                       0x08001263   Thumb Code   176  _printf_intcommon.o(.text)
    _printf_fp_dec_real                      0x080014b1   Thumb Code   620  _printf_fp_dec.o(.text)
    _printf_fp_hex_real                      0x08001729   Thumb Code   718  _printf_fp_hex.o(.text)
    _printf_cs_common                        0x08001a01   Thumb Code    22  _printf_char.o(.text)
    _printf_char                             0x08001a17   Thumb Code    16  _printf_char.o(.text)
    _printf_string                           0x08001a27   Thumb Code     8  _printf_char.o(.text)
    _printf_lcs_common                       0x08001a2f   Thumb Code    22  _printf_wchar.o(.text)
    _printf_wchar                            0x08001a45   Thumb Code    16  _printf_wchar.o(.text)
    _printf_wstring                          0x08001a55   Thumb Code     8  _printf_wchar.o(.text)
    _c16rtomb                                0x08001a5d   Thumb Code    66  _c16rtomb.o(.text)
    _wcrtomb                                 0x08001a5d   Thumb Code     0  _c16rtomb.o(.text)
    __rt_udiv10                              0x08001a9f   Thumb Code    40  rtudiv10.o(.text)
    __user_setup_stackheap                   0x08001ac7   Thumb Code    62  sys_stackheap_outer.o(.text)
    __rt_ctype_table                         0x08001b05   Thumb Code    16  rt_ctype_table.o(.text)
    __rt_locale                              0x08001b15   Thumb Code     8  rt_locale_intlibspace.o(.text)
    _printf_fp_infnan                        0x08001b1d   Thumb Code   120  _printf_fp_infnan.o(.text)
    _btod_etento                             0x08001ba5   Thumb Code   210  bigflt0.o(.text)
    _btod_d2e                                0x08001c7d   Thumb Code    64  btod.o(.text)
    _btod_emul                               0x080020b1   Thumb Code    28  btod.o(.text)
    _btod_emuld                              0x080020cd   Thumb Code   144  btod.o(.text)
    _btod_ediv                               0x0800215d   Thumb Code    26  btod.o(.text)
    _btod_edivd                              0x08002177   Thumb Code   124  btod.o(.text)
    exit                                     0x080021fd   Thumb Code    16  exit.o(.text)
    __user_libspace                          0x0800220d   Thumb Code     8  libspace.o(.text)
    __user_perproc_libspace                  0x0800220d   Thumb Code     0  libspace.o(.text)
    __user_perthread_libspace                0x0800220d   Thumb Code     0  libspace.o(.text)
    strcmp                                   0x08002215   Thumb Code   132  strcmp.o(.text)
    _sys_exit                                0x0800229d   Thumb Code     8  sys_exit.o(.text)
    __I$use$semihosting                      0x080022a9   Thumb Code     0  use_no_semi.o(.text)
    __use_no_semihosting_swi                 0x080022a9   Thumb Code     2  use_no_semi.o(.text)
    __semihosting_library_function           0x080022ab   Thumb Code     0  indicate_semi.o(.text)
    ADC_ReadChannels                         0x08002541   Thumb Code   156  adc_if.o(.text.ADC_ReadChannels)
    BSP_LED_Init                             0x080025ed   Thumb Code   120  stm32l0xx_nucleo.o(.text.BSP_LED_Init)
    BSP_LED_Off                              0x08002665   Thumb Code    36  stm32l0xx_nucleo.o(.text.BSP_LED_Off)
    BSP_LED_On                               0x08002689   Thumb Code    36  stm32l0xx_nucleo.o(.text.BSP_LED_On)
    BSP_LED_Toggle                           0x080026ad   Thumb Code    32  stm32l0xx_nucleo.o(.text.BSP_LED_Toggle)
    BSP_PB_Init                              0x080026d5   Thumb Code   172  stm32l0xx_nucleo.o(.text.BSP_PB_Init)
    CMD_Init                                 0x08002791   Thumb Code     2  command.o(.text.CMD_Init)
    CMD_Process                              0x08002795   Thumb Code   188  command.o(.text.CMD_Process)
    EXTI4_15_IRQHandler                      0x08002861   Thumb Code    18  stm32l0xx_it.o(.text.EXTI4_15_IRQHandler)
    Error_Handler                            0x08002873   Thumb Code    14  main.o(.text.Error_Handler)
    GetNewChar                               0x08002881   Thumb Code    60  hw_vcom.o(.text.GetNewChar)
    HAL_ADCEx_Calibration_Start              0x080028c1   Thumb Code   310  stm32l0xx_hal_adc_ex.o(.text.HAL_ADCEx_Calibration_Start)
    HAL_ADC_ConfigChannel                    0x080029f9   Thumb Code   336  stm32l0xx_hal_adc.o(.text.HAL_ADC_ConfigChannel)
    HAL_ADC_GetValue                         0x08002b55   Thumb Code    14  stm32l0xx_hal_adc.o(.text.HAL_ADC_GetValue)
    HAL_ADC_Init                             0x08002b65   Thumb Code   680  stm32l0xx_hal_adc.o(.text.HAL_ADC_Init)
    HAL_ADC_MspInit                          0x08002e15   Thumb Code    92  stm32l0xx_hal_msp.o(.text.HAL_ADC_MspInit)
    HAL_ADC_PollForConversion                0x08002e7d   Thumb Code   352  stm32l0xx_hal_adc.o(.text.HAL_ADC_PollForConversion)
    HAL_ADC_Start                            0x08002fdd   Thumb Code   180  stm32l0xx_hal_adc.o(.text.HAL_ADC_Start)
    HAL_ADC_Stop                             0x08003095   Thumb Code   134  stm32l0xx_hal_adc.o(.text.HAL_ADC_Stop)
    HAL_DMA_Abort                            0x0800311b   Thumb Code   122  stm32l0xx_hal_dma.o(.text.HAL_DMA_Abort)
    HAL_DMA_Abort_IT                         0x08003195   Thumb Code   124  stm32l0xx_hal_dma.o(.text.HAL_DMA_Abort_IT)
    HAL_GPIO_EXTI_Callback                   0x08003211   Thumb Code    96  main.o(.text.HAL_GPIO_EXTI_Callback)
    HAL_GPIO_EXTI_IRQHandler                 0x08003279   Thumb Code    40  stm32l0xx_hal_gpio.o(.text.HAL_GPIO_EXTI_IRQHandler)
    HAL_GPIO_Init                            0x080032a5   Thumb Code   744  stm32l0xx_hal_gpio.o(.text.HAL_GPIO_Init)
    HAL_GPIO_TogglePin                       0x080035b5   Thumb Code    36  stm32l0xx_hal_gpio.o(.text.HAL_GPIO_TogglePin)
    HAL_GPIO_WritePin                        0x080035d9   Thumb Code    44  stm32l0xx_hal_gpio.o(.text.HAL_GPIO_WritePin)
    HAL_GetTick                              0x08003605   Thumb Code     8  stm32l0xx_hal.o(.text.HAL_GetTick)
    HAL_IncTick                              0x0800360d   Thumb Code    16  stm32l0xx_hal.o(.text.HAL_IncTick)
    HAL_Init                                 0x08003621   Thumb Code    52  stm32l0xx_hal.o(.text.HAL_Init)
    HAL_InitTick                             0x08003659   Thumb Code   100  stm32l0xx_hal.o(.text.HAL_InitTick)
    HAL_MspInit                              0x080036c9   Thumb Code    24  stm32l0xx_hal_msp.o(.text.HAL_MspInit)
    HAL_NVIC_EnableIRQ                       0x080036e5   Thumb Code    22  stm32l0xx_hal_cortex.o(.text.HAL_NVIC_EnableIRQ)
    HAL_NVIC_SetPriority                     0x080036fb   Thumb Code    28  stm32l0xx_hal_cortex.o(.text.HAL_NVIC_SetPriority)
    HAL_RCCEx_PeriphCLKConfig                0x08003719   Thumb Code   852  stm32l0xx_hal_rcc_ex.o(.text.HAL_RCCEx_PeriphCLKConfig)
    HAL_RCC_ClockConfig                      0x08003a85   Thumb Code   744  stm32l0xx_hal_rcc.o(.text.HAL_RCC_ClockConfig)
    HAL_RCC_GetHCLKFreq                      0x08003d7d   Thumb Code     8  stm32l0xx_hal_rcc.o(.text.HAL_RCC_GetHCLKFreq)
    HAL_RCC_GetPCLK1Freq                     0x08003d89   Thumb Code    28  stm32l0xx_hal_rcc.o(.text.HAL_RCC_GetPCLK1Freq)
    HAL_RCC_GetPCLK2Freq                     0x08003da5   Thumb Code    28  stm32l0xx_hal_rcc.o(.text.HAL_RCC_GetPCLK2Freq)
    HAL_RCC_GetSysClockFreq                  0x08003dc9   Thumb Code   288  stm32l0xx_hal_rcc.o(.text.HAL_RCC_GetSysClockFreq)
    HAL_RCC_OscConfig                        0x08003f05   Thumb Code  2124  stm32l0xx_hal_rcc.o(.text.HAL_RCC_OscConfig)
    HAL_SYSTICK_Config                       0x08004775   Thumb Code    16  stm32l0xx_hal_cortex.o(.text.HAL_SYSTICK_Config)
    HAL_UARTEx_RxEventCallback               0x08004785   Thumb Code    12  stm32l0xx_hal_uart.o(.text.HAL_UARTEx_RxEventCallback)
    HAL_UARTEx_WakeupCallback                0x08004791   Thumb Code     8  stm32l0xx_hal_uart_ex.o(.text.HAL_UARTEx_WakeupCallback)
    HAL_UART_ErrorCallback                   0x08004799   Thumb Code    14  hw_vcom.o(.text.HAL_UART_ErrorCallback)
    HAL_UART_IRQHandler                      0x080047a9   Thumb Code  1300  stm32l0xx_hal_uart.o(.text.HAL_UART_IRQHandler)
    HAL_UART_Init                            0x08004cc1   Thumb Code   176  stm32l0xx_hal_uart.o(.text.HAL_UART_Init)
    HAL_UART_MspInit                         0x08004d71   Thumb Code   120  stm32l0xx_hal_msp.o(.text.HAL_UART_MspInit)
    HAL_UART_Receive_IT                      0x08004df1   Thumb Code   212  stm32l0xx_hal_uart.o(.text.HAL_UART_Receive_IT)
    HAL_UART_RxCpltCallback                  0x08004ec9   Thumb Code    32  main.o(.text.HAL_UART_RxCpltCallback)
    HAL_UART_Transmit                        0x08004eed   Thumb Code   352  stm32l0xx_hal_uart.o(.text.HAL_UART_Transmit)
    HAL_UART_TxCpltCallback                  0x08005051   Thumb Code     8  stm32l0xx_hal_uart.o(.text.HAL_UART_TxCpltCallback)
    HW_Get_LM35_Temp                         0x08005059   Thumb Code    88  main.o(.text.HW_Get_LM35_Temp)
    HW_VCOM_Init                             0x080050b9   Thumb Code   112  hw_vcom.o(.text.HW_VCOM_Init)
    HW_VCOM_RxCpltCallback                   0x0800512d   Thumb Code    32  hw_vcom.o(.text.HW_VCOM_RxCpltCallback)
    HW_VCOM_TxData                           0x08005151   Thumb Code   108  hw_vcom.o(.text.HW_VCOM_TxData)
    HardFault_Handler                        0x080051c5   Thumb Code     4  stm32l0xx_it.o(.text.HardFault_Handler)
    IsNewCharReceived                        0x080051c9   Thumb Code    60  hw_vcom.o(.text.IsNewCharReceived)
    NMI_Handler                              0x08005345   Thumb Code     4  stm32l0xx_it.o(.text.NMI_Handler)
    PendSV_Handler                           0x08005349   Thumb Code     2  stm32l0xx_it.o(.text.PendSV_Handler)
    Printf                                   0x0800534d   Thumb Code   200  hw_vcom.o(.text.Printf)
    SVC_Handler                              0x0800541d   Thumb Code     2  stm32l0xx_it.o(.text.SVC_Handler)
    SYS_GetBatteryLevel                      0x08005421   Thumb Code    80  adc_if.o(.text.SYS_GetBatteryLevel)
    SYS_InitMeasurement                      0x08005481   Thumb Code    32  adc_if.o(.text.SYS_InitMeasurement)
    SysTick_Handler                          0x080054f9   Thumb Code     8  stm32l0xx_it.o(.text.SysTick_Handler)
    SystemClock_Config                       0x08005501   Thumb Code   152  main.o(.text.SystemClock_Config)
    SystemInit                               0x0800559d   Thumb Code     2  system_stm32l0xx.o(.text.SystemInit)
    UART_AdvFeatureConfig                    0x0800559f   Thumb Code   346  stm32l0xx_hal_uart.o(.text.UART_AdvFeatureConfig)
    UART_CheckIdleState                      0x080056f9   Thumb Code   344  stm32l0xx_hal_uart.o(.text.UART_CheckIdleState)
    UART_SetConfig                           0x08005c95   Thumb Code  1252  stm32l0xx_hal_uart.o(.text.UART_SetConfig)
    UART_Start_Receive_IT                    0x08006199   Thumb Code   404  stm32l0xx_hal_uart.o(.text.UART_Start_Receive_IT)
    UART_WaitOnFlagUntilTimeout              0x08006339   Thumb Code   248  stm32l0xx_hal_uart.o(.text.UART_WaitOnFlagUntilTimeout)
    USART2_IRQHandler                        0x08006431   Thumb Code    12  stm32l0xx_it.o(.text.USART2_IRQHandler)
    at_read_LM35                             0x080064f1   Thumb Code    36  at.o(.text.at_read_LM35)
    at_return_error                          0x08006519   Thumb Code    10  at.o(.text.at_return_error)
    at_set_led                               0x08006523   Thumb Code    72  at.o(.text.at_set_led)
    delay                                    0x0800659d   Thumb Code    32  main.o(.text.delay)
    main                                     0x080065bd   Thumb Code   108  main.o(.text.main)
    __ARM_common_ll_muluu                    0x080067e5   Thumb Code    48  btod.o(i.__ARM_common_ll_muluu)
    __ARM_fpclassify                         0x08006815   Thumb Code    40  fpclassify.o(i.__ARM_fpclassify)
    _is_digit                                0x08006841   Thumb Code    14  __printf_wp.o(i._is_digit)
    _get_lc_numeric                          0x08006851   Thumb Code    44  lc_numeric_c.o(locale$$code)
    _get_lc_ctype                            0x0800687d   Thumb Code    44  lc_ctype_c.o(locale$$code)
    _printf_fp_dec                           0x080068a9   Thumb Code    16  printf1.o(x$fpl$printf1)
    _printf_fp_hex                           0x080068b9   Thumb Code    16  printf2.o(x$fpl$printf2)
    __I$use$fp                               0x080068c8   Number         0  usenofp.o(x$fpl$usenofp)
    AHBPrescTable                            0x08006a44   Data          16  system_stm32l0xx.o(.rodata.AHBPrescTable)
    APBPrescTable                            0x08006a54   Data           8  system_stm32l0xx.o(.rodata.APBPrescTable)
    BUTTON_IRQn                              0x08006ac4   Data           1  stm32l0xx_nucleo.o(.rodata.BUTTON_IRQn)
    BUTTON_PIN                               0x08006ac6   Data           2  stm32l0xx_nucleo.o(.rodata.BUTTON_PIN)
    LED_PIN                                  0x08006ac8   Data           4  stm32l0xx_nucleo.o(.rodata.LED_PIN)
    PLLMulTable                              0x08006acc   Data           9  system_stm32l0xx.o(.rodata.PLLMulTable)
    Region$$Table$$Base                      0x08006d08   Number         0  anon$$obj.o(Region$$Table)
    Region$$Table$$Limit                     0x08006d28   Number         0  anon$$obj.o(Region$$Table)
    __ctype                                  0x08006d51   Data           0  lc_ctype_c.o(locale$$data)
    BUTTON_PORT                              0x20000000   Data           4  stm32l0xx_nucleo.o(.data.BUTTON_PORT)
    LED_PORT                                 0x20000004   Data           8  stm32l0xx_nucleo.o(.data.LED_PORT)
    SystemCoreClock                          0x2000000c   Data           4  system_stm32l0xx.o(.data.SystemCoreClock)
    uwTickFreq                               0x20000010   Data           1  stm32l0xx_hal.o(.data.uwTickFreq)
    uwTickPrio                               0x20000014   Data           4  stm32l0xx_hal.o(.data.uwTickPrio)
    __libspace_start                         0x20000018   Data          96  libspace.o(.bss)
    __temporary_stack_top$libspace           0x20000078   Data           0  libspace.o(.bss)
    bVib                                     0x200000fc   Data           1  main.o(.bss.bVib)
    hadc                                     0x20000200   Data          92  main.o(.bss.hadc)
    hadc1                                    0x2000025c   Data           4  adc_if.o(.bss.hadc1)
    huart                                    0x20000260   Data           4  hw_vcom.o(.bss.huart)
    huart2                                   0x20000264   Data         136  main.o(.bss.huart2)
    iw                                       0x200002ee   Data           2  hw_vcom.o(.bss.iw)
    nVibCnt                                  0x200002f0   Data           4  main.o(.bss.nVibCnt)
    uart2_rcvbuf                             0x200002f4   Data           1  hw_vcom.o(.bss.uart2_rcvbuf)
    uwTick                                   0x20000404   Data           4  stm32l0xx_hal.o(.bss.uwTick)



==============================================================================

Memory Map of the image

  Image Entry point : 0x080000c1

  Load Region LR_IROM1 (Base: 0x08000000, Size: 0x00006e70, Max: 0x00030000, ABSOLUTE)

    Execution Region ER_IROM1 (Exec base: 0x08000000, Load base: 0x08000000, Size: 0x00006e54, Max: 0x00030000, ABSOLUTE)

    Exec Addr    Load Addr    Size         Type   Attr      Idx    E Section Name        Object

    0x08000000   0x08000000   0x000000c0   Data   RO            3    RESET               startup_stm32l073xx.o
    0x080000c0   0x080000c0   0x00000008   Code   RO         1168  * !!!main             c_p.l(__main.o)
    0x080000c8   0x080000c8   0x00000054   Code   RO         1514    !!!scatter          c_p.l(__scatter.o)
    0x0800011c   0x0800011c   0x0000001a   Code   RO         1518    !!handler_copy      c_p.l(__scatter_copy.o)
    0x08000136   0x08000136   0x00000002   PAD
    0x08000138   0x08000138   0x00000002   Code   RO         1515    !!handler_null      c_p.l(__scatter.o)
    0x0800013a   0x0800013a   0x00000002   PAD
    0x0800013c   0x0800013c   0x0000001c   Code   RO         1520    !!handler_zi        c_p.l(__scatter_zi.o)
    0x08000158   0x08000158   0x00000002   Code   RO         1269    .ARM.Collect$$_printf_percent$$00000000  c_p.l(_printf_percent.o)
    0x0800015a   0x0800015a   0x0000000a   Code   RO         1258    .ARM.Collect$$_printf_percent$$00000001  c_p.l(_printf_n.o)
    0x08000164   0x08000164   0x0000000a   Code   RO         1260    .ARM.Collect$$_printf_percent$$00000002  c_p.l(_printf_p.o)
    0x0800016e   0x0800016e   0x0000000a   Code   RO         1265    .ARM.Collect$$_printf_percent$$00000003  c_p.l(_printf_f.o)
    0x08000178   0x08000178   0x0000000a   Code   RO         1266    .ARM.Collect$$_printf_percent$$00000004  c_p.l(_printf_e.o)
    0x08000182   0x08000182   0x0000000a   Code   RO         1267    .ARM.Collect$$_printf_percent$$00000005  c_p.l(_printf_g.o)
    0x0800018c   0x0800018c   0x0000000a   Code   RO         1268    .ARM.Collect$$_printf_percent$$00000006  c_p.l(_printf_a.o)
    0x08000196   0x08000196   0x0000000a   Code   RO         1273    .ARM.Collect$$_printf_percent$$00000007  c_p.l(_printf_ll.o)
    0x080001a0   0x080001a0   0x0000000a   Code   RO         1262    .ARM.Collect$$_printf_percent$$00000008  c_p.l(_printf_i.o)
    0x080001aa   0x080001aa   0x0000000a   Code   RO         1263    .ARM.Collect$$_printf_percent$$00000009  c_p.l(_printf_d.o)
    0x080001b4   0x080001b4   0x0000000a   Code   RO         1264    .ARM.Collect$$_printf_percent$$0000000A  c_p.l(_printf_u.o)
    0x080001be   0x080001be   0x0000000a   Code   RO         1261    .ARM.Collect$$_printf_percent$$0000000B  c_p.l(_printf_o.o)
    0x080001c8   0x080001c8   0x0000000a   Code   RO         1259    .ARM.Collect$$_printf_percent$$0000000C  c_p.l(_printf_x.o)
    0x080001d2   0x080001d2   0x0000000a   Code   RO         1270    .ARM.Collect$$_printf_percent$$0000000D  c_p.l(_printf_lli.o)
    0x080001dc   0x080001dc   0x0000000a   Code   RO         1271    .ARM.Collect$$_printf_percent$$0000000E  c_p.l(_printf_lld.o)
    0x080001e6   0x080001e6   0x0000000a   Code   RO         1272    .ARM.Collect$$_printf_percent$$0000000F  c_p.l(_printf_llu.o)
    0x080001f0   0x080001f0   0x0000000a   Code   RO         1277    .ARM.Collect$$_printf_percent$$00000010  c_p.l(_printf_llo.o)
    0x080001fa   0x080001fa   0x0000000a   Code   RO         1278    .ARM.Collect$$_printf_percent$$00000011  c_p.l(_printf_llx.o)
    0x08000204   0x08000204   0x0000000a   Code   RO         1274    .ARM.Collect$$_printf_percent$$00000012  c_p.l(_printf_l.o)
    0x0800020e   0x0800020e   0x0000000a   Code   RO         1256    .ARM.Collect$$_printf_percent$$00000013  c_p.l(_printf_c.o)
    0x08000218   0x08000218   0x0000000a   Code   RO         1257    .ARM.Collect$$_printf_percent$$00000014  c_p.l(_printf_s.o)
    0x08000222   0x08000222   0x0000000a   Code   RO         1275    .ARM.Collect$$_printf_percent$$00000015  c_p.l(_printf_lc.o)
    0x0800022c   0x0800022c   0x0000000a   Code   RO         1276    .ARM.Collect$$_printf_percent$$00000016  c_p.l(_printf_ls.o)
    0x08000236   0x08000236   0x00000004   Code   RO         1322    .ARM.Collect$$_printf_percent$$00000017  c_p.l(_printf_percent_end.o)
    0x0800023a   0x0800023a   0x00000002   Code   RO         1362    .ARM.Collect$$libinit$$00000000  c_p.l(libinit.o)
    0x0800023c   0x0800023c   0x00000000   Code   RO         1387    .ARM.Collect$$libinit$$00000002  c_p.l(libinit2.o)
    0x0800023c   0x0800023c   0x00000000   Code   RO         1389    .ARM.Collect$$libinit$$00000004  c_p.l(libinit2.o)
    0x0800023c   0x0800023c   0x00000000   Code   RO         1391    .ARM.Collect$$libinit$$00000006  c_p.l(libinit2.o)
    0x0800023c   0x0800023c   0x00000000   Code   RO         1394    .ARM.Collect$$libinit$$0000000C  c_p.l(libinit2.o)
    0x0800023c   0x0800023c   0x00000000   Code   RO         1396    .ARM.Collect$$libinit$$0000000E  c_p.l(libinit2.o)
    0x0800023c   0x0800023c   0x00000000   Code   RO         1398    .ARM.Collect$$libinit$$00000010  c_p.l(libinit2.o)
    0x0800023c   0x0800023c   0x00000006   Code   RO         1399    .ARM.Collect$$libinit$$00000011  c_p.l(libinit2.o)
    0x08000242   0x08000242   0x00000000   Code   RO         1401    .ARM.Collect$$libinit$$00000013  c_p.l(libinit2.o)
    0x08000242   0x08000242   0x0000000c   Code   RO         1402    .ARM.Collect$$libinit$$00000014  c_p.l(libinit2.o)
    0x0800024e   0x0800024e   0x00000000   Code   RO         1403    .ARM.Collect$$libinit$$00000015  c_p.l(libinit2.o)
    0x0800024e   0x0800024e   0x00000000   Code   RO         1405    .ARM.Collect$$libinit$$00000017  c_p.l(libinit2.o)
    0x0800024e   0x0800024e   0x0000000a   Code   RO         1406    .ARM.Collect$$libinit$$00000018  c_p.l(libinit2.o)
    0x08000258   0x08000258   0x00000000   Code   RO         1407    .ARM.Collect$$libinit$$00000019  c_p.l(libinit2.o)
    0x08000258   0x08000258   0x00000000   Code   RO         1409    .ARM.Collect$$libinit$$0000001B  c_p.l(libinit2.o)
    0x08000258   0x08000258   0x00000000   Code   RO         1411    .ARM.Collect$$libinit$$0000001D  c_p.l(libinit2.o)
    0x08000258   0x08000258   0x00000000   Code   RO         1413    .ARM.Collect$$libinit$$0000001F  c_p.l(libinit2.o)
    0x08000258   0x08000258   0x00000000   Code   RO         1415    .ARM.Collect$$libinit$$00000021  c_p.l(libinit2.o)
    0x08000258   0x08000258   0x00000000   Code   RO         1417    .ARM.Collect$$libinit$$00000023  c_p.l(libinit2.o)
    0x08000258   0x08000258   0x00000000   Code   RO         1419    .ARM.Collect$$libinit$$00000025  c_p.l(libinit2.o)
    0x08000258   0x08000258   0x00000000   Code   RO         1421    .ARM.Collect$$libinit$$00000027  c_p.l(libinit2.o)
    0x08000258   0x08000258   0x00000000   Code   RO         1425    .ARM.Collect$$libinit$$0000002E  c_p.l(libinit2.o)
    0x08000258   0x08000258   0x00000000   Code   RO         1427    .ARM.Collect$$libinit$$00000030  c_p.l(libinit2.o)
    0x08000258   0x08000258   0x00000000   Code   RO         1429    .ARM.Collect$$libinit$$00000032  c_p.l(libinit2.o)
    0x08000258   0x08000258   0x00000000   Code   RO         1431    .ARM.Collect$$libinit$$00000034  c_p.l(libinit2.o)
    0x08000258   0x08000258   0x00000002   Code   RO         1432    .ARM.Collect$$libinit$$00000035  c_p.l(libinit2.o)
    0x0800025a   0x0800025a   0x00000002   Code   RO         1469    .ARM.Collect$$libshutdown$$00000000  c_p.l(libshutdown.o)
    0x0800025c   0x0800025c   0x00000000   Code   RO         1497    .ARM.Collect$$libshutdown$$00000002  c_p.l(libshutdown2.o)
    0x0800025c   0x0800025c   0x00000000   Code   RO         1499    .ARM.Collect$$libshutdown$$00000004  c_p.l(libshutdown2.o)
    0x0800025c   0x0800025c   0x00000000   Code   RO         1502    .ARM.Collect$$libshutdown$$00000007  c_p.l(libshutdown2.o)
    0x0800025c   0x0800025c   0x00000000   Code   RO         1505    .ARM.Collect$$libshutdown$$0000000A  c_p.l(libshutdown2.o)
    0x0800025c   0x0800025c   0x00000000   Code   RO         1507    .ARM.Collect$$libshutdown$$0000000C  c_p.l(libshutdown2.o)
    0x0800025c   0x0800025c   0x00000000   Code   RO         1510    .ARM.Collect$$libshutdown$$0000000F  c_p.l(libshutdown2.o)
    0x0800025c   0x0800025c   0x00000002   Code   RO         1511    .ARM.Collect$$libshutdown$$00000010  c_p.l(libshutdown2.o)
    0x0800025e   0x0800025e   0x00000000   Code   RO         1179    .ARM.Collect$$rtentry$$00000000  c_p.l(__rtentry.o)
    0x0800025e   0x0800025e   0x00000000   Code   RO         1289    .ARM.Collect$$rtentry$$00000002  c_p.l(__rtentry2.o)
    0x0800025e   0x0800025e   0x00000006   Code   RO         1301    .ARM.Collect$$rtentry$$00000004  c_p.l(__rtentry4.o)
    0x08000264   0x08000264   0x00000000   Code   RO         1291    .ARM.Collect$$rtentry$$00000009  c_p.l(__rtentry2.o)
    0x08000264   0x08000264   0x00000004   Code   RO         1292    .ARM.Collect$$rtentry$$0000000A  c_p.l(__rtentry2.o)
    0x08000268   0x08000268   0x00000000   Code   RO         1294    .ARM.Collect$$rtentry$$0000000C  c_p.l(__rtentry2.o)
    0x08000268   0x08000268   0x00000008   Code   RO         1295    .ARM.Collect$$rtentry$$0000000D  c_p.l(__rtentry2.o)
    0x08000270   0x08000270   0x00000002   Code   RO         1371    .ARM.Collect$$rtexit$$00000000  c_p.l(rtexit.o)
    0x08000272   0x08000272   0x00000000   Code   RO         1438    .ARM.Collect$$rtexit$$00000002  c_p.l(rtexit2.o)
    0x08000272   0x08000272   0x00000004   Code   RO         1439    .ARM.Collect$$rtexit$$00000003  c_p.l(rtexit2.o)
    0x08000276   0x08000276   0x00000006   Code   RO         1440    .ARM.Collect$$rtexit$$00000004  c_p.l(rtexit2.o)
    0x0800027c   0x0800027c   0x00000038   Code   RO         1156    .emb_text           c_p.l(rt_memcpy.o)
    0x080002b4   0x080002b4   0x00000038   Code   RO            4    .text               startup_stm32l073xx.o
    0x080002ec   0x080002ec   0x00000030   Code   RO         1148    .text               c_p.l(llmul.o)
    0x0800031c   0x0800031c   0x00000110   Code   RO         1150    .text               c_p.l(lludiv.o)
    0x0800042c   0x0800042c   0x00000024   Code   RO         1152    .text               c_p.l(vsprintf.o)
    0x08000450   0x08000450   0x000000a0   Code   RO         1154    .text               c_p.l(strncmp.o)
    0x080004f0   0x080004f0   0x00000082   Code   RO         1157    .text               c_p.l(rt_memcpy.o)
    0x08000572   0x08000572   0x00000040   Code   RO         1160    .text               c_p.l(rt_memclr.o)
    0x080005b2   0x080005b2   0x00000002   PAD
    0x080005b4   0x080005b4   0x0000016c   Code   RO         1162    .text               c_p.l(aeabi_sdiv.o)
    0x08000720   0x08000720   0x00000006   Code   RO         1166    .text               c_p.l(heapauxi.o)
    0x08000726   0x08000726   0x00000002   PAD
    0x08000728   0x08000728   0x0000007c   Code   RO         1170    .text               fz_ps.l(d2f.o)
    0x080007a4   0x080007a4   0x00000448   Code   RO         1172    .text               fz_ps.l(ddiv.o)
    0x08000bec   0x08000bec   0x00000058   Code   RO         1175    .text               fz_ps.l(dflti.o)
    0x08000c44   0x08000c44   0x00000054   Code   RO         1177    .text               fz_ps.l(f2d.o)
    0x08000c98   0x08000c98   0x0000004e   Code   RO         1190    .text               c_p.l(_printf_pad.o)
    0x08000ce6   0x08000ce6   0x00000024   Code   RO         1192    .text               c_p.l(_printf_truncate.o)
    0x08000d0a   0x08000d0a   0x00000052   Code   RO         1194    .text               c_p.l(_printf_str.o)
    0x08000d5c   0x08000d5c   0x0000006c   Code   RO         1196    .text               c_p.l(_printf_dec.o)
    0x08000dc8   0x08000dc8   0x00000026   Code   RO         1198    .text               c_p.l(_printf_charcount.o)
    0x08000dee   0x08000dee   0x00000002   PAD
    0x08000df0   0x08000df0   0x00000030   Code   RO         1200    .text               c_p.l(_printf_char_common.o)
    0x08000e20   0x08000e20   0x0000000a   Code   RO         1202    .text               c_p.l(_sputc.o)
    0x08000e2a   0x08000e2a   0x00000002   PAD
    0x08000e2c   0x08000e2c   0x000000bc   Code   RO         1204    .text               c_p.l(_printf_wctomb.o)
    0x08000ee8   0x08000ee8   0x00000070   Code   RO         1207    .text               c_p.l(_printf_longlong_dec.o)
    0x08000f58   0x08000f58   0x00000070   Code   RO         1213    .text               c_p.l(_printf_oct_int_ll.o)
    0x08000fc8   0x08000fc8   0x00000098   Code   RO         1233    .text               c_p.l(_printf_hex_int_ll_ptr.o)
    0x08001060   0x08001060   0x00000188   Code   RO         1253    .text               c_p.l(__printf_flags_ss_wp.o)
    0x080011e8   0x080011e8   0x0000007a   Code   RO         1305    .text               c_p.l(lludiv10.o)
    0x08001262   0x08001262   0x000000b0   Code   RO         1307    .text               c_p.l(_printf_intcommon.o)
    0x08001312   0x08001312   0x00000002   PAD
    0x08001314   0x08001314   0x00000414   Code   RO         1309    .text               c_p.l(_printf_fp_dec.o)
    0x08001728   0x08001728   0x000002d8   Code   RO         1313    .text               c_p.l(_printf_fp_hex.o)
    0x08001a00   0x08001a00   0x0000002e   Code   RO         1318    .text               c_p.l(_printf_char.o)
    0x08001a2e   0x08001a2e   0x0000002e   Code   RO         1320    .text               c_p.l(_printf_wchar.o)
    0x08001a5c   0x08001a5c   0x00000042   Code   RO         1323    .text               c_p.l(_c16rtomb.o)
    0x08001a9e   0x08001a9e   0x00000028   Code   RO         1325    .text               c_p.l(rtudiv10.o)
    0x08001ac6   0x08001ac6   0x0000003e   Code   RO         1327    .text               c_p.l(sys_stackheap_outer.o)
    0x08001b04   0x08001b04   0x00000010   Code   RO         1330    .text               c_p.l(rt_ctype_table.o)
    0x08001b14   0x08001b14   0x00000008   Code   RO         1335    .text               c_p.l(rt_locale_intlibspace.o)
    0x08001b1c   0x08001b1c   0x00000088   Code   RO         1337    .text               c_p.l(_printf_fp_infnan.o)
    0x08001ba4   0x08001ba4   0x000000d8   Code   RO         1339    .text               c_p.l(bigflt0.o)
    0x08001c7c   0x08001c7c   0x00000580   Code   RO         1342    .text               c_p.l(btod.o)
    0x080021fc   0x080021fc   0x00000010   Code   RO         1351    .text               c_p.l(exit.o)
    0x0800220c   0x0800220c   0x00000008   Code   RO         1367    .text               c_p.l(libspace.o)
    0x08002214   0x08002214   0x00000088   Code   RO         1384    .text               c_p.l(strcmp.o)
    0x0800229c   0x0800229c   0x0000000c   Code   RO         1433    .text               c_p.l(sys_exit.o)
    0x080022a8   0x080022a8   0x00000002   Code   RO         1458    .text               c_p.l(use_no_semi.o)
    0x080022aa   0x080022aa   0x00000000   Code   RO         1460    .text               c_p.l(indicate_semi.o)
    0x080022aa   0x080022aa   0x000000b4   Code   RO          180    .text.ADC_ConversionStop  stm32l0xx_hal_adc.o
    0x0800235e   0x0800235e   0x00000002   PAD
    0x08002360   0x08002360   0x00000038   Code   RO          224    .text.ADC_DelayMicroSecond  stm32l0xx_hal_adc.o
    0x08002398   0x08002398   0x000000d6   Code   RO          182    .text.ADC_Disable   stm32l0xx_hal_adc.o
    0x0800246e   0x0800246e   0x00000002   PAD
    0x08002470   0x08002470   0x000000d0   Code   RO          188    .text.ADC_Enable    stm32l0xx_hal_adc.o
    0x08002540   0x08002540   0x000000ac   Code   RO          159    .text.ADC_ReadChannels  adc_if.o
    0x080025ec   0x080025ec   0x00000078   Code   RO         1103    .text.BSP_LED_Init  stm32l0xx_nucleo.o
    0x08002664   0x08002664   0x00000024   Code   RO         1109    .text.BSP_LED_Off   stm32l0xx_nucleo.o
    0x08002688   0x08002688   0x00000024   Code   RO         1107    .text.BSP_LED_On    stm32l0xx_nucleo.o
    0x080026ac   0x080026ac   0x00000028   Code   RO         1111    .text.BSP_LED_Toggle  stm32l0xx_nucleo.o
    0x080026d4   0x080026d4   0x000000bc   Code   RO         1113    .text.BSP_PB_Init   stm32l0xx_nucleo.o
    0x08002790   0x08002790   0x00000002   Code   RO           64    .text.CMD_Init      command.o
    0x08002792   0x08002792   0x00000002   PAD
    0x08002794   0x08002794   0x000000cc   Code   RO           66    .text.CMD_Process   command.o
    0x08002860   0x08002860   0x00000012   Code   RO          127    .text.EXTI4_15_IRQHandler  stm32l0xx_it.o
    0x08002872   0x08002872   0x0000000e   Code   RO          102    .text.Error_Handler  main.o
    0x08002880   0x08002880   0x00000040   Code   RO           27    .text.GetNewChar    hw_vcom.o
    0x080028c0   0x080028c0   0x00000136   Code   RO          239    .text.HAL_ADCEx_Calibration_Start  stm32l0xx_hal_adc_ex.o
    0x080029f6   0x080029f6   0x00000002   PAD
    0x080029f8   0x080029f8   0x0000015c   Code   RO          222    .text.HAL_ADC_ConfigChannel  stm32l0xx_hal_adc.o
    0x08002b54   0x08002b54   0x0000000e   Code   RO          210    .text.HAL_ADC_GetValue  stm32l0xx_hal_adc.o
    0x08002b62   0x08002b62   0x00000002   PAD
    0x08002b64   0x08002b64   0x000002b0   Code   RO          174    .text.HAL_ADC_Init  stm32l0xx_hal_adc.o
    0x08002e14   0x08002e14   0x00000068   Code   RO          140    .text.HAL_ADC_MspInit  stm32l0xx_hal_msp.o
    0x08002e7c   0x08002e7c   0x00000160   Code   RO          192    .text.HAL_ADC_PollForConversion  stm32l0xx_hal_adc.o
    0x08002fdc   0x08002fdc   0x000000b8   Code   RO          186    .text.HAL_ADC_Start  stm32l0xx_hal_adc.o
    0x08003094   0x08003094   0x00000086   Code   RO          190    .text.HAL_ADC_Stop  stm32l0xx_hal_adc.o
    0x0800311a   0x0800311a   0x0000007a   Code   RO          749    .text.HAL_DMA_Abort  stm32l0xx_hal_dma.o
    0x08003194   0x08003194   0x0000007c   Code   RO          751    .text.HAL_DMA_Abort_IT  stm32l0xx_hal_dma.o
    0x08003210   0x08003210   0x00000068   Code   RO           86    .text.HAL_GPIO_EXTI_Callback  main.o
    0x08003278   0x08003278   0x0000002c   Code   RO          728    .text.HAL_GPIO_EXTI_IRQHandler  stm32l0xx_hal_gpio.o
    0x080032a4   0x080032a4   0x00000310   Code   RO          716    .text.HAL_GPIO_Init  stm32l0xx_hal_gpio.o
    0x080035b4   0x080035b4   0x00000024   Code   RO          724    .text.HAL_GPIO_TogglePin  stm32l0xx_hal_gpio.o
    0x080035d8   0x080035d8   0x0000002c   Code   RO          722    .text.HAL_GPIO_WritePin  stm32l0xx_hal_gpio.o
    0x08003604   0x08003604   0x00000008   Code   RO          272    .text.HAL_GetTick   stm32l0xx_hal.o
    0x0800360c   0x0800360c   0x00000014   Code   RO          270    .text.HAL_IncTick   stm32l0xx_hal.o
    0x08003620   0x08003620   0x00000038   Code   RO          260    .text.HAL_Init      stm32l0xx_hal.o
    0x08003658   0x08003658   0x00000070   Code   RO          262    .text.HAL_InitTick  stm32l0xx_hal.o
    0x080036c8   0x080036c8   0x0000001c   Code   RO          138    .text.HAL_MspInit   stm32l0xx_hal_msp.o
    0x080036e4   0x080036e4   0x00000016   Code   RO          838    .text.HAL_NVIC_EnableIRQ  stm32l0xx_hal_cortex.o
    0x080036fa   0x080036fa   0x0000001c   Code   RO          834    .text.HAL_NVIC_SetPriority  stm32l0xx_hal_cortex.o
    0x08003716   0x08003716   0x00000002   PAD
    0x08003718   0x08003718   0x0000036c   Code   RO          553    .text.HAL_RCCEx_PeriphCLKConfig  stm32l0xx_hal_rcc_ex.o
    0x08003a84   0x08003a84   0x000002f8   Code   RO          526    .text.HAL_RCC_ClockConfig  stm32l0xx_hal_rcc.o
    0x08003d7c   0x08003d7c   0x0000000c   Code   RO          532    .text.HAL_RCC_GetHCLKFreq  stm32l0xx_hal_rcc.o
    0x08003d88   0x08003d88   0x0000001c   Code   RO          534    .text.HAL_RCC_GetPCLK1Freq  stm32l0xx_hal_rcc.o
    0x08003da4   0x08003da4   0x00000024   Code   RO          536    .text.HAL_RCC_GetPCLK2Freq  stm32l0xx_hal_rcc.o
    0x08003dc8   0x08003dc8   0x0000013c   Code   RO          524    .text.HAL_RCC_GetSysClockFreq  stm32l0xx_hal_rcc.o
    0x08003f04   0x08003f04   0x00000870   Code   RO          522    .text.HAL_RCC_OscConfig  stm32l0xx_hal_rcc.o
    0x08004774   0x08004774   0x00000010   Code   RO          850    .text.HAL_SYSTICK_Config  stm32l0xx_hal_cortex.o
    0x08004784   0x08004784   0x0000000c   Code   RO         1004    .text.HAL_UARTEx_RxEventCallback  stm32l0xx_hal_uart.o
    0x08004790   0x08004790   0x00000008   Code   RO         1055    .text.HAL_UARTEx_WakeupCallback  stm32l0xx_hal_uart_ex.o
    0x08004798   0x08004798   0x0000000e   Code   RO           23    .text.HAL_UART_ErrorCallback  hw_vcom.o
    0x080047a6   0x080047a6   0x00000002   PAD
    0x080047a8   0x080047a8   0x00000518   Code   RO          998    .text.HAL_UART_IRQHandler  stm32l0xx_hal_uart.o
    0x08004cc0   0x08004cc0   0x000000b0   Code   RO          914    .text.HAL_UART_Init  stm32l0xx_hal_uart.o
    0x08004d70   0x08004d70   0x00000080   Code   RO          144    .text.HAL_UART_MspInit  stm32l0xx_hal_msp.o
    0x08004df0   0x08004df0   0x000000d8   Code   RO          946    .text.HAL_UART_Receive_IT  stm32l0xx_hal_uart.o
    0x08004ec8   0x08004ec8   0x00000024   Code   RO           90    .text.HAL_UART_RxCpltCallback  main.o
    0x08004eec   0x08004eec   0x00000164   Code   RO          934    .text.HAL_UART_Transmit  stm32l0xx_hal_uart.o
    0x08005050   0x08005050   0x00000008   Code   RO         1008    .text.HAL_UART_TxCpltCallback  stm32l0xx_hal_uart.o
    0x08005058   0x08005058   0x00000060   Code   RO           88    .text.HW_Get_LM35_Temp  main.o
    0x080050b8   0x080050b8   0x00000074   Code   RO           11    .text.HW_VCOM_Init  hw_vcom.o
    0x0800512c   0x0800512c   0x00000024   Code   RO           19    .text.HW_VCOM_RxCpltCallback  hw_vcom.o
    0x08005150   0x08005150   0x00000074   Code   RO           17    .text.HW_VCOM_TxData  hw_vcom.o
    0x080051c4   0x080051c4   0x00000004   Code   RO          119    .text.HardFault_Handler  stm32l0xx_it.o
    0x080051c8   0x080051c8   0x00000040   Code   RO           25    .text.IsNewCharReceived  hw_vcom.o
    0x08005208   0x08005208   0x00000080   Code   RO          100    .text.MX_ADC_Init   main.o
    0x08005288   0x08005288   0x000000ac   Code   RO           96    .text.MX_GPIO_Init  main.o
    0x08005334   0x08005334   0x00000010   Code   RO           98    .text.MX_USART2_UART_Init  main.o
    0x08005344   0x08005344   0x00000004   Code   RO          117    .text.NMI_Handler   stm32l0xx_it.o
    0x08005348   0x08005348   0x00000002   Code   RO          123    .text.PendSV_Handler  stm32l0xx_it.o
    0x0800534a   0x0800534a   0x00000002   PAD
    0x0800534c   0x0800534c   0x000000d0   Code   RO           15    .text.Printf        hw_vcom.o
    0x0800541c   0x0800541c   0x00000002   Code   RO          121    .text.SVC_Handler   stm32l0xx_it.o
    0x0800541e   0x0800541e   0x00000002   PAD
    0x08005420   0x08005420   0x00000060   Code   RO          163    .text.SYS_GetBatteryLevel  adc_if.o
    0x08005480   0x08005480   0x00000028   Code   RO          155    .text.SYS_InitMeasurement  adc_if.o
    0x080054a8   0x080054a8   0x00000050   Code   RO          852    .text.SysTick_Config  stm32l0xx_hal_cortex.o
    0x080054f8   0x080054f8   0x00000008   Code   RO          125    .text.SysTick_Handler  stm32l0xx_it.o
    0x08005500   0x08005500   0x0000009c   Code   RO           94    .text.SystemClock_Config  main.o
    0x0800559c   0x0800559c   0x00000002   Code   RO         1086    .text.SystemInit    system_stm32l0xx.o
    0x0800559e   0x0800559e   0x0000015a   Code   RO          920    .text.UART_AdvFeatureConfig  stm32l0xx_hal_uart.o
    0x080056f8   0x080056f8   0x0000015c   Code   RO          922    .text.UART_CheckIdleState  stm32l0xx_hal_uart.o
    0x08005854   0x08005854   0x00000024   Code   RO         1000    .text.UART_DMAAbortOnError  stm32l0xx_hal_uart.o
    0x08005878   0x08005878   0x000000b0   Code   RO          970    .text.UART_EndRxTransfer  stm32l0xx_hal_uart.o
    0x08005928   0x08005928   0x0000004a   Code   RO         1006    .text.UART_EndTransmit_IT  stm32l0xx_hal_uart.o
    0x08005972   0x08005972   0x00000002   PAD
    0x08005974   0x08005974   0x00000190   Code   RO         1038    .text.UART_RxISR_16BIT  stm32l0xx_hal_uart.o
    0x08005b04   0x08005b04   0x00000190   Code   RO         1040    .text.UART_RxISR_8BIT  stm32l0xx_hal_uart.o
    0x08005c94   0x08005c94   0x00000504   Code   RO          918    .text.UART_SetConfig  stm32l0xx_hal_uart.o
    0x08006198   0x08006198   0x000001a0   Code   RO          948    .text.UART_Start_Receive_IT  stm32l0xx_hal_uart.o
    0x08006338   0x08006338   0x000000f8   Code   RO          936    .text.UART_WaitOnFlagUntilTimeout  stm32l0xx_hal_uart.o
    0x08006430   0x08006430   0x00000010   Code   RO          129    .text.USART2_IRQHandler  stm32l0xx_it.o
    0x08006440   0x08006440   0x0000002c   Code   RO          840    .text.__NVIC_EnableIRQ  stm32l0xx_hal_cortex.o
    0x0800646c   0x0800646c   0x00000084   Code   RO          836    .text.__NVIC_SetPriority  stm32l0xx_hal_cortex.o
    0x080064f0   0x080064f0   0x00000028   Code   RO           54    .text.at_read_LM35  at.o
    0x08006518   0x08006518   0x0000000a   Code   RO           46    .text.at_return_error  at.o
    0x08006522   0x08006522   0x00000048   Code   RO           52    .text.at_set_led    at.o
    0x0800656a   0x0800656a   0x00000002   PAD
    0x0800656c   0x0800656c   0x00000030   Code   RO           68    .text.com_error     command.o
    0x0800659c   0x0800659c   0x00000020   Code   RO           84    .text.delay         main.o
    0x080065bc   0x080065bc   0x00000078   Code   RO           92    .text.main          main.o
    0x08006634   0x08006634   0x00000150   Code   RO           70    .text.parse_cmd     command.o
    0x08006784   0x08006784   0x00000060   Code   RO           21    .text.receive       hw_vcom.o
    0x080067e4   0x080067e4   0x00000030   Code   RO         1344    i.__ARM_common_ll_muluu  c_p.l(btod.o)
    0x08006814   0x08006814   0x0000002c   Code   RO         1365    i.__ARM_fpclassify  m_ps.l(fpclassify.o)
    0x08006840   0x08006840   0x0000000e   Code   RO         1246    i._is_digit         c_p.l(__printf_wp.o)
    0x0800684e   0x0800684e   0x00000002   PAD
    0x08006850   0x08006850   0x0000002c   Code   RO         1349    locale$$code        c_p.l(lc_numeric_c.o)
    0x0800687c   0x0800687c   0x0000002c   Code   RO         1378    locale$$code        c_p.l(lc_ctype_c.o)
    0x080068a8   0x080068a8   0x00000010   Code   RO         1279    x$fpl$printf1       fz_ps.l(printf1.o)
    0x080068b8   0x080068b8   0x00000010   Code   RO         1281    x$fpl$printf2       fz_ps.l(printf2.o)
    0x080068c8   0x080068c8   0x00000000   Code   RO         1287    x$fpl$usenofp       fz_ps.l(usenofp.o)
    0x080068c8   0x080068c8   0x00000080   Data   RO         1173    .constdata          fz_ps.l(ddiv.o)
    0x08006948   0x08006948   0x00000008   Data   RO         1205    .constdata          c_p.l(_printf_wctomb.o)
    0x08006950   0x08006950   0x00000028   Data   RO         1234    .constdata          c_p.l(_printf_hex_int_ll_ptr.o)
    0x08006978   0x08006978   0x00000011   Data   RO         1254    .constdata          c_p.l(__printf_flags_ss_wp.o)
    0x08006989   0x08006989   0x00000026   Data   RO         1314    .constdata          c_p.l(_printf_fp_hex.o)
    0x080069af   0x080069af   0x00000001   PAD
    0x080069b0   0x080069b0   0x00000094   Data   RO         1340    .constdata          c_p.l(bigflt0.o)
    0x08006a44   0x08006a44   0x00000010   Data   RO         1091    .rodata.AHBPrescTable  system_stm32l0xx.o
    0x08006a54   0x08006a54   0x00000008   Data   RO         1092    .rodata.APBPrescTable  system_stm32l0xx.o
    0x08006a5c   0x08006a5c   0x00000048   Data   RO           76    .rodata.ATCommand   command.o
    0x08006aa4   0x08006aa4   0x00000020   Data   RO           75    .rodata.ATError_description  command.o
    0x08006ac4   0x08006ac4   0x00000001   Data   RO         1137    .rodata.BUTTON_IRQn  stm32l0xx_nucleo.o
    0x08006ac5   0x08006ac5   0x00000001   PAD
    0x08006ac6   0x08006ac6   0x00000002   Data   RO         1136    .rodata.BUTTON_PIN  stm32l0xx_nucleo.o
    0x08006ac8   0x08006ac8   0x00000004   Data   RO         1134    .rodata.LED_PIN     stm32l0xx_nucleo.o
    0x08006acc   0x08006acc   0x00000009   Data   RO         1093    .rodata.PLLMulTable  system_stm32l0xx.o
    0x08006ad5   0x08006ad5   0x00000029   Data   RO           36    .rodata.str1.1      hw_vcom.o
    0x08006afe   0x08006afe   0x00000012   Data   RO           56    .rodata.str1.1      at.o
    0x08006b10   0x08006b10   0x00000166   Data   RO           74    .rodata.str1.1      command.o
    0x08006c76   0x08006c76   0x00000059   Data   RO          107    .rodata.str1.1      main.o
    0x08006ccf   0x08006ccf   0x00000038   Data   RO          166    .rodata.str1.1      adc_if.o
    0x08006d07   0x08006d07   0x00000001   PAD
    0x08006d08   0x08006d08   0x00000020   Data   RO         1513    Region$$Table       anon$$obj.o
    0x08006d28   0x08006d28   0x0000001c   Data   RO         1348    locale$$data        c_p.l(lc_numeric_c.o)
    0x08006d44   0x08006d44   0x00000110   Data   RO         1377    locale$$data        c_p.l(lc_ctype_c.o)


    Execution Region RW_IRAM1 (Exec base: 0x20000000, Load base: 0x08006e58, Size: 0x00000a08, Max: 0x00005000, ABSOLUTE)

    Exec Addr    Load Addr    Size         Type   Attr      Idx    E Section Name        Object

    0x20000000   0x08006e58   0x00000004   Data   RW         1135    .data.BUTTON_PORT   stm32l0xx_nucleo.o
    0x20000004   0x08006e5c   0x00000008   Data   RW         1133    .data.LED_PORT      stm32l0xx_nucleo.o
    0x2000000c   0x08006e64   0x00000004   Data   RW         1090    .data.SystemCoreClock  system_stm32l0xx.o
    0x20000010   0x08006e68   0x00000001   Data   RW          323    .data.uwTickFreq    stm32l0xx_hal.o
    0x20000011   0x08006e69   0x00000003   PAD
    0x20000014   0x08006e6c   0x00000004   Data   RW          322    .data.uwTickPrio    stm32l0xx_hal.o
    0x20000018        -       0x00000060   Zero   RW         1368    .bss                c_p.l(libspace.o)
    0x20000078        -       0x00000080   Zero   RW           72    .bss.CMD_Process.command  command.o
    0x200000f8        -       0x00000004   Zero   RW           73    .bss.CMD_Process.i  command.o
    0x200000fc        -       0x00000001   Zero   RW          105    .bss.bVib           main.o
    0x200000fd        -       0x00000100   Zero   RW           33    .bss.buff           hw_vcom.o
    0x200001fd   0x08006e70   0x00000003   PAD
    0x20000200        -       0x0000005c   Zero   RW          108    .bss.hadc           main.o
    0x2000025c        -       0x00000004   Zero   RW          165    .bss.hadc1          adc_if.o
    0x20000260        -       0x00000004   Zero   RW           31    .bss.huart          hw_vcom.o
    0x20000264        -       0x00000088   Zero   RW          106    .bss.huart2         main.o
    0x200002ec        -       0x00000002   Zero   RW           34    .bss.ir             hw_vcom.o
    0x200002ee        -       0x00000002   Zero   RW           30    .bss.iw             hw_vcom.o
    0x200002f0        -       0x00000004   Zero   RW          104    .bss.nVibCnt        main.o
    0x200002f4        -       0x00000001   Zero   RW           32    .bss.uart2_rcvbuf   hw_vcom.o
    0x200002f5   0x08006e70   0x00000003   PAD
    0x200002f8        -       0x0000010c   Zero   RW           35    .bss.uart_context   hw_vcom.o
    0x20000404        -       0x00000004   Zero   RW          324    .bss.uwTick         stm32l0xx_hal.o
    0x20000408        -       0x00000200   Zero   RW            2    HEAP                startup_stm32l073xx.o
    0x20000608        -       0x00000400   Zero   RW            1    STACK               startup_stm32l073xx.o


==============================================================================

Image component sizes


      Code (inc. data)   RO Data    RW Data    ZI Data      Debug   Object Name

       308         40         56          0          4       4553   adc_if.o
       122          4         18          0          0       2072   at.o
       590         28        462          0        132       2573   command.o
       714         40         41          0        533       6396   hw_vcom.o
       874         52         89          0        233       9690   main.o
        56         26        192          0       1536        676   startup_stm32l073xx.o
       196         20          0          5          4       6751   stm32l0xx_hal.o
      2378         36          0          0          0      10630   stm32l0xx_hal_adc.o
       310          0          0          0          0       5009   stm32l0xx_hal_adc_ex.o
       322         24          0          0          0       6300   stm32l0xx_hal_cortex.o
       246          0          0          0          0       6343   stm32l0xx_hal_dma.o
       908         44          0          0          0       4806   stm32l0xx_hal_gpio.o
       260         24          0          0          0       6924   stm32l0xx_hal_msp.o
      3312        172          0          0          0       9002   stm32l0xx_hal_rcc.o
       876         24          0          0          0       8054   stm32l0xx_hal_rcc_ex.o
      5800        264          0          0          0      35140   stm32l0xx_hal_uart.o
         8          0          0          0          0       8323   stm32l0xx_hal_uart_ex.o
        54          4          0          0          0        949   stm32l0xx_it.o
       420         24          7         12          0       8739   stm32l0xx_nucleo.o
         2          0         33          4          0       1997   system_stm32l0xx.o

    ----------------------------------------------------------------------
     17778        826        932         24       2448     144927   Object Totals
         0          0         32          0          0          0   (incl. Generated)
        22          0          2          3          6          0   (incl. Padding)

    ----------------------------------------------------------------------

      Code (inc. data)   RO Data    RW Data    ZI Data      Debug   Library Member Name

         8          0          0          0          0         68   __main.o
       392          6         17          0          0         76   __printf_flags_ss_wp.o
        14          0          0          0          0         60   __printf_wp.o
         0          0          0          0          0          0   __rtentry.o
        12          0          0          0          0          0   __rtentry2.o
         6          0          0          0          0          0   __rtentry4.o
        86         10          0          0          0          0   __scatter.o
        26          0          0          0          0          0   __scatter_copy.o
        28          0          0          0          0          0   __scatter_zi.o
        66          0          0          0          0         76   _c16rtomb.o
        10          0          0          0          0          0   _printf_a.o
        10          0          0          0          0          0   _printf_c.o
        46          0          0          0          0        100   _printf_char.o
        48          6          0          0          0         88   _printf_char_common.o
        38          0          0          0          0         60   _printf_charcount.o
        10          0          0          0          0          0   _printf_d.o
       108         18          0          0          0         76   _printf_dec.o
        10          0          0          0          0          0   _printf_e.o
        10          0          0          0          0          0   _printf_f.o
      1044         12          0          0          0        116   _printf_fp_dec.o
       728         10         38          0          0         84   _printf_fp_hex.o
       136         16          0          0          0         76   _printf_fp_infnan.o
        10          0          0          0          0          0   _printf_g.o
       152          4         40          0          0        148   _printf_hex_int_ll_ptr.o
        10          0          0          0          0          0   _printf_i.o
       176          0          0          0          0         84   _printf_intcommon.o
        10          0          0          0          0          0   _printf_l.o
        10          0          0          0          0          0   _printf_lc.o
        10          0          0          0          0          0   _printf_ll.o
        10          0          0          0          0          0   _printf_lld.o
        10          0          0          0          0          0   _printf_lli.o
        10          0          0          0          0          0   _printf_llo.o
        10          0          0          0          0          0   _printf_llu.o
        10          0          0          0          0          0   _printf_llx.o
       112         18          0          0          0         76   _printf_longlong_dec.o
        10          0          0          0          0          0   _printf_ls.o
        10          0          0          0          0          0   _printf_n.o
        10          0          0          0          0          0   _printf_o.o
       112         10          0          0          0        112   _printf_oct_int_ll.o
        10          0          0          0          0          0   _printf_p.o
        78          0          0          0          0        100   _printf_pad.o
         2          0          0          0          0          0   _printf_percent.o
         4          0          0          0          0          0   _printf_percent_end.o
        10          0          0          0          0          0   _printf_s.o
        82          0          0          0          0         72   _printf_str.o
        36          0          0          0          0         76   _printf_truncate.o
        10          0          0          0          0          0   _printf_u.o
        46          0          0          0          0        100   _printf_wchar.o
       188          6          8          0          0         80   _printf_wctomb.o
        10          0          0          0          0          0   _printf_x.o
        10          0          0          0          0         60   _sputc.o
       364          4          0          0          0         92   aeabi_sdiv.o
       216          6        148          0          0         80   bigflt0.o
      1456         30          0          0          0        336   btod.o
        16          0          0          0          0         68   exit.o
         6          0          0          0          0        136   heapauxi.o
         0          0          0          0          0          0   indicate_semi.o
        44         10        272          0          0         76   lc_ctype_c.o
        44         10         28          0          0         76   lc_numeric_c.o
         2          0          0          0          0          0   libinit.o
        30          0          0          0          0          0   libinit2.o
         2          0          0          0          0          0   libshutdown.o
         2          0          0          0          0          0   libshutdown2.o
         8          4          0          0         96         68   libspace.o
        48          0          0          0          0         72   llmul.o
       272          0          0          0          0         88   lludiv.o
       122          0          0          0          0         72   lludiv10.o
        16          4          0          0          0         76   rt_ctype_table.o
         8          4          0          0          0         68   rt_locale_intlibspace.o
        64          0          0          0          0        108   rt_memclr.o
       186          0          0          0          0        144   rt_memcpy.o
         2          0          0          0          0          0   rtexit.o
        10          0          0          0          0          0   rtexit2.o
        40          0          0          0          0         60   rtudiv10.o
       136          4          0          0          0         72   strcmp.o
       160          6          0          0          0         76   strncmp.o
        12          4          0          0          0         60   sys_exit.o
        62          0          0          0          0         80   sys_stackheap_outer.o
         2          0          0          0          0         68   use_no_semi.o
        36          4          0          0          0         68   vsprintf.o
       124          4          0          0          0         72   d2f.o
      1096         26        128          0          0        112   ddiv.o
        88          0          0          0          0         92   dflti.o
        84          4          0          0          0         60   f2d.o
        16          4          0          0          0         76   printf1.o
        16          4          0          0          0         76   printf2.o
         0          0          0          0          0          0   usenofp.o
        44          4          0          0          0         60   fpclassify.o

    ----------------------------------------------------------------------
      8854        252        680          0         96       4380   Library Totals
        16          0          1          0          0          0   (incl. Padding)

    ----------------------------------------------------------------------

      Code (inc. data)   RO Data    RW Data    ZI Data      Debug   Library Name

      7370        206        551          0         96       3832   c_p.l
      1424         42        128          0          0        488   fz_ps.l
        44          4          0          0          0         60   m_ps.l

    ----------------------------------------------------------------------
      8854        252        680          0         96       4380   Library Totals

    ----------------------------------------------------------------------

==============================================================================


      Code (inc. data)   RO Data    RW Data    ZI Data      Debug   

     26632       1078       1612         24       2544     146879   Grand Totals
     26632       1078       1612         24       2544     146879   ELF Image Totals
     26632       1078       1612         24          0          0   ROM Totals

==============================================================================

    Total RO  Size (Code + RO Data)                28244 (  27.58kB)
    Total RW  Size (RW Data + ZI Data)              2568 (   2.51kB)
    Total ROM Size (Code + RO Data + RW Data)      28268 (  27.61kB)

==============================================================================

