../Core/Src/main.c:57:6:LCD_SendInternal	32	static
../Core/Src/main.c:72:6:LCD_SendCmd	16	static
../Core/Src/main.c:77:6:LCD_SendData	16	static
../Core/Src/main.c:82:6:LCD_Init	8	static
../Core/Src/main.c:107:6:LCD_SetCursor	24	static
../Core/Src/main.c:133:6:LCD_Print	16	static
../Core/Src/main.c:141:6:LCD_Clear	8	static
../Core/Src/main.c:149:5:main	24	static
../Core/Src/main.c:249:6:SystemClock_Config	72	static
../Core/Src/main.c:285:6:JumpToApplication	32	static,ignoring_inline_asm
../Core/Src/main.c:304:6:ConfigureBackupDomain	16	static
../Core/Src/main.c:322:6:Error_Handler	4	static,ignoring_inline_asm
