../Drivers/CMSIS/Include/core_cm3.h:1762:34:__NVIC_SystemReset	1
../Core/Src/main.c:382:6:SendFirmwareStartedMessage.part.0	2
../Core/Src/main.c:117:6:LCD_SendInternal	1
../Core/Src/main.c:132:6:LCD_SendCmd	1
../Core/Src/main.c:137:6:LCD_SendData	1
../Core/Src/main.c:142:6:LCD_Init	1
../Core/Src/main.c:167:6:LCD_SetCursor	4
../Core/Src/main.c:193:6:LCD_Print	2
../Core/Src/main.c:201:6:LCD_Clear	1
../Core/Src/main.c:207:6:LCD_PrintStatus	1
../Core/Src/main.c:353:6:LD2Flip	2
../Core/Src/main.c:369:6:SetBootFlag	2
../Core/Src/main.c:401:6:NVIC_Config	1
../Core/Src/main.c:407:6:ProcessFirmwareSizeMessage	2
../Core/Src/main.c:449:6:EraseFlashMemory	1
../Core/Src/main.c:535:9:MessageBufferIsFull	1
../Core/Src/main.c:540:9:MessageBufferIsEmpty	1
../Core/Src/main.c:545:6:MessageBufferPut	2
../Core/Src/main.c:555:6:MessageBufferGet	2
../Core/Src/main.c:655:6:Error_Handler	0
../Core/Src/main.c:314:6:SystemClock_Config	2
../Core/Src/main.c:382:6:SendFirmwareStartedMessage	1
../Core/Src/main.c:420:6:HAL_CAN_RxFifo0MsgPendingCallback	8
../Core/Src/main.c:489:6:SendInactivePartitionAddress	1
../Core/Src/main.c:471:6:StartFirmwareUpdate	1
../Core/Src/main.c:513:6:SendUpdateState	1
../Core/Src/main.c:565:6:FirmwareUpdateStateMachine	10
../Core/Src/main.c:226:5:main	2
