<html>
<body>
<pre>
<h1>µVision Build Log</h1>
<h2>Tool Versions:</h2>
IDE-Version: •ÏVision V5.43.1.0
Copyright (C) 2025 ARM Ltd and ARM Germany GmbH. All rights reserved.
License Information: KOOK Donggyun
Hyundai
User-based license: Keil MDK STMicroelectronics Edition - Cortex-M0/M0+/M23
Valid until: Aug 10 2034. Cached until: Feb 10 2026
 
Tool Versions:
Toolchain:       Keil MDK STMicroelectronics Edition - Cortex-M0/M  Version: 5.43.0.0
Toolchain Path:  C:\Users\Donggyun\AppData\Local\Keil_v5\ARM\ARMCLANG\Bin
C Compiler:      ArmClang.exe V6.24
Assembler:       Armasm.exe V6.24
Linker/Locator:  ArmLink.exe V6.24
Library Manager: ArmAr.exe V6.24
Hex Converter:   FromElf.exe V6.24
CPU DLL:         SARMCM3.DLL V5.43.0.0
Dialog DLL:      DARMCM1.DLL V1.19.6.0
Target DLL:      STLink\ST-LINKIII-KEIL_SWO.dll V3.3.1.0
Dialog DLL:      TARMCM1.DLL V1.14.6.0
 
<h2>Project:</h2>
C:\Users\Donggyun\Desktop\git\Hyundai-AutoEver-Mobility-SW-School-3rd-Cohort\07. Practice\NUCLEO-L073RZ_project\MDK-ARM\NUCLEO-L073RZ_project.uvprojx
Project File Date:  02/03/2026

<h2>Output:</h2>
*** Using Compiler 'V6.24', folder: 'C:\Users\Donggyun\AppData\Local\Keil_v5\ARM\ARMCLANG\Bin'
Rebuild target 'NUCLEO-L073RZ_project'
assembling startup_stm32l073xx.s...
compiling main.c...
compiling system_stm32l0xx.c...
linking...
Program Size: Code=504 RO-data=208 RW-data=0 ZI-data=1632  
FromELF: creating hex file...
"NUCLEO-L073RZ_project\NUCLEO-L073RZ_project.axf" - 0 Error(s), 0 Warning(s).

<h2>Software Packages used:</h2>

Package Vendor: ARM
                https://www.keil.com/pack/ARM.CMSIS.6.3.0.pack
                ARM::CMSIS@6.3.0
                CMSIS (Common Microcontroller Software Interface Standard)
   * Component: CORE Version: 6.2.0

Package Vendor: Keil
                https://www.keil.com/pack/Keil.STM32L0xx_DFP.3.1.0.pack
                Keil::STM32L0xx_DFP@3.1.0
                STMicroelectronics STM32L0 Series Device Support

<h2>Collection of Component include folders:</h2>
  ./RTE/_NUCLEO-L073RZ_project
  C:/Users/Donggyun/AppData/Local/Arm/Packs/ARM/CMSIS/6.3.0/CMSIS/Core/Include

<h2>Collection of Component Files used:</h2>

   * Component: ARM::CMSIS:CORE@6.2.0
      Include file:  CMSIS/Core/Include/tz_context.h
Build Time Elapsed:  00:00:00
</pre>
</body>
</html>
