Archive member included to satisfy reference by file (symbol)

C:/ST/STM32CubeIDE_1.17.0/STM32CubeIDE/plugins/com.st.stm32cube.ide.mcu.externaltools.gnu-tools-for-stm32.12.3.rel1.win32_1.1.0.202410251130/tools/bin/../lib/gcc/arm-none-eabi/12.3.1/../../../../arm-none-eabi/lib/thumb/v7-m/nofp\libc_nano.a(libc_a-exit.o)
                              C:/ST/STM32CubeIDE_1.17.0/STM32CubeIDE/plugins/com.st.stm32cube.ide.mcu.externaltools.gnu-tools-for-stm32.12.3.rel1.win32_1.1.0.202410251130/tools/bin/../lib/gcc/arm-none-eabi/12.3.1/../../../../arm-none-eabi/lib/thumb/v7-m/nofp/crt0.o (exit)
C:/ST/STM32CubeIDE_1.17.0/STM32CubeIDE/plugins/com.st.stm32cube.ide.mcu.externaltools.gnu-tools-for-stm32.12.3.rel1.win32_1.1.0.202410251130/tools/bin/../lib/gcc/arm-none-eabi/12.3.1/../../../../arm-none-eabi/lib/thumb/v7-m/nofp\libc_nano.a(libc_a-findfp.o)
                              C:/ST/STM32CubeIDE_1.17.0/STM32CubeIDE/plugins/com.st.stm32cube.ide.mcu.externaltools.gnu-tools-for-stm32.12.3.rel1.win32_1.1.0.202410251130/tools/bin/../lib/gcc/arm-none-eabi/12.3.1/../../../../arm-none-eabi/lib/thumb/v7-m/nofp\libc_nano.a(libc_a-exit.o) (__stdio_exit_handler)
C:/ST/STM32CubeIDE_1.17.0/STM32CubeIDE/plugins/com.st.stm32cube.ide.mcu.externaltools.gnu-tools-for-stm32.12.3.rel1.win32_1.1.0.202410251130/tools/bin/../lib/gcc/arm-none-eabi/12.3.1/../../../../arm-none-eabi/lib/thumb/v7-m/nofp\libc_nano.a(libc_a-fwalk.o)
                              C:/ST/STM32CubeIDE_1.17.0/STM32CubeIDE/plugins/com.st.stm32cube.ide.mcu.externaltools.gnu-tools-for-stm32.12.3.rel1.win32_1.1.0.202410251130/tools/bin/../lib/gcc/arm-none-eabi/12.3.1/../../../../arm-none-eabi/lib/thumb/v7-m/nofp\libc_nano.a(libc_a-findfp.o) (_fwalk_sglue)
C:/ST/STM32CubeIDE_1.17.0/STM32CubeIDE/plugins/com.st.stm32cube.ide.mcu.externaltools.gnu-tools-for-stm32.12.3.rel1.win32_1.1.0.202410251130/tools/bin/../lib/gcc/arm-none-eabi/12.3.1/../../../../arm-none-eabi/lib/thumb/v7-m/nofp\libc_nano.a(libc_a-stdio.o)
                              C:/ST/STM32CubeIDE_1.17.0/STM32CubeIDE/plugins/com.st.stm32cube.ide.mcu.externaltools.gnu-tools-for-stm32.12.3.rel1.win32_1.1.0.202410251130/tools/bin/../lib/gcc/arm-none-eabi/12.3.1/../../../../arm-none-eabi/lib/thumb/v7-m/nofp\libc_nano.a(libc_a-findfp.o) (__sread)
C:/ST/STM32CubeIDE_1.17.0/STM32CubeIDE/plugins/com.st.stm32cube.ide.mcu.externaltools.gnu-tools-for-stm32.12.3.rel1.win32_1.1.0.202410251130/tools/bin/../lib/gcc/arm-none-eabi/12.3.1/../../../../arm-none-eabi/lib/thumb/v7-m/nofp\libc_nano.a(libc_a-memcmp.o)
                              ./Core/Src/main.o (memcmp)
C:/ST/STM32CubeIDE_1.17.0/STM32CubeIDE/plugins/com.st.stm32cube.ide.mcu.externaltools.gnu-tools-for-stm32.12.3.rel1.win32_1.1.0.202410251130/tools/bin/../lib/gcc/arm-none-eabi/12.3.1/../../../../arm-none-eabi/lib/thumb/v7-m/nofp\libc_nano.a(libc_a-memset.o)
                              C:/ST/STM32CubeIDE_1.17.0/STM32CubeIDE/plugins/com.st.stm32cube.ide.mcu.externaltools.gnu-tools-for-stm32.12.3.rel1.win32_1.1.0.202410251130/tools/bin/../lib/gcc/arm-none-eabi/12.3.1/../../../../arm-none-eabi/lib/thumb/v7-m/nofp/crt0.o (memset)
C:/ST/STM32CubeIDE_1.17.0/STM32CubeIDE/plugins/com.st.stm32cube.ide.mcu.externaltools.gnu-tools-for-stm32.12.3.rel1.win32_1.1.0.202410251130/tools/bin/../lib/gcc/arm-none-eabi/12.3.1/../../../../arm-none-eabi/lib/thumb/v7-m/nofp\libc_nano.a(libc_a-closer.o)
                              C:/ST/STM32CubeIDE_1.17.0/STM32CubeIDE/plugins/com.st.stm32cube.ide.mcu.externaltools.gnu-tools-for-stm32.12.3.rel1.win32_1.1.0.202410251130/tools/bin/../lib/gcc/arm-none-eabi/12.3.1/../../../../arm-none-eabi/lib/thumb/v7-m/nofp\libc_nano.a(libc_a-stdio.o) (_close_r)
C:/ST/STM32CubeIDE_1.17.0/STM32CubeIDE/plugins/com.st.stm32cube.ide.mcu.externaltools.gnu-tools-for-stm32.12.3.rel1.win32_1.1.0.202410251130/tools/bin/../lib/gcc/arm-none-eabi/12.3.1/../../../../arm-none-eabi/lib/thumb/v7-m/nofp\libc_nano.a(libc_a-reent.o)
                              C:/ST/STM32CubeIDE_1.17.0/STM32CubeIDE/plugins/com.st.stm32cube.ide.mcu.externaltools.gnu-tools-for-stm32.12.3.rel1.win32_1.1.0.202410251130/tools/bin/../lib/gcc/arm-none-eabi/12.3.1/../../../../arm-none-eabi/lib/thumb/v7-m/nofp\libc_nano.a(libc_a-closer.o) (errno)
C:/ST/STM32CubeIDE_1.17.0/STM32CubeIDE/plugins/com.st.stm32cube.ide.mcu.externaltools.gnu-tools-for-stm32.12.3.rel1.win32_1.1.0.202410251130/tools/bin/../lib/gcc/arm-none-eabi/12.3.1/../../../../arm-none-eabi/lib/thumb/v7-m/nofp\libc_nano.a(libc_a-impure.o)
                              C:/ST/STM32CubeIDE_1.17.0/STM32CubeIDE/plugins/com.st.stm32cube.ide.mcu.externaltools.gnu-tools-for-stm32.12.3.rel1.win32_1.1.0.202410251130/tools/bin/../lib/gcc/arm-none-eabi/12.3.1/../../../../arm-none-eabi/lib/thumb/v7-m/nofp\libc_nano.a(libc_a-reent.o) (_impure_ptr)
[...]
Memory Configuration

Name             Origin             Length             Attributes
RAM              0x20000000         0x00005000         xrw
FLASH            0x08014000         0x0000c000         xrw
*default*        0x00000000         0xffffffff

Linker script and memory map

LOAD C:/ST/STM32CubeIDE_1.17.0/STM32CubeIDE/plugins/com.st.stm32cube.ide.mcu.externaltools.gnu-tools-for-stm32.12.3.rel1.win32_1.1.0.202410251130/tools/bin/../lib/gcc/arm-none-eabi/12.3.1/thumb/v7-m/nofp/crti.o
LOAD C:/ST/STM32CubeIDE_1.17.0/STM32CubeIDE/plugins/com.st.stm32cube.ide.mcu.externaltools.gnu-tools-for-stm32.12.3.rel1.win32_1.1.0.202410251130/tools/bin/../lib/gcc/arm-none-eabi/12.3.1/thumb/v7-m/nofp/crtbegin.o
LOAD C:/ST/STM32CubeIDE_1.17.0/STM32CubeIDE/plugins/com.st.stm32cube.ide.mcu.externaltools.gnu-tools-for-stm32.12.3.rel1.win32_1.1.0.202410251130/tools/bin/../lib/gcc/arm-none-eabi/12.3.1/../../../../arm-none-eabi/lib/thumb/v7-m/nofp/crt0.o
LOAD ./Core/Src/can.o
LOAD ./Core/Src/gpio.o
LOAD ./Core/Src/i2c.o
LOAD ./Core/Src/main.o
LOAD ./Core/Src/stm32f1xx_hal_msp.o
LOAD ./Core/Src/stm32f1xx_it.o
LOAD ./Core/Src/syscalls.o
LOAD ./Core/Src/sysmem.o
LOAD ./Core/Src/system_stm32f1xx.o
LOAD ./Core/Src/usart.o
LOAD ./Core/Startup/startup_stm32f103rbtx.o
LOAD ./Drivers/STM32F1xx_HAL_Driver/Src/stm32f1xx_hal.o
LOAD ./Drivers/STM32F1xx_HAL_Driver/Src/stm32f1xx_hal_can.o
LOAD ./Drivers/STM32F1xx_HAL_Driver/Src/stm32f1xx_hal_cortex.o
LOAD ./Drivers/STM32F1xx_HAL_Driver/Src/stm32f1xx_hal_dma.o
LOAD ./Drivers/STM32F1xx_HAL_Driver/Src/stm32f1xx_hal_exti.o
LOAD ./Drivers/STM32F1xx_HAL_Driver/Src/stm32f1xx_hal_flash.o
LOAD ./Drivers/STM32F1xx_HAL_Driver/Src/stm32f1xx_hal_flash_ex.o
LOAD ./Drivers/STM32F1xx_HAL_Driver/Src/stm32f1xx_hal_gpio.o
LOAD ./Drivers/STM32F1xx_HAL_Driver/Src/stm32f1xx_hal_gpio_ex.o
LOAD ./Drivers/STM32F1xx_HAL_Driver/Src/stm32f1xx_hal_i2c.o
LOAD ./Drivers/STM32F1xx_HAL_Driver/Src/stm32f1xx_hal_pwr.o
LOAD ./Drivers/STM32F1xx_HAL_Driver/Src/stm32f1xx_hal_rcc.o
LOAD ./Drivers/STM32F1xx_HAL_Driver/Src/stm32f1xx_hal_rcc_ex.o
LOAD ./Drivers/STM32F1xx_HAL_Driver/Src/stm32f1xx_hal_uart.o
START GROUP
LOAD C:/ST/STM32CubeIDE_1.17.0/STM32CubeIDE/plugins/com.st.stm32cube.ide.mcu.externaltools.gnu-tools-for-stm32.12.3.rel1.win32_1.1.0.202410251130/tools/bin/../lib/gcc/arm-none-eabi/12.3.1/../../../../arm-none-eabi/lib/thumb/v7-m/nofp\libc_nano.a
LOAD C:/ST/STM32CubeIDE_1.17.0/STM32CubeIDE/plugins/com.st.stm32cube.ide.mcu.externaltools.gnu-tools-for-stm32.12.3.rel1.win32_1.1.0.202410251130/tools/bin/../lib/gcc/arm-none-eabi/12.3.1/../../../../arm-none-eabi/lib/thumb/v7-m/nofp\libm.a
END GROUP
START GROUP
LOAD C:/ST/STM32CubeIDE_1.17.0/STM32CubeIDE/plugins/com.st.stm32cube.ide.mcu.externaltools.gnu-tools-for-stm32.12.3.rel1.win32_1.1.0.202410251130/tools/bin/../lib/gcc/arm-none-eabi/12.3.1/thumb/v7-m/nofp\libgcc.a
LOAD C:/ST/STM32CubeIDE_1.17.0/STM32CubeIDE/plugins/com.st.stm32cube.ide.mcu.externaltools.gnu-tools-for-stm32.12.3.rel1.win32_1.1.0.202410251130/tools/bin/../lib/gcc/arm-none-eabi/12.3.1/../../../../arm-none-eabi/lib/thumb/v7-m/nofp\libc_nano.a
END GROUP
START GROUP
LOAD C:/ST/STM32CubeIDE_1.17.0/STM32CubeIDE/plugins/com.st.stm32cube.ide.mcu.externaltools.gnu-tools-for-stm32.12.3.rel1.win32_1.1.0.202410251130/tools/bin/../lib/gcc/arm-none-eabi/12.3.1/thumb/v7-m/nofp\libgcc.a
LOAD C:/ST/STM32CubeIDE_1.17.0/STM32CubeIDE/plugins/com.st.stm32cube.ide.mcu.externaltools.gnu-tools-for-stm32.12.3.rel1.win32_1.1.0.202410251130/tools/bin/../lib/gcc/arm-none-eabi/12.3.1/../../../../arm-none-eabi/lib/thumb/v7-m/nofp\libc_nano.a
LOAD C:/ST/STM32CubeIDE_1.17.0/STM32CubeIDE/plugins/com.st.stm32cube.ide.mcu.externaltools.gnu-tools-for-stm32.12.3.rel1.win32_1.1.0.202410251130/tools/bin/../lib/gcc/arm-none-eabi/12.3.1/../../../../arm-none-eabi/lib/thumb/v7-m/nofp\libnosys.a
END GROUP
START GROUP
LOAD C:/ST/STM32CubeIDE_1.17.0/STM32CubeIDE/plugins/com.st.stm32cube.ide.mcu.externaltools.gnu-tools-for-stm32.12.3.rel1.win32_1.1.0.202410251130/tools/bin/../lib/gcc/arm-none-eabi/12.3.1/thumb/v7-m/nofp\libgcc.a
LOAD C:/ST/STM32CubeIDE_1.17.0/STM32CubeIDE/plugins/com.st.stm32cube.ide.mcu.externaltools.gnu-tools-for-stm32.12.3.rel1.win32_1.1.0.202410251130/tools/bin/../lib/gcc/arm-none-eabi/12.3.1/../../../../arm-none-eabi/lib/thumb/v7-m/nofp\libc_nano.a
LOAD C:/ST/STM32CubeIDE_1.17.0/STM32CubeIDE/plugins/com.st.stm32cube.ide.mcu.externaltools.gnu-tools-for-stm32.12.3.rel1.win32_1.1.0.202410251130/tools/bin/../lib/gcc/arm-none-eabi/12.3.1/../../../../arm-none-eabi/lib/thumb/v7-m/nofp\libnosys.a
END GROUP
LOAD C:/ST/STM32CubeIDE_1.17.0/STM32CubeIDE/plugins/com.st.stm32cube.ide.mcu.externaltools.gnu-tools-for-stm32.12.3.rel1.win32_1.1.0.202410251130/tools/bin/../lib/gcc/arm-none-eabi/12.3.1/thumb/v7-m/nofp/crtend.o
LOAD C:/ST/STM32CubeIDE_1.17.0/STM32CubeIDE/plugins/com.st.stm32cube.ide.mcu.externaltools.gnu-tools-for-stm32.12.3.rel1.win32_1.1.0.202410251130/tools/bin/../lib/gcc/arm-none-eabi/12.3.1/thumb/v7-m/nofp/crtn.o
                0x20005000                        _estack = (ORIGIN (RAM) + LENGTH (RAM))
                0x00000200                        _Min_Heap_Size = 0x200
                0x00000400                        _Min_Stack_Size = 0x400

.isr_vector     0x08014000      0x10c
                0x08014000                        . = ALIGN (0x4)
 *(.isr_vector)
 .isr_vector    0x08014000      0x10c ./Core/Startup/startup_stm32f103rbtx.o
                0x08014000                g_pfnVectors
                0x0801410c                        . = ALIGN (0x4)

.text           0x0801410c     0x1e3c
                0x0801410c                        . = ALIGN (0x4)
 *(.text)
 .text          0x0801410c       0x40 C:/ST/STM32CubeIDE_1.17.0/STM32CubeIDE/plugins/com.st.stm32cube.ide.mcu.externaltools.gnu-tools-for-stm32.12.3.rel1.win32_1.1.0.202410251130/tools/bin/../lib/gcc/arm-none-eabi/12.3.1/thumb/v7-m/nofp/crtbegin.o
 *(.text*)
 .text.MX_CAN_Init
                0x0801414c       0x38 ./Core/Src/can.o
                0x0801414c                MX_CAN_Init
 .text.HAL_CAN_MspInit
                0x08014184       0x70 ./Core/Src/can.o
                0x08014184                HAL_CAN_MspInit
 .text.MX_GPIO_Init
                0x080141f4       0xb8 ./Core/Src/gpio.o
                0x080141f4                MX_GPIO_Init
 .text.MX_I2C1_Init
                0x080142ac       0x3c ./Core/Src/i2c.o
                0x080142ac                MX_I2C1_Init
 .text.HAL_I2C_MspInit
                0x080142e8       0x64 ./Core/Src/i2c.o
                0x080142e8                HAL_I2C_MspInit
 .text.__NVIC_SystemReset
                0x0801434c       0x24 ./Core/Src/main.o
 .text.SendFirmwareStartedMessage.part.0
                0x08014370       0x1c ./Core/Src/main.o
 .text.LCD_SendInternal
                0x0801438c       0x4c ./Core/Src/main.o
                0x0801438c                LCD_SendInternal
 .text.LCD_SendCmd
                0x080143d8        0x6 ./Core/Src/main.o
                0x080143d8                LCD_SendCmd
 .text.LCD_SendData
                0x080143de        0x6 ./Core/Src/main.o
                0x080143de                LCD_SendData
 .text.LCD_Init
                0x080143e4       0x72 ./Core/Src/main.o
                0x080143e4                LCD_Init
 .text.LCD_Print
                0x08014456       0x12 ./Core/Src/main.o
                0x08014456                LCD_Print
 .text.LCD_Clear
                0x08014468       0x12 ./Core/Src/main.o
                0x08014468                LCD_Clear
 *fill*         0x0801447a        0x2 
 .text.LCD_PrintStatus
                0x0801447c       0x48 ./Core/Src/main.o
                0x0801447c                LCD_PrintStatus
 .text.SetBootFlag
                0x080144c4       0x38 ./Core/Src/main.o
                0x080144c4                SetBootFlag
 .text.NVIC_Config
                0x080144fc       0x16 ./Core/Src/main.o
                0x080144fc                NVIC_Config
 *fill*         0x08014512        0x2 
 .text.EraseFlashMemory
                0x08014514       0x50 ./Core/Src/main.o
                0x08014514                EraseFlashMemory
 .text.MessageBufferIsEmpty
                0x08014564       0x1c ./Core/Src/main.o
                0x08014564                MessageBufferIsEmpty
 .text.MessageBufferGet
                0x08014580       0x58 ./Core/Src/main.o
                0x08014580                MessageBufferGet
 .text.Error_Handler
                0x080145d8       0x1c ./Core/Src/main.o
                0x080145d8                Error_Handler
 .text.SystemClock_Config
                0x080145f4       0x88 ./Core/Src/main.o
                0x080145f4                SystemClock_Config
 .text.SendFirmwareStartedMessage
                0x0801467c       0x3c ./Core/Src/main.o
                0x0801467c                SendFirmwareStartedMessage
 .text.SendInactivePartitionAddress
                0x080146b8       0x50 ./Core/Src/main.o
                0x080146b8                SendInactivePartitionAddress
 .text.StartFirmwareUpdate
                0x08014708       0x5c ./Core/Src/main.o
                0x08014708                StartFirmwareUpdate
 .text.SendUpdateState
                0x08014764       0x4c ./Core/Src/main.o
                0x08014764                SendUpdateState
 .text.FirmwareUpdateStateMachine
                0x080147b0      0x154 ./Core/Src/main.o
                0x080147b0                FirmwareUpdateStateMachine
 .text.startup.main
                0x08014904      0x12c ./Core/Src/main.o
                0x08014904                main
 .text.HAL_MspInit
                0x08014a30       0x44 ./Core/Src/stm32f1xx_hal_msp.o
                0x08014a30                HAL_MspInit
 .text.NMI_Handler
                0x08014a74        0x2 ./Core/Src/stm32f1xx_it.o
                0x08014a74                NMI_Handler
 .text.HardFault_Handler
                0x08014a76        0x2 ./Core/Src/stm32f1xx_it.o
                0x08014a76                HardFault_Handler
 .text.MemManage_Handler
                0x08014a78        0x2 ./Core/Src/stm32f1xx_it.o
                0x08014a78                MemManage_Handler
 .text.BusFault_Handler
                0x08014a7a        0x2 ./Core/Src/stm32f1xx_it.o
                0x08014a7a                BusFault_Handler
 .text.UsageFault_Handler
                0x08014a7c        0x2 ./Core/Src/stm32f1xx_it.o
                0x08014a7c                UsageFault_Handler
 .text.SVC_Handler
                0x08014a7e        0x2 ./Core/Src/stm32f1xx_it.o
                0x08014a7e                SVC_Handler
 .text.DebugMon_Handler
                0x08014a80        0x2 ./Core/Src/stm32f1xx_it.o
                0x08014a80                DebugMon_Handler
 .text.PendSV_Handler
                0x08014a82        0x2 ./Core/Src/stm32f1xx_it.o
                0x08014a82                PendSV_Handler
 .text.SysTick_Handler
                0x08014a84        0x4 ./Core/Src/stm32f1xx_it.o
                0x08014a84                SysTick_Handler
 .text.EXTI15_10_IRQHandler
                0x08014a88        0x8 ./Core/Src/stm32f1xx_it.o
                0x08014a88                EXTI15_10_IRQHandler
 .text.SystemInit
                0x08014a90        0x2 ./Core/Src/system_stm32f1xx.o
                0x08014a90                SystemInit
 *fill*         0x08014a92        0x2 
 .text.MX_USART2_UART_Init
                0x08014a94       0x38 ./Core/Src/usart.o
                0x08014a94                MX_USART2_UART_Init
 .text.HAL_UART_MspInit
                0x08014acc       0x60 ./Core/Src/usart.o
                0x08014acc                HAL_UART_MspInit
 .text.Reset_Handler
                0x08014b2c       0x48 ./Core/Startup/startup_stm32f103rbtx.o
                0x08014b2c                Reset_Handler
 .text.Default_Handler
                0x08014b74        0x2 ./Core/Startup/startup_stm32f103rbtx.o
                0x08014b74                RTC_Alarm_IRQHandler
                0x08014b74                EXTI2_IRQHandler
                0x08014b74                TIM1_CC_IRQHandler
                0x08014b74                PVD_IRQHandler
                0x08014b74                EXTI3_IRQHandler
                0x08014b74                EXTI0_IRQHandler
                0x08014b74                I2C2_EV_IRQHandler
                0x08014b74                ADC1_2_IRQHandler
                0x08014b74                SPI1_IRQHandler
                0x08014b74                TAMPER_IRQHandler
                0x08014b74                DMA1_Channel4_IRQHandler
                0x08014b74                USART3_IRQHandler
                0x08014b74                RTC_IRQHandler
                0x08014b74                DMA1_Channel7_IRQHandler
                0x08014b74                CAN1_RX1_IRQHandler
                0x08014b74                TIM4_IRQHandler
                0x08014b74                I2C1_EV_IRQHandler
                0x08014b74                DMA1_Channel6_IRQHandler
                0x08014b74                TIM3_IRQHandler
                0x08014b74                RCC_IRQHandler
                0x08014b74                TIM1_TRG_COM_IRQHandler
                0x08014b74                DMA1_Channel1_IRQHandler
                0x08014b74                Default_Handler
                0x08014b74                EXTI9_5_IRQHandler
                0x08014b74                SPI2_IRQHandler
                0x08014b74                DMA1_Channel5_IRQHandler
                0x08014b74                EXTI4_IRQHandler
                0x08014b74                USB_LP_CAN1_RX0_IRQHandler
                0x08014b74                USB_HP_CAN1_TX_IRQHandler
                0x08014b74                DMA1_Channel3_IRQHandler
                0x08014b74                TIM1_UP_IRQHandler
                0x08014b74                WWDG_IRQHandler
                0x08014b74                TIM2_IRQHandler
                0x08014b74                TIM1_BRK_IRQHandler
                0x08014b74                EXTI1_IRQHandler
                0x08014b74                USART2_IRQHandler
                0x08014b74                I2C2_ER_IRQHandler
                0x08014b74                DMA1_Channel2_IRQHandler
                0x08014b74                CAN1_SCE_IRQHandler
                0x08014b74                FLASH_IRQHandler
                0x08014b74                USART1_IRQHandler
                0x08014b74                I2C1_ER_IRQHandler
                0x08014b74                USBWakeUp_IRQHandler
 *fill*         0x08014b76        0x2 
 .text.HAL_InitTick
                0x08014b78       0x48 ./Drivers/STM32F1xx_HAL_Driver/Src/stm32f1xx_hal.o
                0x08014b78                HAL_InitTick
 .text.HAL_Init
                0x08014bc0       0x24 ./Drivers/STM32F1xx_HAL_Driver/Src/stm32f1xx_hal.o
                0x08014bc0                HAL_Init
 .text.HAL_IncTick
                0x08014be4       0x18 ./Drivers/STM32F1xx_HAL_Driver/Src/stm32f1xx_hal.o
                0x08014be4                HAL_IncTick
 .text.HAL_GetTick
                0x08014bfc        0xc ./Drivers/STM32F1xx_HAL_Driver/Src/stm32f1xx_hal.o
                0x08014bfc                HAL_GetTick
 .text.HAL_Delay
                0x08014c08       0x24 ./Drivers/STM32F1xx_HAL_Driver/Src/stm32f1xx_hal.o
                0x08014c08                HAL_Delay
 .text.HAL_CAN_Init
                0x08014c2c       0xf6 ./Drivers/STM32F1xx_HAL_Driver/Src/stm32f1xx_hal_can.o
                0x08014c2c                HAL_CAN_Init
 .text.HAL_CAN_ConfigFilter
                0x08014d22       0xe0 ./Drivers/STM32F1xx_HAL_Driver/Src/stm32f1xx_hal_can.o
                0x08014d22                HAL_CAN_ConfigFilter
 .text.HAL_CAN_Start
                0x08014e02       0x56 ./Drivers/STM32F1xx_HAL_Driver/Src/stm32f1xx_hal_can.o
                0x08014e02                HAL_CAN_Start
 .text.HAL_CAN_AddTxMessage
                0x08014e58       0x92 ./Drivers/STM32F1xx_HAL_Driver/Src/stm32f1xx_hal_can.o
                0x08014e58                HAL_CAN_AddTxMessage
 .text.HAL_CAN_IsTxMessagePending
                0x08014eea       0x22 ./Drivers/STM32F1xx_HAL_Driver/Src/stm32f1xx_hal_can.o
                0x08014eea                HAL_CAN_IsTxMessagePending
 .text.HAL_CAN_ActivateNotification
                0x08014f0c       0x22 ./Drivers/STM32F1xx_HAL_Driver/Src/stm32f1xx_hal_can.o
                0x08014f0c                HAL_CAN_ActivateNotification
 *fill*         0x08014f2e        0x2 
 .text.HAL_NVIC_SetPriorityGrouping
                0x08014f30       0x24 ./Drivers/STM32F1xx_HAL_Driver/Src/stm32f1xx_hal_cortex.o
                0x08014f30                HAL_NVIC_SetPriorityGrouping
 .text.HAL_NVIC_SetPriority
                0x08014f54       0x60 ./Drivers/STM32F1xx_HAL_Driver/Src/stm32f1xx_hal_cortex.o
                0x08014f54                HAL_NVIC_SetPriority
 .text.HAL_NVIC_EnableIRQ
                0x08014fb4       0x1c ./Drivers/STM32F1xx_HAL_Driver/Src/stm32f1xx_hal_cortex.o
                0x08014fb4                HAL_NVIC_EnableIRQ
 .text.HAL_SYSTICK_Config
                0x08014fd0       0x28 ./Drivers/STM32F1xx_HAL_Driver/Src/stm32f1xx_hal_cortex.o
                0x08014fd0                HAL_SYSTICK_Config
 .text.FLASH_SetErrorCode
                0x08014ff8       0x50 ./Drivers/STM32F1xx_HAL_Driver/Src/stm32f1xx_hal_flash.o
 .text.HAL_FLASH_Unlock
                0x08015048       0x24 ./Drivers/STM32F1xx_HAL_Driver/Src/stm32f1xx_hal_flash.o
                0x08015048                HAL_FLASH_Unlock
 .text.HAL_FLASH_Lock
                0x0801506c       0x14 ./Drivers/STM32F1xx_HAL_Driver/Src/stm32f1xx_hal_flash.o
                0x0801506c                HAL_FLASH_Lock
 .text.FLASH_WaitForLastOperation
                0x08015080       0x54 ./Drivers/STM32F1xx_HAL_Driver/Src/stm32f1xx_hal_flash.o
                0x08015080                FLASH_WaitForLastOperation
 .text.HAL_FLASH_Program
                0x080150d4       0xa4 ./Drivers/STM32F1xx_HAL_Driver/Src/stm32f1xx_hal_flash.o
                0x080150d4                HAL_FLASH_Program
 .text.FLASH_PageErase
                0x08015178       0x24 ./Drivers/STM32F1xx_HAL_Driver/Src/stm32f1xx_hal_flash_ex.o
                0x08015178                FLASH_PageErase
 .text.HAL_FLASHEx_Erase
                0x0801519c       0xa8 ./Drivers/STM32F1xx_HAL_Driver/Src/stm32f1xx_hal_flash_ex.o
                0x0801519c                HAL_FLASHEx_Erase
 .text.HAL_GPIO_Init
                0x08015244      0x1b0 ./Drivers/STM32F1xx_HAL_Driver/Src/stm32f1xx_hal_gpio.o
                0x08015244                HAL_GPIO_Init
 .text.HAL_GPIO_WritePin
                0x080153f4        0xa ./Drivers/STM32F1xx_HAL_Driver/Src/stm32f1xx_hal_gpio.o
                0x080153f4                HAL_GPIO_WritePin
 .text.HAL_GPIO_EXTI_Callback
                0x080153fe        0x2 ./Drivers/STM32F1xx_HAL_Driver/Src/stm32f1xx_hal_gpio.o
                0x080153fe                HAL_GPIO_EXTI_Callback
 .text.HAL_GPIO_EXTI_IRQHandler
                0x08015400       0x18 ./Drivers/STM32F1xx_HAL_Driver/Src/stm32f1xx_hal_gpio.o
                0x08015400                HAL_GPIO_EXTI_IRQHandler
 .text.I2C_IsAcknowledgeFailed
                0x08015418       0x32 ./Drivers/STM32F1xx_HAL_Driver/Src/stm32f1xx_hal_i2c.o
 .text.I2C_WaitOnFlagUntilTimeout
                0x0801544a       0x80 ./Drivers/STM32F1xx_HAL_Driver/Src/stm32f1xx_hal_i2c.o
 .text.I2C_WaitOnMasterAddressFlagUntilTimeout
                0x080154ca       0x84 ./Drivers/STM32F1xx_HAL_Driver/Src/stm32f1xx_hal_i2c.o
 .text.I2C_WaitOnTXEFlagUntilTimeout
                0x0801554e       0x54 ./Drivers/STM32F1xx_HAL_Driver/Src/stm32f1xx_hal_i2c.o
 .text.I2C_WaitOnBTFFlagUntilTimeout
                0x080155a2       0x54 ./Drivers/STM32F1xx_HAL_Driver/Src/stm32f1xx_hal_i2c.o
 *fill*         0x080155f6        0x2 
 .text.HAL_I2C_Init
                0x080155f8      0x150 ./Drivers/STM32F1xx_HAL_Driver/Src/stm32f1xx_hal_i2c.o
                0x080155f8                HAL_I2C_Init
 .text.HAL_I2C_Master_Transmit
                0x08015748      0x1b4 ./Drivers/STM32F1xx_HAL_Driver/Src/stm32f1xx_hal_i2c.o
                0x08015748                HAL_I2C_Master_Transmit
 .text.HAL_PWR_EnableBkUpAccess
                0x080158fc        0xc ./Drivers/STM32F1xx_HAL_Driver/Src/stm32f1xx_hal_pwr.o
                0x080158fc                HAL_PWR_EnableBkUpAccess
 .text.HAL_RCC_OscConfig
                0x08015908      0x338 ./Drivers/STM32F1xx_HAL_Driver/Src/stm32f1xx_hal_rcc.o
                0x08015908                HAL_RCC_OscConfig
 .text.HAL_RCC_GetSysClockFreq
                0x08015c40       0x4c ./Drivers/STM32F1xx_HAL_Driver/Src/stm32f1xx_hal_rcc.o
                0x08015c40                HAL_RCC_GetSysClockFreq
 .text.HAL_RCC_ClockConfig
                0x08015c8c      0x138 ./Drivers/STM32F1xx_HAL_Driver/Src/stm32f1xx_hal_rcc.o
                0x08015c8c                HAL_RCC_ClockConfig
 .text.HAL_RCC_GetPCLK1Freq
                0x08015dc4       0x20 ./Drivers/STM32F1xx_HAL_Driver/Src/stm32f1xx_hal_rcc.o
                0x08015dc4                HAL_RCC_GetPCLK1Freq
 .text.HAL_RCC_GetPCLK2Freq
                0x08015de4       0x20 ./Drivers/STM32F1xx_HAL_Driver/Src/stm32f1xx_hal_rcc.o
                0x08015de4                HAL_RCC_GetPCLK2Freq
 .text.UART_SetConfig
                0x08015e04       0x74 ./Drivers/STM32F1xx_HAL_Driver/Src/stm32f1xx_hal_uart.o
 .text.HAL_UART_Init
                0x08015e78       0x5e ./Drivers/STM32F1xx_HAL_Driver/Src/stm32f1xx_hal_uart.o
                0x08015e78                HAL_UART_Init
 .text.memset   0x08015ed6       0x10 C:/ST/STM32CubeIDE_1.17.0/STM32CubeIDE/plugins/com.st.stm32cube.ide.mcu.externaltools.gnu-tools-for-stm32.12.3.rel1.win32_1.1.0.202410251130/tools/bin/../lib/gcc/arm-none-eabi/12.3.1/../../../../arm-none-eabi/lib/thumb/v7-m/nofp\libc_nano.a(libc_a-memset.o)
                0x08015ed6                memset
 *fill*         0x08015ee6        0x2 
 .text.__libc_init_array
                0x08015ee8       0x48 C:/ST/STM32CubeIDE_1.17.0/STM32CubeIDE/plugins/com.st.stm32cube.ide.mcu.externaltools.gnu-tools-for-stm32.12.3.rel1.win32_1.1.0.202410251130/tools/bin/../lib/gcc/arm-none-eabi/12.3.1/../../../../arm-none-eabi/lib/thumb/v7-m/nofp\libc_nano.a(libc_a-init.o)
                0x08015ee8                __libc_init_array
 *(.glue_7)
 .glue_7        0x08015f30        0x0 linker stubs
 *(.glue_7t)
 .glue_7t       0x08015f30        0x0 linker stubs
 *(.eh_frame)
 .eh_frame      0x08015f30        0x0 C:/ST/STM32CubeIDE_1.17.0/STM32CubeIDE/plugins/com.st.stm32cube.ide.mcu.externaltools.gnu-tools-for-stm32.12.3.rel1.win32_1.1.0.202410251130/tools/bin/../lib/gcc/arm-none-eabi/12.3.1/thumb/v7-m/nofp/crtbegin.o
 *(.init)
 .init          0x08015f30        0x4 C:/ST/STM32CubeIDE_1.17.0/STM32CubeIDE/plugins/com.st.stm32cube.ide.mcu.externaltools.gnu-tools-for-stm32.12.3.rel1.win32_1.1.0.202410251130/tools/bin/../lib/gcc/arm-none-eabi/12.3.1/thumb/v7-m/nofp/crti.o
                0x08015f30                _init
 .init          0x08015f34        0x8 C:/ST/STM32CubeIDE_1.17.0/STM32CubeIDE/plugins/com.st.stm32cube.ide.mcu.externaltools.gnu-tools-for-stm32.12.3.rel1.win32_1.1.0.202410251130/tools/bin/../lib/gcc/arm-none-eabi/12.3.1/thumb/v7-m/nofp/crtn.o
 *(.fini)
 .fini          0x08015f3c        0x4 C:/ST/STM32CubeIDE_1.17.0/STM32CubeIDE/plugins/com.st.stm32cube.ide.mcu.externaltools.gnu-tools-for-stm32.12.3.rel1.win32_1.1.0.202410251130/tools/bin/../lib/gcc/arm-none-eabi/12.3.1/thumb/v7-m/nofp/crti.o
                0x08015f3c                _fini
 .fini          0x08015f40        0x8 C:/ST/STM32CubeIDE_1.17.0/STM32CubeIDE/plugins/com.st.stm32cube.ide.mcu.externaltools.gnu-tools-for-stm32.12.3.rel1.win32_1.1.0.202410251130/tools/bin/../lib/gcc/arm-none-eabi/12.3.1/thumb/v7-m/nofp/crtn.o
                0x08015f48                        . = ALIGN (0x4)
                0x08015f48                        _etext = .

.vfp11_veneer   0x08015f48        0x0
 .vfp11_veneer  0x08015f48        0x0 linker stubs

.v4_bx          0x08015f48        0x0
 .v4_bx         0x08015f48        0x0 linker stubs

.iplt           0x08015f48        0x0
 .iplt          0x08015f48        0x0 C:/ST/STM32CubeIDE_1.17.0/STM32CubeIDE/plugins/com.st.stm32cube.ide.mcu.externaltools.gnu-tools-for-stm32.12.3.rel1.win32_1.1.0.202410251130/tools/bin/../lib/gcc/arm-none-eabi/12.3.1/thumb/v7-m/nofp/crtbegin.o

.rodata         0x08015f48      0x18c
                0x08015f48                        . = ALIGN (0x4)
 *(.rodata)
 *(.rodata*)
 .rodata.LCD_PrintStatus.str1.1
                0x08015f48       0x1e ./Core/Src/main.o
 .rodata.EraseFlashMemory.str1.1
                0x08015f66       0x1e ./Core/Src/main.o
 .rodata.StartFirmwareUpdate.str1.1
                0x08015f84       0x35 ./Core/Src/main.o
 .rodata.FirmwareUpdateStateMachine.str1.1
                0x08015fb9       0x71 ./Core/Src/main.o
 .rodata.main.str1.1
                0x0801602a       0x80 ./Core/Src/main.o
 .rodata.APBPrescTable
                0x080160aa        0x8 ./Core/Src/system_stm32f1xx.o
                0x080160aa                APBPrescTable
 .rodata.AHBPrescTable
                0x080160b2       0x10 ./Core/Src/system_stm32f1xx.o
                0x080160b2                AHBPrescTable
 .rodata.aPredivFactorTable.0
                0x080160c2        0x2 ./Drivers/STM32F1xx_HAL_Driver/Src/stm32f1xx_hal_rcc.o
 .rodata.aPLLMULFactorTable.1
                0x080160c4       0x10 ./Drivers/STM32F1xx_HAL_Driver/Src/stm32f1xx_hal_rcc.o
                0x080160d4                        . = ALIGN (0x4)

.ARM.extab      0x080160d4        0x0
                0x080160d4                        . = ALIGN (0x4)
 *(.ARM.extab* .gnu.linkonce.armextab.*)
                0x080160d4                        . = ALIGN (0x4)

.ARM            0x080160d4        0x0
                0x080160d4                        . = ALIGN (0x4)
                0x080160d4                        __exidx_start = .
 *(.ARM.exidx*)
                0x080160d4                        __exidx_end = .
                0x080160d4                        . = ALIGN (0x4)

.preinit_array  0x080160d4        0x0
                0x080160d4                        . = ALIGN (0x4)
                0x080160d4                        PROVIDE (__preinit_array_start = .)
 *(.preinit_array*)
                0x080160d4                        PROVIDE (__preinit_array_end = .)
                0x080160d4                        . = ALIGN (0x4)

.init_array     0x080160d4        0x4
                0x080160d4                        . = ALIGN (0x4)
                0x080160d4                        PROVIDE (__init_array_start = .)
 *(SORT_BY_NAME(.init_array.*))
 *(.init_array*)
 .init_array    0x080160d4        0x4 C:/ST/STM32CubeIDE_1.17.0/STM32CubeIDE/plugins/com.st.stm32cube.ide.mcu.externaltools.gnu-tools-for-stm32.12.3.rel1.win32_1.1.0.202410251130/tools/bin/../lib/gcc/arm-none-eabi/12.3.1/thumb/v7-m/nofp/crtbegin.o
                0x080160d8                        PROVIDE (__init_array_end = .)
                0x080160d8                        . = ALIGN (0x4)

.fini_array     0x080160d8        0x4
                0x080160d8                        . = ALIGN (0x4)
                [!provide]                        PROVIDE (__fini_array_start = .)
 *(SORT_BY_NAME(.fini_array.*))
 *(.fini_array*)
 .fini_array    0x080160d8        0x4 C:/ST/STM32CubeIDE_1.17.0/STM32CubeIDE/plugins/com.st.stm32cube.ide.mcu.externaltools.gnu-tools-for-stm32.12.3.rel1.win32_1.1.0.202410251130/tools/bin/../lib/gcc/arm-none-eabi/12.3.1/thumb/v7-m/nofp/crtbegin.o
                [!provide]                        PROVIDE (__fini_array_end = .)
                0x080160dc                        . = ALIGN (0x4)
                0x080160dc                        _sidata = LOADADDR (.data)

.rel.dyn        0x080160dc        0x0
 .rel.iplt      0x080160dc        0x0 C:/ST/STM32CubeIDE_1.17.0/STM32CubeIDE/plugins/com.st.stm32cube.ide.mcu.externaltools.gnu-tools-for-stm32.12.3.rel1.win32_1.1.0.202410251130/tools/bin/../lib/gcc/arm-none-eabi/12.3.1/thumb/v7-m/nofp/crtbegin.o

.data           0x20000000        0xc load address 0x080160dc
                0x20000000                        . = ALIGN (0x4)
                0x20000000                        _sdata = .
 *(.data)
 *(.data*)
 .data.SystemCoreClock
                0x20000000        0x4 ./Core/Src/system_stm32f1xx.o
                0x20000000                SystemCoreClock
 .data.uwTickFreq
                0x20000004        0x1 ./Drivers/STM32F1xx_HAL_Driver/Src/stm32f1xx_hal.o
                0x20000004                uwTickFreq
 *fill*         0x20000005        0x3 
 .data.uwTickPrio
                0x20000008        0x4 ./Drivers/STM32F1xx_HAL_Driver/Src/stm32f1xx_hal.o
                0x20000008                uwTickPrio
 *(.RamFunc)
 *(.RamFunc*)
                0x2000000c                        . = ALIGN (0x4)
                0x2000000c                        _edata = .

.igot.plt       0x2000000c        0x0 load address 0x080160e8
 .igot.plt      0x2000000c        0x0 C:/ST/STM32CubeIDE_1.17.0/STM32CubeIDE/plugins/com.st.stm32cube.ide.mcu.externaltools.gnu-tools-for-stm32.12.3.rel1.win32_1.1.0.202410251130/tools/bin/../lib/gcc/arm-none-eabi/12.3.1/thumb/v7-m/nofp/crtbegin.o
                0x2000000c                        . = ALIGN (0x4)

.bss            0x20000010     0x4968 load address 0x080160e8
                0x20000010                        _sbss = .
                0x20000010                        __bss_start__ = _sbss
 *(.bss)
 .bss           0x20000010       0x1c C:/ST/STM32CubeIDE_1.17.0/STM32CubeIDE/plugins/com.st.stm32cube.ide.mcu.externaltools.gnu-tools-for-stm32.12.3.rel1.win32_1.1.0.202410251130/tools/bin/../lib/gcc/arm-none-eabi/12.3.1/thumb/v7-m/nofp/crtbegin.o
 *(.bss*)
 .bss.hcan      0x2000002c       0x28 ./Core/Src/can.o
                0x2000002c                hcan
 .bss.hi2c1     0x20000054       0x54 ./Core/Src/i2c.o
                0x20000054                hi2c1
 .bss.txMailbox
                0x200000a8        0x4 ./Core/Src/main.o
                0x200000a8                txMailbox
 .bss.txData    0x200000ac        0x8 ./Core/Src/main.o
                0x200000ac                txData
 .bss.txHeader  0x200000b4       0x18 ./Core/Src/main.o
                0x200000b4                txHeader
 .bss.messageBufferTail
                0x200000cc        0x2 ./Core/Src/main.o
                0x200000cc                messageBufferTail
 .bss.messageBufferHead
                0x200000ce        0x2 ./Core/Src/main.o
                0x200000ce                messageBufferHead
 .bss.messageBuffer
                0x200000d0     0x4800 ./Core/Src/main.o
                0x200000d0                messageBuffer
 .bss.LD2Counter
                0x200048d0        0x1 ./Core/Src/main.o
                0x200048d0                LD2Counter
 *fill*         0x200048d1        0x3 
 .bss.fwUpdateReceivedBytes
                0x200048d4        0x4 ./Core/Src/main.o
                0x200048d4                fwUpdateReceivedBytes
 .bss.fwUpdateSize
                0x200048d8        0x4 ./Core/Src/main.o
                0x200048d8                fwUpdateSize
 .bss.fwUpdateAddress
                0x200048dc        0x4 ./Core/Src/main.o
                0x200048dc                fwUpdateAddress
 .bss.fwUpdateComplete
                0x200048e0        0x1 ./Core/Src/main.o
                0x200048e0                fwUpdateComplete
 .bss.fwUpdateRequested
                0x200048e1        0x1 ./Core/Src/main.o
                0x200048e1                fwUpdateRequested
 .bss.fwUpdateState
                0x200048e2        0x1 ./Core/Src/main.o
                0x200048e2                fwUpdateState
 *fill*         0x200048e3        0x1 
 .bss.TxMailbox
                0x200048e4        0x4 ./Core/Src/main.o
                0x200048e4                TxMailbox
 .bss.TxData    0x200048e8        0x8 ./Core/Src/main.o
                0x200048e8                TxData
 .bss.TxHeader  0x200048f0       0x18 ./Core/Src/main.o
                0x200048f0                TxHeader
 .bss.huart2    0x20004908       0x48 ./Core/Src/usart.o
                0x20004908                huart2
 .bss.uwTick    0x20004950        0x4 ./Drivers/STM32F1xx_HAL_Driver/Src/stm32f1xx_hal.o
                0x20004950                uwTick
 *fill*         0x20004954        0x4 
 .bss.pFlash    0x20004958       0x20 ./Drivers/STM32F1xx_HAL_Driver/Src/stm32f1xx_hal_flash.o
                0x20004958                pFlash
 *(COMMON)
                0x20004978                        . = ALIGN (0x4)
                0x20004978                        _ebss = .
                0x20004978                        __bss_end__ = _ebss

._user_heap_stack
                0x20004978      0x600 load address 0x080160e8
                0x20004978                        . = ALIGN (0x8)
                [!provide]                        PROVIDE (end = .)
                0x20004978                        PROVIDE (_end = .)
                0x20004b78                        . = (. + _Min_Heap_Size)
 *fill*         0x20004978      0x200 
                0x20004f78                        . = (. + _Min_Stack_Size)
 *fill*         0x20004b78      0x400 
                0x20004f78                        . = ALIGN (0x8)

/DISCARD/
 libc.a(*)
 libm.a(*)
 libgcc.a(*)

.ARM.attributes
                0x00000000       0x29
 *(.ARM.attributes)
 .ARM.attributes
                0x00000000       0x1d C:/ST/STM32CubeIDE_1.17.0/STM32CubeIDE/plugins/com.st.stm32cube.ide.mcu.externaltools.gnu-tools-for-stm32.12.3.rel1.win32_1.1.0.202410251130/tools/bin/../lib/gcc/arm-none-eabi/12.3.1/thumb/v7-m/nofp/crti.o
 .ARM.attributes
                0x0000001d       0x2d C:/ST/STM32CubeIDE_1.17.0/STM32CubeIDE/plugins/com.st.stm32cube.ide.mcu.externaltools.gnu-tools-for-stm32.12.3.rel1.win32_1.1.0.202410251130/tools/bin/../lib/gcc/arm-none-eabi/12.3.1/thumb/v7-m/nofp/crtbegin.o
 .ARM.attributes
                0x0000004a       0x2d ./Core/Src/can.o
 .ARM.attributes
                0x00000077       0x2d ./Core/Src/gpio.o
 .ARM.attributes
                0x000000a4       0x2d ./Core/Src/i2c.o
 .ARM.attributes
                0x000000d1       0x2d ./Core/Src/main.o
 .ARM.attributes
                0x000000fe       0x2d ./Core/Src/stm32f1xx_hal_msp.o
 .ARM.attributes
                0x0000012b       0x2d ./Core/Src/stm32f1xx_it.o
 .ARM.attributes
                0x00000158       0x2d ./Core/Src/system_stm32f1xx.o
 .ARM.attributes
                0x00000185       0x2d ./Core/Src/usart.o
 .ARM.attributes
                0x000001b2       0x21 ./Core/Startup/startup_stm32f103rbtx.o
 .ARM.attributes
                0x000001d3       0x2d ./Drivers/STM32F1xx_HAL_Driver/Src/stm32f1xx_hal.o
 .ARM.attributes
                0x00000200       0x2d ./Drivers/STM32F1xx_HAL_Driver/Src/stm32f1xx_hal_can.o
 .ARM.attributes
                0x0000022d       0x2d ./Drivers/STM32F1xx_HAL_Driver/Src/stm32f1xx_hal_cortex.o
 .ARM.attributes
                0x0000025a       0x2d ./Drivers/STM32F1xx_HAL_Driver/Src/stm32f1xx_hal_flash.o
 .ARM.attributes
                0x00000287       0x2d ./Drivers/STM32F1xx_HAL_Driver/Src/stm32f1xx_hal_flash_ex.o
 .ARM.attributes
                0x000002b4       0x2d ./Drivers/STM32F1xx_HAL_Driver/Src/stm32f1xx_hal_gpio.o
 .ARM.attributes
                0x000002e1       0x2d ./Drivers/STM32F1xx_HAL_Driver/Src/stm32f1xx_hal_i2c.o
 .ARM.attributes
                0x0000030e       0x2d ./Drivers/STM32F1xx_HAL_Driver/Src/stm32f1xx_hal_pwr.o
 .ARM.attributes
                0x0000033b       0x2d ./Drivers/STM32F1xx_HAL_Driver/Src/stm32f1xx_hal_rcc.o
 .ARM.attributes
                0x00000368       0x2d ./Drivers/STM32F1xx_HAL_Driver/Src/stm32f1xx_hal_uart.o
 .ARM.attributes
                0x00000395       0x2d C:/ST/STM32CubeIDE_1.17.0/STM32CubeIDE/plugins/com.st.stm32cube.ide.mcu.externaltools.gnu-tools-for-stm32.12.3.rel1.win32_1.1.0.202410251130/tools/bin/../lib/gcc/arm-none-eabi/12.3.1/../../../../arm-none-eabi/lib/thumb/v7-m/nofp\libc_nano.a(libc_a-memset.o)
 .ARM.attributes
                0x000003c2       0x2d C:/ST/STM32CubeIDE_1.17.0/STM32CubeIDE/plugins/com.st.stm32cube.ide.mcu.externaltools.gnu-tools-for-stm32.12.3.rel1.win32_1.1.0.202410251130/tools/bin/../lib/gcc/arm-none-eabi/12.3.1/../../../../arm-none-eabi/lib/thumb/v7-m/nofp\libc_nano.a(libc_a-init.o)
 .ARM.attributes
                0x000003ef       0x1d C:/ST/STM32CubeIDE_1.17.0/STM32CubeIDE/plugins/com.st.stm32cube.ide.mcu.externaltools.gnu-tools-for-stm32.12.3.rel1.win32_1.1.0.202410251130/tools/bin/../lib/gcc/arm-none-eabi/12.3.1/thumb/v7-m/nofp/crtn.o
OUTPUT(PartitionB.elf elf32-littlearm)
LOAD linker stubs
LOAD C:/ST/STM32CubeIDE_1.17.0/STM32CubeIDE/plugins/com.st.stm32cube.ide.mcu.externaltools.gnu-tools-for-stm32.12.3.rel1.win32_1.1.0.202410251130/tools/bin/../lib/gcc/arm-none-eabi/12.3.1/../../../../arm-none-eabi/lib/thumb/v7-m/nofp\libc.a
LOAD C:/ST/STM32CubeIDE_1.17.0/STM32CubeIDE/plugins/com.st.stm32cube.ide.mcu.externaltools.gnu-tools-for-stm32.12.3.rel1.win32_1.1.0.202410251130/tools/bin/../lib/gcc/arm-none-eabi/12.3.1/../../../../arm-none-eabi/lib/thumb/v7-m/nofp\libm.a
LOAD C:/ST/STM32CubeIDE_1.17.0/STM32CubeIDE/plugins/com.st.stm32cube.ide.mcu.externaltools.gnu-tools-for-stm32.12.3.rel1.win32_1.1.0.202410251130/tools/bin/../lib/gcc/arm-none-eabi/12.3.1/thumb/v7-m/nofp\libgcc.a

.comment        0x00000000       0x43
 .comment       0x00000000       0x43 ./Core/Src/can.o
                                 0x44 (size before relaxing)
 .comment       0x00000043       0x44 ./Core/Src/gpio.o
 .comment       0x00000043       0x44 ./Core/Src/i2c.o
 .comment       0x00000043       0x44 ./Core/Src/main.o
 .comment       0x00000043       0x44 ./Core/Src/stm32f1xx_hal_msp.o
 .comment       0x00000043       0x44 ./Core/Src/stm32f1xx_it.o
 .comment       0x00000043       0x44 ./Core/Src/system_stm32f1xx.o
 .comment       0x00000043       0x44 ./Core/Src/usart.o
 .comment       0x00000043       0x44 ./Drivers/STM32F1xx_HAL_Driver/Src/stm32f1xx_hal.o
 .comment       0x00000043       0x44 ./Drivers/STM32F1xx_HAL_Driver/Src/stm32f1xx_hal_can.o
 .comment       0x00000043       0x44 ./Drivers/STM32F1xx_HAL_Driver/Src/stm32f1xx_hal_cortex.o
 .comment       0x00000043       0x44 ./Drivers/STM32F1xx_HAL_Driver/Src/stm32f1xx_hal_flash.o
 .comment       0x00000043       0x44 ./Drivers/STM32F1xx_HAL_Driver/Src/stm32f1xx_hal_flash_ex.o
 .comment       0x00000043       0x44 ./Drivers/STM32F1xx_HAL_Driver/Src/stm32f1xx_hal_gpio.o
 .comment       0x00000043       0x44 ./Drivers/STM32F1xx_HAL_Driver/Src/stm32f1xx_hal_i2c.o
 .comment       0x00000043       0x44 ./Drivers/STM32F1xx_HAL_Driver/Src/stm32f1xx_hal_pwr.o
 .comment       0x00000043       0x44 ./Drivers/STM32F1xx_HAL_Driver/Src/stm32f1xx_hal_rcc.o
 .comment       0x00000043       0x44 ./Drivers/STM32F1xx_HAL_Driver/Src/stm32f1xx_hal_uart.o

.debug_frame    0x00000000       0x4c
 .debug_frame   0x00000000       0x20 C:/ST/STM32CubeIDE_1.17.0/STM32CubeIDE/plugins/com.st.stm32cube.ide.mcu.externaltools.gnu-tools-for-stm32.12.3.rel1.win32_1.1.0.202410251130/tools/bin/../lib/gcc/arm-none-eabi/12.3.1/../../../../arm-none-eabi/lib/thumb/v7-m/nofp\libc_nano.a(libc_a-memset.o)
 .debug_frame   0x00000020       0x2c C:/ST/STM32CubeIDE_1.17.0/STM32CubeIDE/plugins/com.st.stm32cube.ide.mcu.externaltools.gnu-tools-for-stm32.12.3.rel1.win32_1.1.0.202410251130/tools/bin/../lib/gcc/arm-none-eabi/12.3.1/../../../../arm-none-eabi/lib/thumb/v7-m/nofp\libc_nano.a(libc_a-init.o)
