../Drivers/CMSIS/Include/core_cm3.h:1762:34:__NVIC_SystemReset	4	static,ignoring_inline_asm
../Core/Src/main.c:115:6:LCD_SendInternal	32	static
../Core/Src/main.c:130:6:LCD_SendCmd	16	static
../Core/Src/main.c:135:6:LCD_SendData	16	static
../Core/Src/main.c:140:6:LCD_Init	8	static
../Core/Src/main.c:165:6:LCD_SetCursor	24	static
../Core/Src/main.c:191:6:LCD_Print	16	static
../Core/Src/main.c:199:6:LCD_Clear	8	static
../Core/Src/main.c:205:6:LCD_PrintStatus	16	static
../Core/Src/main.c:224:5:main	56	static
../Core/Src/main.c:312:6:SystemClock_Config	80	static
../Core/Src/main.c:351:6:LD2Flip	8	static
../Core/Src/main.c:367:6:SetBootFlag	16	static
../Core/Src/main.c:380:6:SendFirmwareStartedMessage	8	static
../Core/Src/main.c:399:6:NVIC_Config	8	static
../Core/Src/main.c:405:6:ProcessFirmwareSizeMessage	16	static
../Core/Src/main.c:418:6:HAL_CAN_RxFifo0MsgPendingCallback	56	static
../Core/Src/main.c:447:6:EraseFlashMemory	32	static
../Core/Src/main.c:469:6:StartFirmwareUpdate	8	static
../Core/Src/main.c:487:6:SendInactivePartitionAddress	16	static
../Core/Src/main.c:511:6:SendUpdateState	8	static
../Core/Src/main.c:533:9:MessageBufferIsFull	4	static
../Core/Src/main.c:538:9:MessageBufferIsEmpty	4	static
../Core/Src/main.c:543:6:MessageBufferPut	24	static
../Core/Src/main.c:553:6:MessageBufferGet	24	static
../Core/Src/main.c:563:6:FirmwareUpdateStateMachine	64	static
../Core/Src/main.c:653:6:Error_Handler	8	static,ignoring_inline_asm
